Archive member included to satisfy reference by file (symbol)

c:/program files (x86)/atmel/studio/7.0/toolchain/avr8/avr8-gnu-toolchain/bin/../lib/gcc/avr/4.9.2/avr51\libgcc.a(_exit.o)
                              c:/program files (x86)/atmel/studio/7.0/toolchain/avr8/avr8-gnu-toolchain/bin/../lib/gcc/avr/4.9.2/../../../../avr/lib/avr51/crtat90usb1286.o (exit)
c:/program files (x86)/atmel/studio/7.0/toolchain/avr8/avr8-gnu-toolchain/bin/../lib/gcc/avr/4.9.2/avr51\libgcc.a(_copy_data.o)
                              BootloaderMassStorage.o (__do_copy_data)
c:/program files (x86)/atmel/studio/7.0/toolchain/avr8/avr8-gnu-toolchain/bin/../lib/gcc/avr/4.9.2/avr51\libgcc.a(_clear_bss.o)
                              BootloaderMassStorage.o (__do_clear_bss)
c:/program files (x86)/atmel/studio/7.0/toolchain/avr8/avr8-gnu-toolchain/bin/../lib/gcc/avr/4.9.2/../../../../avr/lib/avr51\libc.a(memcpy_P.o)
                              src/LUFA/LUFA/Drivers/USB/Class/Device/RNDISClassDevice.o (memcpy_P)
c:/program files (x86)/atmel/studio/7.0/toolchain/avr8/avr8-gnu-toolchain/bin/../lib/gcc/avr/4.9.2/../../../../avr/lib/avr51\libc.a(strlen_P.o)
                              src/LUFA/LUFA/Drivers/USB/Class/Device/CDCClassDevice.o (__strlen_P)
c:/program files (x86)/atmel/studio/7.0/toolchain/avr8/avr8-gnu-toolchain/bin/../lib/gcc/avr/4.9.2/../../../../avr/lib/avr51\libc.a(memcmp.o)
                              src/LUFA/LUFA/Drivers/USB/Class/Device/HIDClassDevice.o (memcmp)
c:/program files (x86)/atmel/studio/7.0/toolchain/avr8/avr8-gnu-toolchain/bin/../lib/gcc/avr/4.9.2/../../../../avr/lib/avr51\libc.a(memcpy.o)
                              src/LUFA/LUFA/Drivers/USB/Class/Device/HIDClassDevice.o (memcpy)
c:/program files (x86)/atmel/studio/7.0/toolchain/avr8/avr8-gnu-toolchain/bin/../lib/gcc/avr/4.9.2/../../../../avr/lib/avr51\libc.a(memset.o)
                              src/LUFA/LUFA/Drivers/USB/Class/Device/HIDClassDevice.o (memset)
c:/program files (x86)/atmel/studio/7.0/toolchain/avr8/avr8-gnu-toolchain/bin/../lib/gcc/avr/4.9.2/../../../../avr/lib/avr51\libat90usb1286.a(eerd_byte.o)
                              src/LUFA/LUFA/Drivers/USB/Core/AVR8/EndpointStream_AVR8.o (eeprom_read_byte)
c:/program files (x86)/atmel/studio/7.0/toolchain/avr8/avr8-gnu-toolchain/bin/../lib/gcc/avr/4.9.2/../../../../avr/lib/avr51\libat90usb1286.a(eeupd_byte.o)
                              src/LUFA/LUFA/Drivers/USB/Core/AVR8/EndpointStream_AVR8.o (eeprom_update_byte)

Allocating common symbols
Common symbol       size              file

USB_IsInitialized   0x1               src/LUFA/LUFA/Drivers/USB/Core/USBTask.o
USB_Device_ConfigurationNumber
                    0x1               src/LUFA/LUFA/Drivers/USB/Core/DeviceStandardReq.o
USB_ControlRequest  0x8               src/LUFA/LUFA/Drivers/USB/Core/USBTask.o

Discarded input sections

 .data          0x00000000        0x0 c:/program files (x86)/atmel/studio/7.0/toolchain/avr8/avr8-gnu-toolchain/bin/../lib/gcc/avr/4.9.2/../../../../avr/lib/avr51/crtat90usb1286.o
 .bss           0x00000000        0x0 c:/program files (x86)/atmel/studio/7.0/toolchain/avr8/avr8-gnu-toolchain/bin/../lib/gcc/avr/4.9.2/../../../../avr/lib/avr51/crtat90usb1286.o
 .group         0x00000000        0x8 BootloaderAPI.o
 .group         0x00000000        0x8 BootloaderAPI.o
 .group         0x00000000        0x8 BootloaderAPI.o
 .group         0x00000000        0x8 BootloaderAPI.o
 .group         0x00000000        0x8 BootloaderAPI.o
 .group         0x00000000        0x8 BootloaderAPI.o
 .group         0x00000000        0x8 BootloaderAPI.o
 .group         0x00000000        0x8 BootloaderAPI.o
 .group         0x00000000        0x8 BootloaderAPI.o
 .group         0x00000000        0x8 BootloaderAPI.o
 .group         0x00000000        0x8 BootloaderAPI.o
 .group         0x00000000        0x8 BootloaderAPI.o
 .group         0x00000000        0x8 BootloaderAPI.o
 .group         0x00000000        0x8 BootloaderAPI.o
 .group         0x00000000        0x8 BootloaderAPI.o
 .group         0x00000000        0x8 BootloaderAPI.o
 .group         0x00000000        0x8 BootloaderAPI.o
 .group         0x00000000        0x8 BootloaderAPI.o
 .group         0x00000000        0x8 BootloaderAPI.o
 .group         0x00000000        0x8 BootloaderAPI.o
 .group         0x00000000        0x8 BootloaderAPI.o
 .group         0x00000000        0x8 BootloaderAPI.o
 .group         0x00000000        0x8 BootloaderAPI.o
 .group         0x00000000        0x8 BootloaderAPI.o
 .group         0x00000000        0x8 BootloaderAPI.o
 .group         0x00000000        0x8 BootloaderAPI.o
 .group         0x00000000        0x8 BootloaderAPI.o
 .group         0x00000000        0x8 BootloaderAPI.o
 .group         0x00000000        0x8 BootloaderAPI.o
 .group         0x00000000        0x8 BootloaderAPI.o
 .group         0x00000000        0x8 BootloaderAPI.o
[...]
Memory Configuration

Name             Origin             Length             Attributes
text             0x00000000         0x00020000         xr
data             0x00800100         0x0000ff00         rw !x
eeprom           0x00810000         0x00010000         rw !x
fuse             0x00820000         0x00000003         rw !x
lock             0x00830000         0x00000400         rw !x
signature        0x00840000         0x00000400         rw !x
user_signatures  0x00850000         0x00000400         rw !x
*default*        0x00000000         0xffffffff

Linker script and memory map

Address of section .data set to 0x800100
LOAD c:/program files (x86)/atmel/studio/7.0/toolchain/avr8/avr8-gnu-toolchain/bin/../lib/gcc/avr/4.9.2/../../../../avr/lib/avr51/crtat90usb1286.o
LOAD BootloaderAPI.o
LOAD BootloaderAPITable.o
LOAD BootloaderMassStorage.o
LOAD Descriptors.o
LOAD Lib/SCSI.o
LOAD Lib/VirtualFAT.o
LOAD src/LUFA/LUFA/Drivers/USB/Class/Common/HIDParser.o
LOAD src/LUFA/LUFA/Drivers/USB/Class/Device/AudioClassDevice.o
LOAD src/LUFA/LUFA/Drivers/USB/Class/Device/CDCClassDevice.o
LOAD src/LUFA/LUFA/Drivers/USB/Class/Device/HIDClassDevice.o
LOAD src/LUFA/LUFA/Drivers/USB/Class/Device/MassStorageClassDevice.o
LOAD src/LUFA/LUFA/Drivers/USB/Class/Device/MIDIClassDevice.o
LOAD src/LUFA/LUFA/Drivers/USB/Class/Device/PrinterClassDevice.o
LOAD src/LUFA/LUFA/Drivers/USB/Class/Device/RNDISClassDevice.o
LOAD src/LUFA/LUFA/Drivers/USB/Class/Host/AndroidAccessoryClassHost.o
LOAD src/LUFA/LUFA/Drivers/USB/Class/Host/AudioClassHost.o
LOAD src/LUFA/LUFA/Drivers/USB/Class/Host/CDCClassHost.o
LOAD src/LUFA/LUFA/Drivers/USB/Class/Host/HIDClassHost.o
LOAD src/LUFA/LUFA/Drivers/USB/Class/Host/MassStorageClassHost.o
LOAD src/LUFA/LUFA/Drivers/USB/Class/Host/MIDIClassHost.o
LOAD src/LUFA/LUFA/Drivers/USB/Class/Host/PrinterClassHost.o
LOAD src/LUFA/LUFA/Drivers/USB/Class/Host/RNDISClassHost.o
LOAD src/LUFA/LUFA/Drivers/USB/Class/Host/StillImageClassHost.o
LOAD src/LUFA/LUFA/Drivers/USB/Core/AVR8/Device_AVR8.o
LOAD src/LUFA/LUFA/Drivers/USB/Core/AVR8/EndpointStream_AVR8.o
LOAD src/LUFA/LUFA/Drivers/USB/Core/AVR8/Endpoint_AVR8.o
LOAD src/LUFA/LUFA/Drivers/USB/Core/AVR8/Host_AVR8.o
LOAD src/LUFA/LUFA/Drivers/USB/Core/AVR8/PipeStream_AVR8.o
LOAD src/LUFA/LUFA/Drivers/USB/Core/AVR8/Pipe_AVR8.o
LOAD src/LUFA/LUFA/Drivers/USB/Core/AVR8/Template/Template_Endpoint_Control_R.o
LOAD src/LUFA/LUFA/Drivers/USB/Core/AVR8/Template/Template_Endpoint_Control_W.o
LOAD src/LUFA/LUFA/Drivers/USB/Core/AVR8/Template/Template_Endpoint_RW.o
LOAD src/LUFA/LUFA/Drivers/USB/Core/AVR8/Template/Template_Pipe_RW.o
LOAD src/LUFA/LUFA/Drivers/USB/Core/AVR8/USBController_AVR8.o
LOAD src/LUFA/LUFA/Drivers/USB/Core/AVR8/USBInterrupt_AVR8.o
LOAD src/LUFA/LUFA/Drivers/USB/Core/ConfigDescriptors.o
LOAD src/LUFA/LUFA/Drivers/USB/Core/DeviceStandardReq.o
LOAD src/LUFA/LUFA/Drivers/USB/Core/Events.o
LOAD src/LUFA/LUFA/Drivers/USB/Core/HostStandardReq.o
LOAD src/LUFA/LUFA/Drivers/USB/Core/USBTask.o
START GROUP
LOAD c:/program files (x86)/atmel/studio/7.0/toolchain/avr8/avr8-gnu-toolchain/bin/../lib/gcc/avr/4.9.2/../../../../avr/lib/avr51\libm.a
END GROUP
Address of section .apitable_jumptable set to 0x1ffe0
Address of section .apitable_signatures set to 0x1fff8
Address of section .apitable_trampolines set to 0x1ffa0
Address of section .text set to 0x1e000
START GROUP
LOAD c:/program files (x86)/atmel/studio/7.0/toolchain/avr8/avr8-gnu-toolchain/bin/../lib/gcc/avr/4.9.2/avr51\libgcc.a
LOAD c:/program files (x86)/atmel/studio/7.0/toolchain/avr8/avr8-gnu-toolchain/bin/../lib/gcc/avr/4.9.2/../../../../avr/lib/avr51\libm.a
LOAD c:/program files (x86)/atmel/studio/7.0/toolchain/avr8/avr8-gnu-toolchain/bin/../lib/gcc/avr/4.9.2/../../../../avr/lib/avr51\libc.a
LOAD c:/program files (x86)/atmel/studio/7.0/toolchain/avr8/avr8-gnu-toolchain/bin/../lib/gcc/avr/4.9.2/../../../../avr/lib/avr51\libat90usb1286.a
END GROUP
                0x00020000                __TEXT_REGION_LENGTH__ = DEFINED (__TEXT_REGION_LENGTH__)?__TEXT_REGION_LENGTH__:0x20000
                0x0000ff00                __DATA_REGION_LENGTH__ = DEFINED (__DATA_REGION_LENGTH__)?__DATA_REGION_LENGTH__:0xff00
                0x00010000                __EEPROM_REGION_LENGTH__ = DEFINED (__EEPROM_REGION_LENGTH__)?__EEPROM_REGION_LENGTH__:0x10000
                [0x00000003]                __FUSE_REGION_LENGTH__ = DEFINED (__FUSE_REGION_LENGTH__)?__FUSE_REGION_LENGTH__:0x400
                0x00000400                __LOCK_REGION_LENGTH__ = DEFINED (__LOCK_REGION_LENGTH__)?__LOCK_REGION_LENGTH__:0x400
                0x00000400                __SIGNATURE_REGION_LENGTH__ = DEFINED (__SIGNATURE_REGION_LENGTH__)?__SIGNATURE_REGION_LENGTH__:0x400
                0x00000400                __USER_SIGNATURE_REGION_LENGTH__ = DEFINED (__USER_SIGNATURE_REGION_LENGTH__)?__USER_SIGNATURE_REGION_LENGTH__:0x400

.hash
 *(.hash)

.dynsym
 *(.dynsym)

.dynstr
 *(.dynstr)

.gnu.version
 *(.gnu.version)

.gnu.version_d
 *(.gnu.version_d)

.gnu.version_r
 *(.gnu.version_r)

.rel.init
 *(.rel.init)

.rela.init
 *(.rela.init)

.rel.text
 *(.rel.text)
 *(.rel.text.*)
 *(.rel.gnu.linkonce.t*)

.rela.text
 *(.rela.text)
 *(.rela.text.*)
 *(.rela.gnu.linkonce.t*)

.rel.fini
 *(.rel.fini)

.rela.fini
 *(.rela.fini)

.rel.rodata
 *(.rel.rodata)
 *(.rel.rodata.*)
 *(.rel.gnu.linkonce.r*)

.rela.rodata
 *(.rela.rodata)
 *(.rela.rodata.*)
 *(.rela.gnu.linkonce.r*)

.rel.data
 *(.rel.data)
 *(.rel.data.*)
 *(.rel.gnu.linkonce.d*)

.rela.data
 *(.rela.data)
 *(.rela.data.*)
 *(.rela.gnu.linkonce.d*)

.rel.ctors
 *(.rel.ctors)

.rela.ctors
 *(.rela.ctors)

.rel.dtors
 *(.rel.dtors)

.rela.dtors
 *(.rela.dtors)

.rel.got
 *(.rel.got)

.rela.got
 *(.rela.got)

.rel.bss
 *(.rel.bss)

.rela.bss
 *(.rela.bss)

.rel.plt
 *(.rel.plt)

.rela.plt
 *(.rela.plt)

.text           0x0001e000     0x1496
 *(.vectors)
 .vectors       0x0001e000       0x98 c:/program files (x86)/atmel/studio/7.0/toolchain/avr8/avr8-gnu-toolchain/bin/../lib/gcc/avr/4.9.2/../../../../avr/lib/avr51/crtat90usb1286.o
                0x0001e000                __vector_default
                0x0001e000                __vectors
 *(.vectors)
 *(.progmem.gcc*)
                0x0001e098                . = ALIGN (0x2)
                0x0001e098                __trampolines_start = .
 *(.trampolines)
 .trampolines   0x0001e098        0x0 linker stubs
 *(.trampolines*)
                0x0001e098                __trampolines_end = .
 *(.progmem*)
                0x0001e098                . = ALIGN (0x2)
 *(.jumptables)
 *(.jumptables*)
 *(.lowtext)
 *(.lowtext*)
                0x0001e098                __ctors_start = .
 *(.ctors)
                0x0001e098                __ctors_end = .
                0x0001e098                __dtors_start = .
 *(.dtors)
                0x0001e098                __dtors_end = .
 SORT(*)(.ctors)
 SORT(*)(.dtors)
 *(.init0)
 .init0         0x0001e098        0x0 c:/program files (x86)/atmel/studio/7.0/toolchain/avr8/avr8-gnu-toolchain/bin/../lib/gcc/avr/4.9.2/../../../../avr/lib/avr51/crtat90usb1286.o
                0x0001e098                __init
 *(.init0)
 *(.init1)
 *(.init1)
 *(.init2)
 .init2         0x0001e098        0xc c:/program files (x86)/atmel/studio/7.0/toolchain/avr8/avr8-gnu-toolchain/bin/../lib/gcc/avr/4.9.2/../../../../avr/lib/avr51/crtat90usb1286.o
 *(.init2)
 *(.init3)
 .init3         0x0001e0a4       0x4a BootloaderMassStorage.o
                0x0001e0a4                Application_Jump_Check
 *(.init3)
 *(.init4)
 .init4         0x0001e0ee       0x1a c:/program files (x86)/atmel/studio/7.0/toolchain/avr8/avr8-gnu-toolchain/bin/../lib/gcc/avr/4.9.2/avr51\libgcc.a(_copy_data.o)
                0x0001e0ee                __do_copy_data
 .init4         0x0001e108       0x10 c:/program files (x86)/atmel/studio/7.0/toolchain/avr8/avr8-gnu-toolchain/bin/../lib/gcc/avr/4.9.2/avr51\libgcc.a(_clear_bss.o)
                0x0001e108                __do_clear_bss
 *(.init4)
 *(.init5)
 *(.init5)
 *(.init6)
 *(.init6)
 *(.init7)
 *(.init7)
 *(.init8)
 *(.init8)
 *(.init9)
 .init9         0x0001e118        0x6 c:/program files (x86)/atmel/studio/7.0/toolchain/avr8/avr8-gnu-toolchain/bin/../lib/gcc/avr/4.9.2/../../../../avr/lib/avr51/crtat90usb1286.o
 *(.init9)
 *(.text)
 .text          0x0001e11e        0x2 c:/program files (x86)/atmel/studio/7.0/toolchain/avr8/avr8-gnu-toolchain/bin/../lib/gcc/avr/4.9.2/../../../../avr/lib/avr51/crtat90usb1286.o
                0x0001e11e                __vector_22
                0x0001e11e                __vector_28
                0x0001e11e                __vector_1
                0x0001e11e                __vector_32
                0x0001e11e                __vector_34
                0x0001e11e                __vector_24
                0x0001e11e                __vector_12
                0x0001e11e                __bad_interrupt
                0x0001e11e                __vector_6
                0x0001e11e                __vector_31
                0x0001e11e                __vector_35
                0x0001e11e                __vector_3
                0x0001e11e                __vector_23
                0x0001e11e                __vector_30
                0x0001e11e                __vector_25
                0x0001e11e                __vector_13
                0x0001e11e                __vector_17
                0x0001e11e                __vector_19
                0x0001e11e                __vector_7
                0x0001e11e                __vector_27
                0x0001e11e                __vector_5
                0x0001e11e                __vector_33
                0x0001e11e                __vector_37
                0x0001e11e                __vector_4
                0x0001e11e                __vector_9
                0x0001e11e                __vector_2
                0x0001e11e                __vector_21
                0x0001e11e                __vector_15
                0x0001e11e                __vector_36
                0x0001e11e                __vector_29
                0x0001e11e                __vector_8
                0x0001e11e                __vector_26
                0x0001e11e                __vector_14
                0x0001e11e                __vector_16
                0x0001e11e                __vector_18
                0x0001e11e                __vector_20
                0x0001e120                . = ALIGN (0x2)
 *(.text.*)
 .text.BootloaderAPI_ErasePage
                0x0001e120       0x28 BootloaderAPI.o
                0x0001e120                BootloaderAPI_ErasePage
 .text.BootloaderAPI_WritePage
                0x0001e148       0x28 BootloaderAPI.o
                0x0001e148                BootloaderAPI_WritePage
 .text.BootloaderAPI_FillWord
                0x0001e170       0x1e BootloaderAPI.o
                0x0001e170                BootloaderAPI_FillWord
 .text.BootloaderAPI_ReadSignature
                0x0001e18e        0xc BootloaderAPI.o
                0x0001e18e                BootloaderAPI_ReadSignature
 .text.BootloaderAPI_ReadFuse
                0x0001e19a        0xc BootloaderAPI.o
                0x0001e19a                BootloaderAPI_ReadFuse
 .text.BootloaderAPI_ReadLock
                0x0001e1a6        0xe BootloaderAPI.o
                0x0001e1a6                BootloaderAPI_ReadLock
 .text.BootloaderAPI_WriteLock
                0x0001e1b4       0x1c BootloaderAPI.o
                0x0001e1b4                BootloaderAPI_WriteLock
 .text.main     0x0001e1d0       0x7e BootloaderMassStorage.o
                0x0001e1d0                main
 .text.EVENT_USB_Device_Connect
                0x0001e24e        0x2 BootloaderMassStorage.o
                0x0001e24e                EVENT_USB_Device_Connect
 .text.EVENT_USB_Device_Disconnect
                0x0001e250        0x2 BootloaderMassStorage.o
                0x0001e250                EVENT_USB_Device_Disconnect
 .text.EVENT_USB_Device_ConfigurationChanged
                0x0001e252        0x8 BootloaderMassStorage.o
                0x0001e252                EVENT_USB_Device_ConfigurationChanged
 .text.EVENT_USB_Device_ControlRequest
                0x0001e25a        0x8 BootloaderMassStorage.o
                0x0001e25a                EVENT_USB_Device_ControlRequest
 .text.CALLBACK_MS_Device_SCSICommandReceived
                0x0001e262        0x8 BootloaderMassStorage.o
                0x0001e262                CALLBACK_MS_Device_SCSICommandReceived
 .text.CALLBACK_USB_GetDescriptor
                0x0001e26a       0x2c Descriptors.o
                0x0001e26a                CALLBACK_USB_GetDescriptor
 .text.SCSI_Command_ReadWrite_10
                0x0001e296       0xb4 Lib/SCSI.o
 .text.SCSI_DecodeSCSICommand
                0x0001e34a      0x1f6 Lib/SCSI.o
                0x0001e34a                SCSI_DecodeSCSICommand
 .text.VirtualFAT_WriteBlock
                0x0001e540      0x126 Lib/VirtualFAT.o
                0x0001e540                VirtualFAT_WriteBlock
 .text.VirtualFAT_ReadBlock
                0x0001e666       0xae Lib/VirtualFAT.o
                0x0001e666                VirtualFAT_ReadBlock
 .text.MS_Device_ProcessControlRequest
                0x0001e714       0x7a src/LUFA/LUFA/Drivers/USB/Class/Device/MassStorageClassDevice.o
                0x0001e714                MS_Device_ProcessControlRequest
 .text.MS_Device_ConfigureEndpoints
                0x0001e78e       0x34 src/LUFA/LUFA/Drivers/USB/Class/Device/MassStorageClassDevice.o
                0x0001e78e                MS_Device_ConfigureEndpoints
 .text.MS_Device_USBTask
                0x0001e7c2      0x266 src/LUFA/LUFA/Drivers/USB/Class/Device/MassStorageClassDevice.o
                0x0001e7c2                MS_Device_USBTask
 .text.Endpoint_Null_Stream
                0x0001ea28       0x9e src/LUFA/LUFA/Drivers/USB/Core/AVR8/EndpointStream_AVR8.o
                0x0001ea28                Endpoint_Null_Stream
 .text.Endpoint_Write_Stream_LE
                0x0001eac6       0xb8 src/LUFA/LUFA/Drivers/USB/Core/AVR8/EndpointStream_AVR8.o
                0x0001eac6                Endpoint_Write_Stream_LE
 .text.Endpoint_Read_Stream_LE
                0x0001eb7e       0xb8 src/LUFA/LUFA/Drivers/USB/Core/AVR8/EndpointStream_AVR8.o
                0x0001eb7e                Endpoint_Read_Stream_LE
 .text.Endpoint_Write_Control_Stream_LE
                0x0001ec36       0xfa src/LUFA/LUFA/Drivers/USB/Core/AVR8/EndpointStream_AVR8.o
                0x0001ec36                Endpoint_Write_Control_Stream_LE
 .text.Endpoint_ConfigureEndpoint_Prv
                0x0001ed30       0x28 src/LUFA/LUFA/Drivers/USB/Core/AVR8/Endpoint_AVR8.o
                0x0001ed30                Endpoint_ConfigureEndpoint_Prv
 .text.Endpoint_ConfigureEndpointTable
                0x0001ed58       0xcc src/LUFA/LUFA/Drivers/USB/Core/AVR8/Endpoint_AVR8.o
                0x0001ed58                Endpoint_ConfigureEndpointTable
 .text.Endpoint_ClearStatusStage
                0x0001ee24       0x44 src/LUFA/LUFA/Drivers/USB/Core/AVR8/Endpoint_AVR8.o
                0x0001ee24                Endpoint_ClearStatusStage
 .text.Endpoint_WaitUntilReady
                0x0001ee68       0x80 src/LUFA/LUFA/Drivers/USB/Core/AVR8/Endpoint_AVR8.o
                0x0001ee68                Endpoint_WaitUntilReady
 .text.USB_ResetInterface
                0x0001eee8       0x80 src/LUFA/LUFA/Drivers/USB/Core/AVR8/USBController_AVR8.o
                0x0001eee8                USB_ResetInterface
 .text.USB_Init
                0x0001ef68       0x1e src/LUFA/LUFA/Drivers/USB/Core/AVR8/USBController_AVR8.o
                0x0001ef68                USB_Init
 .text.USB_INT_DisableAllInterrupts
                0x0001ef86       0x10 src/LUFA/LUFA/Drivers/USB/Core/AVR8/USBInterrupt_AVR8.o
                0x0001ef86                USB_INT_DisableAllInterrupts
 .text.USB_INT_ClearAllInterrupts
                0x0001ef96        0xa src/LUFA/LUFA/Drivers/USB/Core/AVR8/USBInterrupt_AVR8.o
                0x0001ef96                USB_INT_ClearAllInterrupts
 .text.__vector_10
                0x0001efa0      0x16a src/LUFA/LUFA/Drivers/USB/Core/AVR8/USBInterrupt_AVR8.o
                0x0001efa0                __vector_10
 .text.__vector_11
                0x0001f10a       0xa8 src/LUFA/LUFA/Drivers/USB/Core/AVR8/USBInterrupt_AVR8.o
                0x0001f10a                __vector_11
 .text.USB_Device_ProcessControlRequest
                0x0001f1b2      0x2ac src/LUFA/LUFA/Drivers/USB/Core/DeviceStandardReq.o
                0x0001f1b2                USB_Device_ProcessControlRequest
 .text.USB_Event_Stub
                0x0001f45e        0x2 src/LUFA/LUFA/Drivers/USB/Core/Events.o
                0x0001f45e                USB_Event_Stub
                0x0001f45e                EVENT_USB_Device_Suspend
                0x0001f45e                EVENT_USB_Device_StartOfFrame
                0x0001f45e                EVENT_USB_Device_Reset
                0x0001f45e                EVENT_USB_Device_WakeUp
 .text.USB_USBTask
                0x0001f460       0x32 src/LUFA/LUFA/Drivers/USB/Core/USBTask.o
                0x0001f460                USB_USBTask
                0x0001f492                . = ALIGN (0x2)
 *(.fini9)
 .fini9         0x0001f492        0x0 c:/program files (x86)/atmel/studio/7.0/toolchain/avr8/avr8-gnu-toolchain/bin/../lib/gcc/avr/4.9.2/avr51\libgcc.a(_exit.o)
                0x0001f492                _exit
                0x0001f492                exit
 *(.fini9)
 *(.fini8)
 *(.fini8)
 *(.fini7)
 *(.fini7)
 *(.fini6)
 *(.fini6)
 *(.fini5)
 *(.fini5)
 *(.fini4)
 *(.fini4)
 *(.fini3)
 *(.fini3)
 *(.fini2)
 *(.fini2)
 *(.fini1)
 *(.fini1)
 *(.fini0)
 .fini0         0x0001f492        0x4 c:/program files (x86)/atmel/studio/7.0/toolchain/avr8/avr8-gnu-toolchain/bin/../lib/gcc/avr/4.9.2/avr51\libgcc.a(_exit.o)
 *(.fini0)
                0x0001f496                _etext = .

.data           0x00800100      0x100 load address 0x0001f496
                0x00800100                PROVIDE (__data_start, .)
 *(.data)
 *(.data*)
 .data.RunBootloader
                0x00800100        0x1 BootloaderMassStorage.o
                0x00800100                RunBootloader
 .data.Disk_MS_Interface
                0x00800101       0x39 BootloaderMassStorage.o
                0x00800101                Disk_MS_Interface
 .data.SenseData
                0x0080013a       0x12 Lib/SCSI.o
 .data.FirmwareFileEntries
                0x0080014c       0x20 Lib/VirtualFAT.o
 *(.rodata)
 *(.rodata*)
 .rodata.ConfigurationDescriptor
                0x0080016c       0x20 Descriptors.o
                0x0080016c                ConfigurationDescriptor
 .rodata.DeviceDescriptor
                0x0080018c       0x12 Descriptors.o
                0x0080018c                DeviceDescriptor
 .rodata.InquiryData
                0x0080019e       0x24 Lib/SCSI.o
 .rodata.BootBlock
                0x008001c2       0x3e Lib/VirtualFAT.o
 *(.gnu.linkonce.d*)
                0x00800200                . = ALIGN (0x2)
                0x00800200                _edata = .
                0x00800200                PROVIDE (__data_end, .)

.bss            0x00800200        0xb
                0x00800200                PROVIDE (__bss_start, .)
 *(.bss)
 *(.bss*)
 .bss.TicksSinceLastCommand
                0x00800200        0x1 BootloaderMassStorage.o
 *(COMMON)
 COMMON         0x00800201        0x1 src/LUFA/LUFA/Drivers/USB/Core/DeviceStandardReq.o
                0x00800201                USB_Device_ConfigurationNumber
 COMMON         0x00800202        0x9 src/LUFA/LUFA/Drivers/USB/Core/USBTask.o
                0x00800202                USB_IsInitialized
                0x00800203                USB_ControlRequest
                0x0080020b                PROVIDE (__bss_end, .)
                0x0001f496                __data_load_start = LOADADDR (.data)
                0x0001f596                __data_load_end = (__data_load_start + SIZEOF (.data))

.noinit         0x0080020b        0x0
                [!provide]                PROVIDE (__noinit_start, .)
 *(.noinit*)
                [!provide]                PROVIDE (__noinit_end, .)
                0x0080020b                _end = .
                [!provide]                PROVIDE (__heap_start, .)

.eeprom         0x00810000        0x0
 *(.eeprom*)
                0x00810000                __eeprom_end = .

.fuse
 *(.fuse)
 *(.lfuse)
 *(.hfuse)
 *(.efuse)

.lock
 *(.lock*)

.signature
 *(.signature*)

.user_signatures
 *(.user_signatures*)

.stab
 *(.stab)

.stabstr
 *(.stabstr)

.stab.excl
 *(.stab.excl)

.stab.exclstr
 *(.stab.exclstr)

.stab.index
 *(.stab.index)

.stab.indexstr
 *(.stab.indexstr)

.comment        0x00000000       0x30
 *(.comment)
 .comment       0x00000000       0x30 BootloaderAPI.o
                                 0x31 (size before relaxing)
 .comment       0x00000030       0x31 BootloaderMassStorage.o
 .comment       0x00000030       0x31 Descriptors.o
 .comment       0x00000030       0x31 Lib/SCSI.o
 .comment       0x00000030       0x31 Lib/VirtualFAT.o
 .comment       0x00000030       0x31 src/LUFA/LUFA/Drivers/USB/Class/Device/MassStorageClassDevice.o
 .comment       0x00000030       0x31 src/LUFA/LUFA/Drivers/USB/Core/AVR8/EndpointStream_AVR8.o
 .comment       0x00000030       0x31 src/LUFA/LUFA/Drivers/USB/Core/AVR8/Endpoint_AVR8.o
 .comment       0x00000030       0x31 src/LUFA/LUFA/Drivers/USB/Core/AVR8/USBController_AVR8.o
 .comment       0x00000030       0x31 src/LUFA/LUFA/Drivers/USB/Core/AVR8/USBInterrupt_AVR8.o
 .comment       0x00000030       0x31 src/LUFA/LUFA/Drivers/USB/Core/DeviceStandardReq.o
 .comment       0x00000030       0x31 src/LUFA/LUFA/Drivers/USB/Core/Events.o
 .comment       0x00000030       0x31 src/LUFA/LUFA/Drivers/USB/Core/USBTask.o

.note.gnu.avr.deviceinfo
                0x00000000       0x40
 .note.gnu.avr.deviceinfo
                0x00000000       0x40 c:/program files (x86)/atmel/studio/7.0/toolchain/avr8/avr8-gnu-toolchain/bin/../lib/gcc/avr/4.9.2/../../../../avr/lib/avr51/crtat90usb1286.o

.note.gnu.build-id
 *(.note.gnu.build-id)

.debug
 *(.debug)

.line
 *(.line)

.debug_srcinfo
 *(.debug_srcinfo)

.debug_sfnames
 *(.debug_sfnames)

.debug_aranges  0x00000000      0x338
 *(.debug_aranges)
 .debug_aranges
                0x00000000       0x50 BootloaderAPI.o
 .debug_aranges
                0x00000050       0x28 BootloaderAPITable.o
 .debug_aranges
                0x00000078       0x50 BootloaderMassStorage.o
 .debug_aranges
                0x000000c8       0x20 Descriptors.o
 .debug_aranges
                0x000000e8       0x28 Lib/SCSI.o
 .debug_aranges
                0x00000110       0x28 Lib/VirtualFAT.o
 .debug_aranges
                0x00000138       0x30 src/LUFA/LUFA/Drivers/USB/Class/Device/MassStorageClassDevice.o
 .debug_aranges
                0x00000168       0xc8 src/LUFA/LUFA/Drivers/USB/Core/AVR8/EndpointStream_AVR8.o
 .debug_aranges
                0x00000230       0x40 src/LUFA/LUFA/Drivers/USB/Core/AVR8/Endpoint_AVR8.o
 .debug_aranges
                0x00000270       0x30 src/LUFA/LUFA/Drivers/USB/Core/AVR8/USBController_AVR8.o
 .debug_aranges
                0x000002a0       0x38 src/LUFA/LUFA/Drivers/USB/Core/AVR8/USBInterrupt_AVR8.o
 .debug_aranges
                0x000002d8       0x20 src/LUFA/LUFA/Drivers/USB/Core/DeviceStandardReq.o
 .debug_aranges
                0x000002f8       0x20 src/LUFA/LUFA/Drivers/USB/Core/Events.o
 .debug_aranges
                0x00000318       0x20 src/LUFA/LUFA/Drivers/USB/Core/USBTask.o

.debug_pubnames
 *(.debug_pubnames)

.debug_info     0x00000000     0x6abe
 *(.debug_info .gnu.linkonce.wi.*)
 .debug_info    0x00000000      0x995 c:/program files (x86)/atmel/studio/7.0/toolchain/avr8/avr8-gnu-toolchain/bin/../lib/gcc/avr/4.9.2/../../../../avr/lib/avr51/crtat90usb1286.o
 .debug_info    0x00000995      0x244 BootloaderAPI.o
 .debug_info    0x00000bd9       0x7e BootloaderAPITable.o
 .debug_info    0x00000c57      0x659 BootloaderMassStorage.o
 .debug_info    0x000012b0      0x4e3 Descriptors.o
 .debug_info    0x00001793      0xb26 Lib/SCSI.o
 .debug_info    0x000022b9      0x86e Lib/VirtualFAT.o
 .debug_info    0x00002b27      0x958 src/LUFA/LUFA/Drivers/USB/Class/Device/MassStorageClassDevice.o
 .debug_info    0x0000347f     0x17b4 src/LUFA/LUFA/Drivers/USB/Core/AVR8/EndpointStream_AVR8.o
 .debug_info    0x00004c33      0x58a src/LUFA/LUFA/Drivers/USB/Core/AVR8/Endpoint_AVR8.o
 .debug_info    0x000051bd      0x4a2 src/LUFA/LUFA/Drivers/USB/Core/AVR8/USBController_AVR8.o
 .debug_info    0x0000565f      0x752 src/LUFA/LUFA/Drivers/USB/Core/AVR8/USBInterrupt_AVR8.o
 .debug_info    0x00005db1      0xa39 src/LUFA/LUFA/Drivers/USB/Core/DeviceStandardReq.o
 .debug_info    0x000067ea       0x7c src/LUFA/LUFA/Drivers/USB/Core/Events.o
 .debug_info    0x00006866      0x258 src/LUFA/LUFA/Drivers/USB/Core/USBTask.o

.debug_abbrev   0x00000000     0x21c3
 *(.debug_abbrev)
 .debug_abbrev  0x00000000      0x910 c:/program files (x86)/atmel/studio/7.0/toolchain/avr8/avr8-gnu-toolchain/bin/../lib/gcc/avr/4.9.2/../../../../avr/lib/avr51/crtat90usb1286.o
 .debug_abbrev  0x00000910       0xbe BootloaderAPI.o
 .debug_abbrev  0x000009ce       0x12 BootloaderAPITable.o
 .debug_abbrev  0x000009e0      0x2ad BootloaderMassStorage.o
 .debug_abbrev  0x00000c8d      0x117 Descriptors.o
 .debug_abbrev  0x00000da4      0x2ce Lib/SCSI.o
 .debug_abbrev  0x00001072      0x23c Lib/VirtualFAT.o
 .debug_abbrev  0x000012ae      0x297 src/LUFA/LUFA/Drivers/USB/Class/Device/MassStorageClassDevice.o
 .debug_abbrev  0x00001545      0x200 src/LUFA/LUFA/Drivers/USB/Core/AVR8/EndpointStream_AVR8.o
 .debug_abbrev  0x00001745      0x231 src/LUFA/LUFA/Drivers/USB/Core/AVR8/Endpoint_AVR8.o
 .debug_abbrev  0x00001976      0x18b src/LUFA/LUFA/Drivers/USB/Core/AVR8/USBController_AVR8.o
 .debug_abbrev  0x00001b01      0x23a src/LUFA/LUFA/Drivers/USB/Core/AVR8/USBInterrupt_AVR8.o
 .debug_abbrev  0x00001d3b      0x2d6 src/LUFA/LUFA/Drivers/USB/Core/DeviceStandardReq.o
 .debug_abbrev  0x00002011       0x47 src/LUFA/LUFA/Drivers/USB/Core/Events.o
 .debug_abbrev  0x00002058      0x16b src/LUFA/LUFA/Drivers/USB/Core/USBTask.o

.debug_line     0x00000000     0xa101
 *(.debug_line .debug_line.* .debug_line_end)
 .debug_line    0x00000000       0x1a c:/program files (x86)/atmel/studio/7.0/toolchain/avr8/avr8-gnu-toolchain/bin/../lib/gcc/avr/4.9.2/../../../../avr/lib/avr51/crtat90usb1286.o
 .debug_line    0x0000001a      0x527 BootloaderAPI.o
 .debug_line    0x00000541       0xdc BootloaderAPITable.o
 .debug_line    0x0000061d      0xed0 BootloaderMassStorage.o
 .debug_line    0x000014ed      0xc74 Descriptors.o
 .debug_line    0x00002161      0xec6 Lib/SCSI.o
 .debug_line    0x00003027      0xd10 Lib/VirtualFAT.o
 .debug_line    0x00003d37     0x1085 src/LUFA/LUFA/Drivers/USB/Class/Device/MassStorageClassDevice.o
 .debug_line    0x00004dbc     0x1e31 src/LUFA/LUFA/Drivers/USB/Core/AVR8/EndpointStream_AVR8.o
 .debug_line    0x00006bed      0xb70 src/LUFA/LUFA/Drivers/USB/Core/AVR8/Endpoint_AVR8.o
 .debug_line    0x0000775d      0x88b src/LUFA/LUFA/Drivers/USB/Core/AVR8/USBController_AVR8.o
 .debug_line    0x00007fe8      0xb03 src/LUFA/LUFA/Drivers/USB/Core/AVR8/USBInterrupt_AVR8.o
 .debug_line    0x00008aeb      0xa24 src/LUFA/LUFA/Drivers/USB/Core/DeviceStandardReq.o
 .debug_line    0x0000950f      0x439 src/LUFA/LUFA/Drivers/USB/Core/Events.o
 .debug_line    0x00009948      0x7b9 src/LUFA/LUFA/Drivers/USB/Core/USBTask.o

.debug_frame    0x00000000      0xb38
 *(.debug_frame)
 .debug_frame   0x00000000       0x84 BootloaderAPI.o
 .debug_frame   0x00000084       0x84 BootloaderMassStorage.o
 .debug_frame   0x00000108       0x24 Descriptors.o
 .debug_frame   0x0000012c       0x84 Lib/SCSI.o
 .debug_frame   0x000001b0       0xa0 Lib/VirtualFAT.o
 .debug_frame   0x00000250       0x80 src/LUFA/LUFA/Drivers/USB/Class/Device/MassStorageClassDevice.o
 .debug_frame   0x000002d0      0x5c4 src/LUFA/LUFA/Drivers/USB/Core/AVR8/EndpointStream_AVR8.o
 .debug_frame   0x00000894       0xbc src/LUFA/LUFA/Drivers/USB/Core/AVR8/Endpoint_AVR8.o
 .debug_frame   0x00000950       0x58 src/LUFA/LUFA/Drivers/USB/Core/AVR8/USBController_AVR8.o
 .debug_frame   0x000009a8      0x100 src/LUFA/LUFA/Drivers/USB/Core/AVR8/USBInterrupt_AVR8.o
 .debug_frame   0x00000aa8       0x40 src/LUFA/LUFA/Drivers/USB/Core/DeviceStandardReq.o
 .debug_frame   0x00000ae8       0x24 src/LUFA/LUFA/Drivers/USB/Core/Events.o
 .debug_frame   0x00000b0c       0x2c src/LUFA/LUFA/Drivers/USB/Core/USBTask.o

.debug_str      0x00000000    0x1767b
 *(.debug_str)
 .debug_str     0x00000000      0x349 c:/program files (x86)/atmel/studio/7.0/toolchain/avr8/avr8-gnu-toolchain/bin/../lib/gcc/avr/4.9.2/../../../../avr/lib/avr51/crtat90usb1286.o
 .debug_str     0x00000349     0xd0b6 BootloaderAPI.o
                               0xd2f9 (size before relaxing)
 .debug_str     0x0000d3ff     0x7dde BootloaderMassStorage.o
                              0x1504c (size before relaxing)
 .debug_str     0x000151dd      0x525 Descriptors.o
                              0x14481 (size before relaxing)
 .debug_str     0x00015702      0x34d Lib/SCSI.o
                              0x14ec9 (size before relaxing)
 .debug_str     0x00015a4f      0x441 Lib/VirtualFAT.o
                              0x1479b (size before relaxing)
 .debug_str     0x00015e90      0x44a src/LUFA/LUFA/Drivers/USB/Class/Device/MassStorageClassDevice.o
                              0x144d4 (size before relaxing)
 .debug_str     0x000162da      0x8ef src/LUFA/LUFA/Drivers/USB/Core/AVR8/EndpointStream_AVR8.o
                               0xea86 (size before relaxing)
 .debug_str     0x00016bc9      0x24c src/LUFA/LUFA/Drivers/USB/Core/AVR8/Endpoint_AVR8.o
                               0xe112 (size before relaxing)
 .debug_str     0x00016e15      0x25a src/LUFA/LUFA/Drivers/USB/Core/AVR8/USBController_AVR8.o
                               0xe056 (size before relaxing)
 .debug_str     0x0001706f      0x178 src/LUFA/LUFA/Drivers/USB/Core/AVR8/USBInterrupt_AVR8.o
                               0xe0d5 (size before relaxing)
 .debug_str     0x000171e7      0x3df src/LUFA/LUFA/Drivers/USB/Core/DeviceStandardReq.o
                               0xe4a5 (size before relaxing)
 .debug_str     0x000175c6       0x53 src/LUFA/LUFA/Drivers/USB/Core/Events.o
                               0xd299 (size before relaxing)
 .debug_str     0x00017619       0x62 src/LUFA/LUFA/Drivers/USB/Core/USBTask.o
                               0xdeb4 (size before relaxing)

.debug_loc      0x00000000     0x3feb
 *(.debug_loc)
 .debug_loc     0x00000000       0x92 BootloaderAPI.o
 .debug_loc     0x00000092       0x73 BootloaderMassStorage.o
 .debug_loc     0x00000105       0xaa Descriptors.o
 .debug_loc     0x000001af      0x5cc Lib/SCSI.o
 .debug_loc     0x0000077b      0x372 Lib/VirtualFAT.o
 .debug_loc     0x00000aed      0x2cd src/LUFA/LUFA/Drivers/USB/Class/Device/MassStorageClassDevice.o
 .debug_loc     0x00000dba     0x2708 src/LUFA/LUFA/Drivers/USB/Core/AVR8/EndpointStream_AVR8.o
 .debug_loc     0x000034c2      0x433 src/LUFA/LUFA/Drivers/USB/Core/AVR8/Endpoint_AVR8.o
 .debug_loc     0x000038f5       0x49 src/LUFA/LUFA/Drivers/USB/Core/AVR8/USBController_AVR8.o
 .debug_loc     0x0000393e      0x36f src/LUFA/LUFA/Drivers/USB/Core/AVR8/USBInterrupt_AVR8.o
 .debug_loc     0x00003cad      0x2f5 src/LUFA/LUFA/Drivers/USB/Core/DeviceStandardReq.o
 .debug_loc     0x00003fa2       0x49 src/LUFA/LUFA/Drivers/USB/Core/USBTask.o

.debug_macinfo
 *(.debug_macinfo)

.debug_weaknames
 *(.debug_weaknames)

.debug_funcnames
 *(.debug_funcnames)

.debug_typenames
 *(.debug_typenames)

.debug_varnames
 *(.debug_varnames)

.debug_pubtypes
 *(.debug_pubtypes)

.debug_ranges   0x00000000      0xc60
 *(.debug_ranges)
 .debug_ranges  0x00000000       0x40 BootloaderAPI.o
 .debug_ranges  0x00000040       0x20 BootloaderAPITable.o
 .debug_ranges  0x00000060       0x40 BootloaderMassStorage.o
 .debug_ranges  0x000000a0       0x10 Descriptors.o
 .debug_ranges  0x000000b0       0x30 Lib/SCSI.o
 .debug_ranges  0x000000e0       0x18 Lib/VirtualFAT.o
 .debug_ranges  0x000000f8       0x50 src/LUFA/LUFA/Drivers/USB/Class/Device/MassStorageClassDevice.o
 .debug_ranges  0x00000148      0x918 src/LUFA/LUFA/Drivers/USB/Core/AVR8/EndpointStream_AVR8.o
 .debug_ranges  0x00000a60      0x128 src/LUFA/LUFA/Drivers/USB/Core/AVR8/Endpoint_AVR8.o
 .debug_ranges  0x00000b88       0x20 src/LUFA/LUFA/Drivers/USB/Core/AVR8/USBController_AVR8.o
 .debug_ranges  0x00000ba8       0x40 src/LUFA/LUFA/Drivers/USB/Core/AVR8/USBInterrupt_AVR8.o
 .debug_ranges  0x00000be8       0x58 src/LUFA/LUFA/Drivers/USB/Core/DeviceStandardReq.o
 .debug_ranges  0x00000c40       0x10 src/LUFA/LUFA/Drivers/USB/Core/Events.o
 .debug_ranges  0x00000c50       0x10 src/LUFA/LUFA/Drivers/USB/Core/USBTask.o

.debug_macro    0x00000000     0x7d36
 *(.debug_macro)
 .debug_macro   0x00000000      0x188 BootloaderAPI.o
 .debug_macro   0x00000188      0xa90 BootloaderAPI.o
 .debug_macro   0x00000c18       0x10 BootloaderAPI.o
 .debug_macro   0x00000c28      0x1c9 BootloaderAPI.o
 .debug_macro   0x00000df1      0x2fc BootloaderAPI.o
 .debug_macro   0x000010ed       0x9e BootloaderAPI.o
 .debug_macro   0x0000118b     0x15d3 BootloaderAPI.o
 .debug_macro   0x0000275e      0x106 BootloaderAPI.o
 .debug_macro   0x00002864      0x1e0 BootloaderAPI.o
 .debug_macro   0x00002a44       0xcb BootloaderAPI.o
 .debug_macro   0x00002b0f       0x34 BootloaderAPI.o
 .debug_macro   0x00002b43       0x18 BootloaderAPI.o
 .debug_macro   0x00002b5b       0x6c BootloaderAPI.o
 .debug_macro   0x00002bc7      0x166 BootloaderAPI.o
 .debug_macro   0x00002d2d       0x39 BootloaderAPI.o
 .debug_macro   0x00002d66      0x10c BootloaderAPI.o
 .debug_macro   0x00002e72      0x160 BootloaderAPI.o
 .debug_macro   0x00002fd2       0x22 BootloaderAPI.o
 .debug_macro   0x00002ff4       0x10 BootloaderAPI.o
 .debug_macro   0x00003004       0x16 BootloaderAPI.o
 .debug_macro   0x0000301a       0x35 BootloaderAPI.o
 .debug_macro   0x0000304f       0x10 BootloaderAPI.o
 .debug_macro   0x0000305f       0x22 BootloaderAPI.o
 .debug_macro   0x00003081      0x1a0 BootloaderAPI.o
 .debug_macro   0x00003221       0x36 BootloaderAPI.o
 .debug_macro   0x00003257       0x1c BootloaderAPI.o
 .debug_macro   0x00003273       0x68 BootloaderAPI.o
 .debug_macro   0x000032db       0x4c BootloaderAPI.o
 .debug_macro   0x00003327       0x69 BootloaderAPI.o
 .debug_macro   0x00003390       0x10 BootloaderAPI.o
 .debug_macro   0x000033a0      0x175 BootloaderAPI.o
 .debug_macro   0x00003515      0x160 BootloaderAPI.o
 .debug_macro   0x00003675       0x10 BootloaderAPI.o
 .debug_macro   0x00003685       0x1c BootloaderAPI.o
 .debug_macro   0x000036a1       0x86 BootloaderAPI.o
 .debug_macro   0x00003727       0x3c BootloaderAPI.o
 .debug_macro   0x00003763      0x4de BootloaderMassStorage.o
 .debug_macro   0x00003c41       0x68 BootloaderMassStorage.o
 .debug_macro   0x00003ca9       0x9d BootloaderMassStorage.o
 .debug_macro   0x00003d46       0x97 BootloaderMassStorage.o
 .debug_macro   0x00003ddd       0x16 BootloaderMassStorage.o
 .debug_macro   0x00003df3       0x12 BootloaderMassStorage.o
 .debug_macro   0x00003e05       0x12 BootloaderMassStorage.o
 .debug_macro   0x00003e17       0xef BootloaderMassStorage.o
 .debug_macro   0x00003f06       0x2f BootloaderMassStorage.o
 .debug_macro   0x00003f35       0x33 BootloaderMassStorage.o
 .debug_macro   0x00003f68       0x19 BootloaderMassStorage.o
 .debug_macro   0x00003f81       0x4d BootloaderMassStorage.o
 .debug_macro   0x00003fce       0x73 BootloaderMassStorage.o
 .debug_macro   0x00004041       0x16 BootloaderMassStorage.o
 .debug_macro   0x00004057       0x12 BootloaderMassStorage.o
 .debug_macro   0x00004069       0x22 BootloaderMassStorage.o
 .debug_macro   0x0000408b       0x64 BootloaderMassStorage.o
 .debug_macro   0x000040ef       0x41 BootloaderMassStorage.o
 .debug_macro   0x00004130       0x12 BootloaderMassStorage.o
 .debug_macro   0x00004142       0x10 BootloaderMassStorage.o
 .debug_macro   0x00004152       0x1c BootloaderMassStorage.o
 .debug_macro   0x0000416e       0x16 BootloaderMassStorage.o
 .debug_macro   0x00004184       0x16 BootloaderMassStorage.o
 .debug_macro   0x0000419a      0x12c BootloaderMassStorage.o
 .debug_macro   0x000042c6       0x16 BootloaderMassStorage.o
 .debug_macro   0x000042dc       0x46 BootloaderMassStorage.o
 .debug_macro   0x00004322       0x58 BootloaderMassStorage.o
 .debug_macro   0x0000437a       0x10 BootloaderMassStorage.o
 .debug_macro   0x0000438a       0xf2 BootloaderMassStorage.o
 .debug_macro   0x0000447c       0x16 BootloaderMassStorage.o
 .debug_macro   0x00004492      0x154 BootloaderMassStorage.o
 .debug_macro   0x000045e6       0x2a BootloaderMassStorage.o
 .debug_macro   0x00004610      0x6ce BootloaderMassStorage.o
 .debug_macro   0x00004cde       0x16 BootloaderMassStorage.o
 .debug_macro   0x00004cf4      0x132 BootloaderMassStorage.o
 .debug_macro   0x00004e26       0x16 BootloaderMassStorage.o
 .debug_macro   0x00004e3c       0x10 BootloaderMassStorage.o
 .debug_macro   0x00004e4c       0x6c BootloaderMassStorage.o
 .debug_macro   0x00004eb8       0x16 BootloaderMassStorage.o
 .debug_macro   0x00004ece       0x1c BootloaderMassStorage.o
 .debug_macro   0x00004eea       0x16 BootloaderMassStorage.o
 .debug_macro   0x00004f00       0x10 BootloaderMassStorage.o
 .debug_macro   0x00004f10      0x1be BootloaderMassStorage.o
 .debug_macro   0x000050ce       0x16 BootloaderMassStorage.o
 .debug_macro   0x000050e4       0x16 BootloaderMassStorage.o
 .debug_macro   0x000050fa       0x84 BootloaderMassStorage.o
 .debug_macro   0x0000517e       0x1c BootloaderMassStorage.o
 .debug_macro   0x0000519a       0x22 BootloaderMassStorage.o
 .debug_macro   0x000051bc       0x2e BootloaderMassStorage.o
 .debug_macro   0x000051ea      0x45a Descriptors.o
 .debug_macro   0x00005644       0x89 Descriptors.o
 .debug_macro   0x000056cd       0xaa Descriptors.o
 .debug_macro   0x00005777      0x181 Descriptors.o
 .debug_macro   0x000058f8       0x20 Descriptors.o
 .debug_macro   0x00005918      0x4c3 Lib/SCSI.o
 .debug_macro   0x00005ddb      0x465 Lib/VirtualFAT.o
 .debug_macro   0x00006240      0x459 src/LUFA/LUFA/Drivers/USB/Class/Device/MassStorageClassDevice.o
 .debug_macro   0x00006699      0x12c src/LUFA/LUFA/Drivers/USB/Class/Device/MassStorageClassDevice.o
 .debug_macro   0x000067c5      0x61b src/LUFA/LUFA/Drivers/USB/Core/AVR8/EndpointStream_AVR8.o
 .debug_macro   0x00006de0       0x28 src/LUFA/LUFA/Drivers/USB/Core/AVR8/EndpointStream_AVR8.o
 .debug_macro   0x00006e08       0x1c src/LUFA/LUFA/Drivers/USB/Core/AVR8/EndpointStream_AVR8.o
 .debug_macro   0x00006e24       0x1c src/LUFA/LUFA/Drivers/USB/Core/AVR8/EndpointStream_AVR8.o
 .debug_macro   0x00006e40      0x2b2 src/LUFA/LUFA/Drivers/USB/Core/AVR8/Endpoint_AVR8.o
 .debug_macro   0x000070f2       0x10 src/LUFA/LUFA/Drivers/USB/Core/AVR8/Endpoint_AVR8.o
 .debug_macro   0x00007102      0x284 src/LUFA/LUFA/Drivers/USB/Core/AVR8/USBController_AVR8.o
 .debug_macro   0x00007386       0x79 src/LUFA/LUFA/Drivers/USB/Core/AVR8/USBController_AVR8.o
 .debug_macro   0x000073ff      0x28c src/LUFA/LUFA/Drivers/USB/Core/AVR8/USBInterrupt_AVR8.o
 .debug_macro   0x0000768b      0x28a src/LUFA/LUFA/Drivers/USB/Core/DeviceStandardReq.o
 .debug_macro   0x00007915      0x191 src/LUFA/LUFA/Drivers/USB/Core/Events.o
 .debug_macro   0x00007aa6      0x290 src/LUFA/LUFA/Drivers/USB/Core/USBTask.o
OUTPUT(Bootloader.elf elf32-avr)
LOAD linker stubs

.apitable_jumptable
                0x0001ffe0       0x18
 .apitable_jumptable
                0x0001ffe0       0x18 BootloaderAPITable.o
                0x0001ffe0                BootloaderAPI_JumpTable

.apitable_signatures
                0x0001fff8        0x8
 .apitable_signatures
                0x0001fff8        0x8 BootloaderAPITable.o
                0x0001fff8                BootloaderAPI_Signatures

.apitable_trampolines
                0x0001ffa0       0x26
 .apitable_trampolines
                0x0001ffa0       0x26 BootloaderAPITable.o
                0x0001ffa0                BootloaderAPI_Trampolines
