Archive member included to satisfy reference by file (symbol)

/home/igor/dev/toolchain-avr/bin/../lib/gcc/avr/4.9.2/avr51/libgcc.a(_mulsi3.o)
                              build/application/interface/pads/Getters.o (__mulsi3)
/home/igor/dev/toolchain-avr/bin/../lib/gcc/avr/4.9.2/avr51/libgcc.a(_udivmodqi4.o)
                              build/application/board/lcd/U8g2/src/clib/u8g2_selection_list.o (__udivmodqi4)
/home/igor/dev/toolchain-avr/bin/../lib/gcc/avr/4.9.2/avr51/libgcc.a(_divmodhi4.o)
                              build/application/board/lcd/U8g2/src/clib/u8g2_selection_list.o (__divmodhi4)
/home/igor/dev/toolchain-avr/bin/../lib/gcc/avr/4.9.2/avr51/libgcc.a(_udivmodsi4.o)
                              build/application/board/avr/uart/UART_MIDI_1.o (__udivmodsi4)
/home/igor/dev/toolchain-avr/bin/../lib/gcc/avr/4.9.2/avr51/libgcc.a(_divmodsi4.o)
                              build/application/interface/pads/Getters.o (__divmodsi4)
/home/igor/dev/toolchain-avr/bin/../lib/gcc/avr/4.9.2/avr51/libgcc.a(_negsi2.o)
                              /home/igor/dev/toolchain-avr/bin/../lib/gcc/avr/4.9.2/avr51/libgcc.a(_divmodsi4.o) (__negsi2)
/home/igor/dev/toolchain-avr/bin/../lib/gcc/avr/4.9.2/avr51/libgcc.a(_exit.o)
                              /home/igor/dev/toolchain-avr/bin/../lib/gcc/avr/4.9.2/../../../../avr/lib/avr51/crtat90usb1286.o (exit)
/home/igor/dev/toolchain-avr/bin/../lib/gcc/avr/4.9.2/avr51/libgcc.a(_copy_data.o)
                              build/application/board/Encoders.o (__do_copy_data)
/home/igor/dev/toolchain-avr/bin/../lib/gcc/avr/4.9.2/avr51/libgcc.a(_clear_bss.o)
                              build/modules/lufa/LUFA/Drivers/USB/Core/DeviceStandardReq.o (__do_clear_bss)
/home/igor/dev/toolchain-avr/bin/../lib/gcc/avr/4.9.2/avr51/libgcc.a(_ctors.o)
                              build/application/database/Database.o (__do_global_ctors)
/home/igor/dev/toolchain-avr/bin/../lib/gcc/avr/4.9.2/avr51/libgcc.a(_umulhisi3.o)
                              build/application/board/lcd/U8g2/src/clib/u8x8_u16toa.o (__umulhisi3)
/home/igor/dev/toolchain-avr/bin/../lib/gcc/avr/4.9.2/avr51/libgcc.a(_muluhisi3.o)
                              build/application/interface/pads/Getters.o (__muluhisi3)
/home/igor/dev/toolchain-avr/bin/../lib/gcc/avr/4.9.2/avr51/libgcc.a(_udivmodhi4.o)
                              /home/igor/dev/toolchain-avr/bin/../lib/gcc/avr/4.9.2/avr51/libgcc.a(_divmodhi4.o) (__udivmodhi4)
/home/igor/dev/toolchain-avr/bin/../lib/gcc/avr/4.9.2/avr51/libgcc.a(_tablejump2.o)
                              /home/igor/dev/toolchain-avr/bin/../lib/gcc/avr/4.9.2/avr51/libgcc.a(_ctors.o) (__tablejump2__)
/home/igor/dev/toolchain-avr/bin/../lib/gcc/avr/4.9.2/../../../../avr/lib/avr51/libc.a(strcat_P.o)
                              build/application/interface/lcd/message_builder/Text.o (strcat_P)
/home/igor/dev/toolchain-avr/bin/../lib/gcc/avr/4.9.2/../../../../avr/lib/avr51/libc.a(strlen_P.o)
                              build/application/interface/lcd/message_builder/Text.o (__strlen_P)
/home/igor/dev/toolchain-avr/bin/../lib/gcc/avr/4.9.2/../../../../avr/lib/avr51/libc.a(memset.o)
                              build/application/board/lcd/U8g2/src/clib/u8g2_buffer.o (memset)
/home/igor/dev/toolchain-avr/bin/../lib/gcc/avr/4.9.2/../../../../avr/lib/avr51/libc.a(strcat.o)
                              build/application/interface/lcd/message_builder/Text.o (strcat)
/home/igor/dev/toolchain-avr/bin/../lib/gcc/avr/4.9.2/../../../../avr/lib/avr51/libc.a(itoa_ncheck.o)
                              build/application/interface/lcd/message_builder/Text.o (__itoa_ncheck)
/home/igor/dev/toolchain-avr/bin/../lib/gcc/avr/4.9.2/../../../../avr/lib/avr51/libc.a(utoa_ncheck.o)
                              /home/igor/dev/toolchain-avr/bin/../lib/gcc/avr/4.9.2/../../../../avr/lib/avr51/libc.a(itoa_ncheck.o) (__utoa_common)
/home/igor/dev/toolchain-avr/bin/../lib/gcc/avr/4.9.2/../../../../avr/lib/avr51/libc.a(strrev.o)
                              /home/igor/dev/toolchain-avr/bin/../lib/gcc/avr/4.9.2/../../../../avr/lib/avr51/libc.a(utoa_ncheck.o) (strrev)
/home/igor/dev/toolchain-avr/bin/../lib/gcc/avr/4.9.2/../../../../avr/lib/avr51/libat90usb1286.a(eerd_byte.o)
                              build/modules/lufa/LUFA/Drivers/USB/Core/AVR8/EndpointStream_AVR8.o (eeprom_read_byte)
/home/igor/dev/toolchain-avr/bin/../lib/gcc/avr/4.9.2/../../../../avr/lib/avr51/libat90usb1286.a(eerd_dword.o)
                              build/application/database/Database.o (eeprom_read_dword)
/home/igor/dev/toolchain-avr/bin/../lib/gcc/avr/4.9.2/../../../../avr/lib/avr51/libat90usb1286.a(eerd_word.o)
                              build/application/board/Board.o (eeprom_read_word)
/home/igor/dev/toolchain-avr/bin/../lib/gcc/avr/4.9.2/../../../../avr/lib/avr51/libat90usb1286.a(eeupd_byte.o)
                              build/modules/lufa/LUFA/Drivers/USB/Core/AVR8/EndpointStream_AVR8.o (eeprom_update_byte)
[...]
Memory Configuration

Name             Origin             Length             Attributes
text             0x0000000000000000 0x0000000000020000 xr
data             0x0000000000800100 0x000000000000ff00 rw !x
eeprom           0x0000000000810000 0x0000000000010000 rw !x
fuse             0x0000000000820000 0x0000000000000003 rw !x
lock             0x0000000000830000 0x0000000000000400 rw !x
signature        0x0000000000840000 0x0000000000000400 rw !x
user_signatures  0x0000000000850000 0x0000000000000400 rw !x
*default*        0x0000000000000000 0xffffffffffffffff

Linker script and memory map

Address of section .data set to 0x800100
LOAD /home/igor/dev/toolchain-avr/bin/../lib/gcc/avr/4.9.2/../../../../avr/lib/avr51/crtat90usb1286.o
LOAD build/modules/lufa/LUFA/Drivers/USB/Core/AVR8/Device_AVR8.o
LOAD build/modules/lufa/LUFA/Drivers/USB/Core/AVR8/EndpointStream_AVR8.o
LOAD build/modules/lufa/LUFA/Drivers/USB/Core/AVR8/Endpoint_AVR8.o
LOAD build/modules/lufa/LUFA/Drivers/USB/Core/AVR8/PipeStream_AVR8.o
LOAD build/modules/lufa/LUFA/Drivers/USB/Core/AVR8/Pipe_AVR8.o
LOAD build/modules/lufa/LUFA/Drivers/USB/Core/AVR8/Template/Template_Endpoint_Control_R.o
LOAD build/modules/lufa/LUFA/Drivers/USB/Core/AVR8/Template/Template_Endpoint_Control_W.o
LOAD build/modules/lufa/LUFA/Drivers/USB/Core/AVR8/Template/Template_Endpoint_RW.o
LOAD build/modules/lufa/LUFA/Drivers/USB/Core/AVR8/Template/Template_Pipe_RW.o
LOAD build/modules/lufa/LUFA/Drivers/USB/Core/AVR8/USBController_AVR8.o
LOAD build/modules/lufa/LUFA/Drivers/USB/Core/AVR8/USBInterrupt_AVR8.o
LOAD build/modules/lufa/LUFA/Drivers/USB/Core/ConfigDescriptors.o
LOAD build/modules/lufa/LUFA/Drivers/USB/Core/DeviceStandardReq.o
LOAD build/modules/lufa/LUFA/Drivers/USB/Core/Events.o
LOAD build/modules/lufa/LUFA/Drivers/USB/Core/USBTask.o
LOAD build/modules/lufa/LUFA/Drivers/USB/Class/Device/AudioClassDevice.o
LOAD build/modules/lufa/LUFA/Drivers/USB/Class/Device/MIDIClassDevice.o
LOAD build/application/board/Encoders.o
LOAD build/application/board/Pads.o
LOAD build/application/board/Buttons.o
LOAD build/application/board/pins/Pins.o
LOAD build/application/board/LEDs.o
LOAD build/application/board/ISR.o
LOAD build/application/board/avr/usb/USB_MIDI.o
LOAD build/application/board/avr/uart/UART_MIDI_1.o
LOAD build/application/board/Init.o
LOAD build/application/board/lcd/U8g2/src/U8x8lib.o
LOAD build/application/board/Board.o
LOAD build/application/board/avr/usb/Descriptors.o
LOAD build/application/board/lcd/U8g2/src/clib/u8x8_d_ssd1329.o
LOAD build/application/board/lcd/U8g2/src/clib/u8x8_d_pcf8812.o
LOAD build/application/board/lcd/U8g2/src/clib/u8x8_d_ssd1327.o
LOAD build/application/board/lcd/U8g2/src/clib/u8g2_line.o
LOAD build/application/board/lcd/U8g2/src/clib/u8x8_string.o
LOAD build/application/board/lcd/U8g2/src/clib/u8g2_buffer.o
LOAD build/application/board/lcd/U8g2/src/clib/u8x8_d_st7565.o
LOAD build/application/board/lcd/U8g2/src/clib/u8x8_d_t6963.o
LOAD build/application/board/lcd/U8g2/src/clib/u8x8_selection_list.o
LOAD build/application/board/lcd/U8g2/src/clib/u8x8_setup.o
LOAD build/application/board/lcd/U8g2/src/clib/u8x8_d_lc7981.o
LOAD build/application/board/lcd/U8g2/src/clib/u8x8_d_uc1701_dogs102.o
LOAD build/application/board/lcd/U8g2/src/clib/u8x8_d_uc1604.o
LOAD build/application/board/lcd/U8g2/src/clib/u8g2_kerning.o
LOAD build/application/board/lcd/U8g2/src/clib/u8x8_d_pcd8544_84x48.o
LOAD build/application/board/lcd/U8g2/src/clib/u8g2_ll_hvline.o
LOAD build/application/board/lcd/U8g2/src/clib/u8x8_d_ist3020.o
LOAD build/application/board/lcd/U8g2/src/clib/u8x8_d_uc1608.o
LOAD build/application/board/lcd/U8g2/src/clib/u8x8_d_ssd1306_128x64_noname.o
LOAD build/application/board/lcd/U8g2/src/clib/u8x8_d_ssd1309.o
LOAD build/application/board/lcd/U8g2/src/clib/u8g2_hvline.o
LOAD build/application/board/lcd/U8g2/src/clib/u8x8_u8toa.o
LOAD build/application/board/lcd/U8g2/src/clib/u8x8_d_st7567.o
LOAD build/application/board/lcd/U8g2/src/clib/u8g2_intersection.o
LOAD build/application/board/lcd/U8g2/src/clib/u8x8_debounce.o
LOAD build/application/board/lcd/U8g2/src/clib/u8g2_selection_list.o
LOAD build/application/board/lcd/U8g2/src/clib/u8x8_d_ld7032_60x32.o
LOAD build/application/board/lcd/U8g2/src/clib/u8g2_bitmap.o
LOAD build/application/board/lcd/U8g2/src/clib/u8x8_8x8.o
LOAD build/application/board/lcd/U8g2/src/clib/u8x8_d_ssd1305.o
LOAD build/application/board/lcd/U8g2/src/clib/u8x8_u16toa.o
LOAD build/application/board/lcd/U8g2/src/clib/u8g2_circle.o
LOAD build/application/board/lcd/U8g2/src/clib/u8x8_d_st7588.o
LOAD build/application/board/lcd/U8g2/src/clib/u8g2_box.o
LOAD build/application/board/lcd/U8g2/src/clib/u8x8_d_ssd1306_64x48.o
LOAD build/application/board/lcd/U8g2/src/clib/u8x8_d_sed1330.o
LOAD build/application/board/lcd/U8g2/src/clib/u8x8_d_ssd1322.o
LOAD build/application/board/lcd/U8g2/src/clib/u8x8_d_ssd1306_128x32.o
LOAD build/application/board/lcd/U8g2/src/clib/u8x8_input_value.o
LOAD build/application/board/lcd/U8g2/src/clib/u8x8_d_ssd1606_172x72.o
LOAD build/application/board/lcd/U8g2/src/clib/u8g2_d_setup.o
LOAD build/application/board/lcd/U8g2/src/clib/u8x8_d_ssd1325.o
LOAD build/application/board/lcd/U8g2/src/clib/u8x8_d_uc1617.o
LOAD build/application/board/lcd/U8g2/src/clib/u8x8_display.o
LOAD build/application/board/lcd/U8g2/src/clib/u8x8_d_uc1610.o
LOAD build/application/board/lcd/U8g2/src/clib/u8x8_d_a2printer.o
LOAD build/application/board/lcd/U8g2/src/clib/u8x8_d_st7920.o
LOAD build/application/board/lcd/U8g2/src/clib/u8g2_cleardisplay.o
LOAD build/application/board/lcd/U8g2/src/clib/u8g2_polygon.o
LOAD build/application/board/lcd/U8g2/src/clib/u8x8_d_ks0108.o
LOAD build/application/board/lcd/U8g2/src/clib/u8x8_d_ssd1607_200x200.o
LOAD build/application/board/lcd/U8g2/src/clib/u8x8_message.o
LOAD build/application/board/lcd/U8g2/src/clib/u8x8_d_st75256.o
LOAD build/application/board/lcd/U8g2/src/clib/u8x8_d_uc1701_mini12864.o
LOAD build/application/board/lcd/U8g2/src/clib/u8g2_fonts.o
LOAD build/application/board/lcd/U8g2/src/clib/u8x8_fonts.o
LOAD build/application/board/lcd/U8g2/src/clib/u8x8_byte.o
LOAD build/application/board/lcd/U8g2/src/clib/u8g2_input_value.o
LOAD build/application/board/lcd/U8g2/src/clib/u8g2_message.o
LOAD build/application/board/lcd/U8g2/src/clib/u8x8_cad.o
LOAD build/application/board/lcd/U8g2/src/clib/u8x8_d_uc1611.o
LOAD build/application/board/lcd/U8g2/src/clib/u8x8_gpio.o
LOAD build/application/board/lcd/U8g2/src/clib/u8g2_d_memory.o
LOAD build/application/board/lcd/U8g2/src/clib/u8g2_font.o
LOAD build/application/board/lcd/U8g2/src/clib/u8x8_d_ls013b7dh03.o
LOAD build/application/board/lcd/U8g2/src/clib/u8g2_setup.o
LOAD build/application/database/Database.o
LOAD build/application/database/Init.o
LOAD build/application/interface/pads/MIDIout.o
LOAD build/application/interface/pads/Pads.o
LOAD build/application/interface/pads/DataProcessing.o
LOAD build/application/interface/pads/Getters.o
LOAD build/application/interface/pads/curves/Curves.o
LOAD build/application/interface/pads/Setters.o
LOAD build/application/interface/encoders/Encoders.o
LOAD build/application/interface/encoders/handlers/Handlers.o
LOAD build/application/interface/encoders/handlers/Init.o
LOAD build/application/interface/buttons/Map.o
LOAD build/application/interface/buttons/Buttons.o
LOAD build/application/interface/buttons/handlers/Handlers.o
LOAD build/application/interface/buttons/handlers/Init.o
LOAD build/application/interface/lcd/UpdateLogic.o
LOAD build/application/interface/lcd/message_builder/Text.o
LOAD build/application/interface/lcd/message_builder/Messages.o
LOAD build/application/interface/lcd/menu/functions/MenuFunctions.o
LOAD build/application/interface/lcd/menu/layout/UserMenu.o
LOAD build/application/interface/lcd/menu/layout/ServiceMenu.o
LOAD build/application/interface/lcd/menu/Menu.o
LOAD build/application/interface/leds/LEDs.o
LOAD build/modules/midi/src/MIDI.o
LOAD build/modules/dbms/src/DBMS.o
LOAD build/modules/core/src/HAL/avr/reset/Reset.o
LOAD build/modules/core/src/HAL/avr/spi/SPI.o
LOAD build/application/Zvuk9.o
START GROUP
LOAD /home/igor/dev/toolchain-avr/bin/../lib/gcc/avr/4.9.2/../../../../avr/lib/avr51/libm.a
END GROUP
LOAD /home/igor/dev/toolchain-avr/bin/../lib/gcc/avr/4.9.2/avr51/libgcc.a
LOAD /home/igor/dev/toolchain-avr/bin/../lib/gcc/avr/4.9.2/../../../../avr/lib/avr51/libm.a
START GROUP
LOAD /home/igor/dev/toolchain-avr/bin/../lib/gcc/avr/4.9.2/avr51/libgcc.a
LOAD /home/igor/dev/toolchain-avr/bin/../lib/gcc/avr/4.9.2/../../../../avr/lib/avr51/libm.a
LOAD /home/igor/dev/toolchain-avr/bin/../lib/gcc/avr/4.9.2/../../../../avr/lib/avr51/libc.a
LOAD /home/igor/dev/toolchain-avr/bin/../lib/gcc/avr/4.9.2/../../../../avr/lib/avr51/libat90usb1286.a
END GROUP
                0x0000000000020000                __TEXT_REGION_LENGTH__ = DEFINED (__TEXT_REGION_LENGTH__)?__TEXT_REGION_LENGTH__:0x20000
                0x000000000000ff00                __DATA_REGION_LENGTH__ = DEFINED (__DATA_REGION_LENGTH__)?__DATA_REGION_LENGTH__:0xff00
                0x0000000000010000                __EEPROM_REGION_LENGTH__ = DEFINED (__EEPROM_REGION_LENGTH__)?__EEPROM_REGION_LENGTH__:0x10000
                [0x0000000000000003]                __FUSE_REGION_LENGTH__ = DEFINED (__FUSE_REGION_LENGTH__)?__FUSE_REGION_LENGTH__:0x400
                0x0000000000000400                __LOCK_REGION_LENGTH__ = DEFINED (__LOCK_REGION_LENGTH__)?__LOCK_REGION_LENGTH__:0x400
                0x0000000000000400                __SIGNATURE_REGION_LENGTH__ = DEFINED (__SIGNATURE_REGION_LENGTH__)?__SIGNATURE_REGION_LENGTH__:0x400
                0x0000000000000400                __USER_SIGNATURE_REGION_LENGTH__ = DEFINED (__USER_SIGNATURE_REGION_LENGTH__)?__USER_SIGNATURE_REGION_LENGTH__:0x400

.hash
 *(.hash)

.dynsym
 *(.dynsym)

.dynstr
 *(.dynstr)

.gnu.version
 *(.gnu.version)

.gnu.version_d
 *(.gnu.version_d)

.gnu.version_r
 *(.gnu.version_r)

.rel.init
 *(.rel.init)

.rela.init
 *(.rela.init)

.rel.text
 *(.rel.text)
 *(.rel.text.*)
 *(.rel.gnu.linkonce.t*)

.rela.text
 *(.rela.text)
 *(.rela.text.*)
 *(.rela.gnu.linkonce.t*)

.rel.fini
 *(.rel.fini)

.rela.fini
 *(.rela.fini)

.rel.rodata
 *(.rel.rodata)
 *(.rel.rodata.*)
 *(.rel.gnu.linkonce.r*)

.rela.rodata
 *(.rela.rodata)
 *(.rela.rodata.*)
 *(.rela.gnu.linkonce.r*)

.rel.data
 *(.rel.data)
 *(.rel.data.*)
 *(.rel.gnu.linkonce.d*)

.rela.data
 *(.rela.data)
 *(.rela.data.*)
 *(.rela.gnu.linkonce.d*)

.rel.ctors
 *(.rel.ctors)

.rela.ctors
 *(.rela.ctors)

.rel.dtors
 *(.rel.dtors)

.rela.dtors
 *(.rela.dtors)

.rel.got
 *(.rel.got)

.rela.got
 *(.rela.got)

.rel.bss
 *(.rel.bss)

.rela.bss
 *(.rela.bss)

.rel.plt
 *(.rel.plt)

.rela.plt
 *(.rela.plt)

.text           0x0000000000000000     0xff52
 *(.vectors)
 .vectors       0x0000000000000000       0x98 /home/igor/dev/toolchain-avr/bin/../lib/gcc/avr/4.9.2/../../../../avr/lib/avr51/crtat90usb1286.o
                0x0000000000000000                __vectors
                0x0000000000000000                __vector_default
 *(.vectors)
 *(.applen)
 .applen        0x0000000000000098        0x4 build/application/board/Board.o
 *(.applen)
 *(.progmem.gcc*)
                0x000000000000009c                . = ALIGN (0x2)
                0x000000000000009c                __trampolines_start = .
 *(.trampolines)
 .trampolines   0x000000000000009c        0x0 linker stubs
 *(.trampolines*)
                0x000000000000009c                __trampolines_end = .
 *libprintf_flt.a:*(.progmem.data)
 *libc.a:*(.progmem.data)
 *(.progmem*)
 .progmem.data._ZL19pressure_correction
                0x000000000000009c      0x7fe build/application/board/Pads.o
 .progmem.data.ProductString
                0x000000000000089a       0x14 build/application/board/avr/usb/Descriptors.o
                0x000000000000089a                ProductString
 .progmem.data.ManufacturerString
                0x00000000000008ae       0x24 build/application/board/avr/usb/Descriptors.o
                0x00000000000008ae                ManufacturerString
 .progmem.data.LanguageString
                0x00000000000008d2        0x4 build/application/board/avr/usb/Descriptors.o
                0x00000000000008d2                LanguageString
 .progmem.data.ConfigurationDescriptor
                0x00000000000008d6       0x65 build/application/board/avr/usb/Descriptors.o
                0x00000000000008d6                ConfigurationDescriptor
 .progmem.data.DeviceDescriptor
                0x000000000000093b       0x12 build/application/board/avr/usb/Descriptors.o
                0x000000000000093b                DeviceDescriptor
 .progmem.u8x8_font_pressstart2p_r
                0x000000000000094d      0x302 build/application/board/lcd/U8g2/src/clib/u8x8_fonts.o
                0x000000000000094d                u8x8_font_pressstart2p_r
 .progmem.data._ZL26eight_waves_up_down_values
                0x0000000000000c4f       0x80 build/application/interface/pads/curves/Curves.o
 .progmem.data._ZL20five_steps_up_values
                0x0000000000000ccf       0x80 build/application/interface/pads/curves/Curves.o
 .progmem.data._ZL13switch_values
                0x0000000000000d4f       0x80 build/application/interface/pads/curves/Curves.o
 .progmem.data._ZL13exp_up_values
                0x0000000000000dcf       0x80 build/application/interface/pads/curves/Curves.o
 .progmem.data._ZL15log_up_2_values
                0x0000000000000e4f       0x80 build/application/interface/pads/curves/Curves.o
 .progmem.data._ZL15log_up_1_values
                0x0000000000000ecf       0x80 build/application/interface/pads/curves/Curves.o
 .progmem.data._ZL21flat_center_up_values
                0x0000000000000f4f       0x80 build/application/interface/pads/curves/Curves.o
 .progmem.data._ZL25linear_down_broken_values
                0x0000000000000fcf       0x80 build/application/interface/pads/curves/Curves.o
 .progmem.data._ZL28linear_up_down_broken_values
                0x000000000000104f       0x80 build/application/interface/pads/curves/Curves.o
 .progmem.data._ZL25linear_up_broken_2_values
                0x00000000000010cf       0x80 build/application/interface/pads/curves/Curves.o
 .progmem.data._ZL25linear_up_broken_1_values
                0x000000000000114f       0x80 build/application/interface/pads/curves/Curves.o
 .progmem.data._ZL18linear_down_values
                0x00000000000011cf       0x80 build/application/interface/pads/curves/Curves.o
 .progmem.data._ZL16linear_up_values
                0x000000000000124f       0x80 build/application/interface/pads/curves/Curves.o
 .progmem.data._ZL20function_midiChannel
                0x00000000000012cf        0xf build/application/interface/lcd/message_builder/Text.o
 .progmem.data._ZL28calibration_midiValue_string
                0x00000000000012de        0x7 build/application/interface/lcd/message_builder/Text.o
 .progmem.data._ZL27calibration_rawValue_string
                0x00000000000012e5        0x6 build/application/interface/lcd/message_builder/Text.o
 .progmem.data._ZL30pressureCalibrationDone_string
                0x00000000000012eb       0x14 build/application/interface/lcd/message_builder/Text.o
 .progmem.data._ZL35pressureCalibrationInitiated_string
                0x00000000000012ff       0x12 build/application/interface/lcd/message_builder/Text.o
 .progmem.data._ZL30pressureCalibrationHold_string
                0x0000000000001311        0x9 build/application/interface/lcd/message_builder/Text.o
 .progmem.data._ZL26scrollCalibrationOn_string
                0x000000000000131a        0xf build/application/interface/lcd/message_builder/Text.o
 .progmem.data._ZL27scrollCalibrationOff_string
                0x0000000000001329       0x10 build/application/interface/lcd/message_builder/Text.o
 .progmem.data._ZL14program_string
                0x0000000000001339        0x2 build/application/interface/lcd/message_builder/Text.o
 .progmem.data._ZL18padEditMode_string
                0x000000000000133b        0xc build/application/interface/lcd/message_builder/Text.o
 .progmem.data._ZL15padPress_string
                0x0000000000001347        0x6 build/application/interface/lcd/message_builder/Text.o
 .progmem.data._ZL18xyPitchBend_string
                0x000000000000134d        0x3 build/application/interface/lcd/message_builder/Text.o
 .progmem.data._ZL11xyCC_string
                0x0000000000001350        0x3 build/application/interface/lcd/message_builder/Text.o
 .progmem.data._ZL15presetNameArray
                0x0000000000001353       0x10 build/application/interface/lcd/message_builder/Text.o
 .progmem.data._ZL17presetUser_string
                0x0000000000001363        0xb build/application/interface/lcd/message_builder/Text.o
 .progmem.data._ZL28presetMajorPentatonic_string
                0x000000000000136e       0x11 build/application/interface/lcd/message_builder/Text.o
 .progmem.data._ZL28presetMinorPentatonic_string
                0x000000000000137f       0x11 build/application/interface/lcd/message_builder/Text.o
 .progmem.data._ZL26presetHarmonicMajor_string
                0x0000000000001390        0xf build/application/interface/lcd/message_builder/Text.o
 .progmem.data._ZL18presetMajor_string
                0x000000000000139f        0x6 build/application/interface/lcd/message_builder/Text.o
 .progmem.data._ZL26presetHarmonicMinor_string
                0x00000000000013a5        0xf build/application/interface/lcd/message_builder/Text.o
 .progmem.data._ZL25presetMelodicMinor_string
                0x00000000000013b4        0xe build/application/interface/lcd/message_builder/Text.o
 .progmem.data._ZL25presetNaturalMinor_string
                0x00000000000013c2        0xe build/application/interface/lcd/message_builder/Text.o
 .progmem.data._ZL26factory_reset_end_2_string
                0x00000000000013d0       0x13 build/application/interface/lcd/message_builder/Text.o
 .progmem.data._ZL26factory_reset_end_1_string
                0x00000000000013e3       0x18 build/application/interface/lcd/message_builder/Text.o
 .progmem.data._ZL28factory_reset_start_2_string
                0x00000000000013fb        0xd build/application/interface/lcd/message_builder/Text.o
 .progmem.data._ZL28factory_reset_start_1_string
                0x0000000000001408       0x1a build/application/interface/lcd/message_builder/Text.o
 .progmem.data._ZL32factory_reset_info_cancel_string
                0x0000000000001422       0x13 build/application/interface/lcd/message_builder/Text.o
 .progmem.data._ZL25factory_reset_pads_string
                0x0000000000001435       0x10 build/application/interface/lcd/message_builder/Text.o
 .progmem.data._ZL33factory_reset_info_confirm_string
                0x0000000000001445       0x14 build/application/interface/lcd/message_builder/Text.o
 .progmem.data._ZL27deviceInfo_hwVersion_string
                0x0000000000001459        0xb build/application/interface/lcd/message_builder/Text.o
 .progmem.data._ZL27deviceInfo_swVersion_string
                0x0000000000001464        0xb build/application/interface/lcd/message_builder/Text.o
 .progmem.data._ZL36menuOption_factoryReset_title_string
                0x000000000000146f       0x14 build/application/interface/lcd/message_builder/Text.o
 .progmem.data._ZL13noteNameArray
                0x0000000000001483       0x18 build/application/interface/lcd/message_builder/Text.o
 .progmem.data._ZL17aftertouch_string
                0x000000000000149b        0x5 build/application/interface/lcd/message_builder/Text.o
 .progmem.data._ZL15velocity_string
                0x00000000000014a0        0x4 build/application/interface/lcd/message_builder/Text.o
 .progmem.data._ZL20assignedNotes_string
                0x00000000000014a4       0x10 build/application/interface/lcd/message_builder/Text.o
 .progmem.data._ZL20padEditOctave_string
                0x00000000000014b4        0x8 build/application/interface/lcd/message_builder/Text.o
 .progmem.data._ZL14noNotes_string
                0x00000000000014bc       0x14 build/application/interface/lcd/message_builder/Text.o
 .progmem.data._ZL12tonicB_strig
                0x00000000000014d0        0x2 build/application/interface/lcd/message_builder/Text.o
 .progmem.data._ZL18tonicASharp_string
                0x00000000000014d2        0x3 build/application/interface/lcd/message_builder/Text.o
 .progmem.data._ZL13tonicA_string
                0x00000000000014d5        0x2 build/application/interface/lcd/message_builder/Text.o
 .progmem.data._ZL18tonicGSharp_string
                0x00000000000014d7        0x3 build/application/interface/lcd/message_builder/Text.o
 .progmem.data._ZL13tonicG_string
                0x00000000000014da        0x2 build/application/interface/lcd/message_builder/Text.o
 .progmem.data._ZL18tonicFSharp_string
                0x00000000000014dc        0x3 build/application/interface/lcd/message_builder/Text.o
 .progmem.data._ZL13tonicF_string
                0x00000000000014df        0x2 build/application/interface/lcd/message_builder/Text.o
 .progmem.data._ZL13tonicE_string
                0x00000000000014e1        0x2 build/application/interface/lcd/message_builder/Text.o
 .progmem.data._ZL18tonicDSharp_string
                0x00000000000014e3        0x3 build/application/interface/lcd/message_builder/Text.o
 .progmem.data._ZL13tonicD_string
                0x00000000000014e6        0x2 build/application/interface/lcd/message_builder/Text.o
 .progmem.data._ZL18tonicCSharp_string
                0x00000000000014e8        0x3 build/application/interface/lcd/message_builder/Text.o
 .progmem.data._ZL13tonicC_string
                0x00000000000014eb        0x2 build/application/interface/lcd/message_builder/Text.o
 .progmem.data._ZL13functionArray
                0x00000000000014ed       0x34 build/application/interface/lcd/message_builder/Messages.o
 .progmem.data._ZL15function_yCurve
                0x0000000000001521        0xa build/application/interface/lcd/message_builder/Messages.o
 .progmem.data._ZL15function_xCurve
                0x000000000000152b        0xa build/application/interface/lcd/message_builder/Messages.o
 .progmem.data._ZL13function_yMax
                0x0000000000001535        0x8 build/application/interface/lcd/message_builder/Messages.o
 .progmem.data._ZL13function_yMin
                0x000000000000153d        0x8 build/application/interface/lcd/message_builder/Messages.o
 .progmem.data._ZL13function_xMax
                0x0000000000001545        0x8 build/application/interface/lcd/message_builder/Messages.o
 .progmem.data._ZL13function_xMin
                0x000000000000154d        0x8 build/application/interface/lcd/message_builder/Messages.o
 .progmem.data._ZL19function_yPitchBend
                0x0000000000001555        0xd build/application/interface/lcd/message_builder/Messages.o
 .progmem.data._ZL19function_xPitchBend
                0x0000000000001562        0xd build/application/interface/lcd/message_builder/Messages.o
 .progmem.data._ZL12function_yCC
                0x000000000000156f        0x7 build/application/interface/lcd/message_builder/Messages.o
 .progmem.data._ZL12function_xCC
                0x0000000000001576        0x7 build/application/interface/lcd/message_builder/Messages.o
 .progmem.data._ZL18function_noteShift
                0x000000000000157d       0x13 build/application/interface/lcd/message_builder/Messages.o
 .progmem.data._ZL15function_octave
                0x0000000000001590        0x9 build/application/interface/lcd/message_builder/Messages.o
 .progmem.data._ZL14function_notes
                0x0000000000001599        0x7 build/application/interface/lcd/message_builder/Messages.o
 .progmem.data._ZL19function_aftertouch
                0x00000000000015a0        0xc build/application/interface/lcd/message_builder/Messages.o
 .progmem.data._ZL10function_y
                0x00000000000015ac        0x3 build/application/interface/lcd/message_builder/Messages.o
 .progmem.data._ZL10function_x
                0x00000000000015af        0x3 build/application/interface/lcd/message_builder/Messages.o
 .progmem.data._ZL14function_split
                0x00000000000015b2        0x7 build/application/interface/lcd/message_builder/Messages.o
 .progmem.data._ZL14function_tonic
                0x00000000000015b9        0x8 build/application/interface/lcd/message_builder/Messages.o
 .progmem.data._ZL15function_record
                0x00000000000015c1        0x8 build/application/interface/lcd/message_builder/Messages.o
 .progmem.data._ZL13function_stop
                0x00000000000015c9        0x5 build/application/interface/lcd/message_builder/Messages.o
 .progmem.data._ZL13function_play
                0x00000000000015ce        0x5 build/application/interface/lcd/message_builder/Messages.o
 .progmem.data._ZL20function_midiChannel
                0x00000000000015d3        0xf build/application/interface/lcd/message_builder/Messages.o
 .progmem.data._ZL17changeResultArray
                0x00000000000015e2        0xe build/application/interface/lcd/message_builder/Messages.o
 .progmem.data._ZL25settinType_allPads_string
                0x00000000000015f0        0x9 build/application/interface/lcd/message_builder/Messages.o
 .progmem.data._ZL27settinType_singlePad_string
                0x00000000000015f9        0x5 build/application/interface/lcd/message_builder/Messages.o
 .progmem.data._ZL38changeResult_notPredefinedScale_string
                0x00000000000015fe       0x1c build/application/interface/lcd/message_builder/Messages.o
 .progmem.data._ZL32changeResult_notUserScale_string
                0x000000000000161a       0x16 build/application/interface/lcd/message_builder/Messages.o
 .progmem.data._ZL31changeResult_releasePads_string
                0x0000000000001630       0x12 build/application/interface/lcd/message_builder/Messages.o
 .progmem.data._ZL30changeResult_notAllowed_string
                0x0000000000001642        0xc build/application/interface/lcd/message_builder/Messages.o
 .progmem.data._ZL30changeResult_outOfRange_string
                0x000000000000164e       0x14 build/application/interface/lcd/message_builder/Messages.o
 .progmem.data._ZL32changeResult_valueChanged_string
                0x0000000000001662        0xf build/application/interface/lcd/message_builder/Messages.o
 .progmem.data._ZL28changeResult_noChange_string
                0x0000000000001671       0x14 build/application/interface/lcd/message_builder/Messages.o
 .progmem.data._ZL14curveNameArray
                0x0000000000001685       0x1a build/application/interface/lcd/message_builder/Messages.o
 .progmem.data._ZL32curve_eight_waves_up_down_string
                0x000000000000169f       0x14 build/application/interface/lcd/message_builder/Messages.o
 .progmem.data._ZL26curve_five_steps_up_string
                0x00000000000016b3        0xe build/application/interface/lcd/message_builder/Messages.o
 .progmem.data._ZL19curve_switch_string
                0x00000000000016c1        0x7 build/application/interface/lcd/message_builder/Messages.o
 .progmem.data._ZL19curve_exp_up_string
                0x00000000000016c8        0xb build/application/interface/lcd/message_builder/Messages.o
 .progmem.data._ZL21curve_log_up_2_string
                0x00000000000016d3        0x9 build/application/interface/lcd/message_builder/Messages.o
 .progmem.data._ZL21curve_log_up_1_string
                0x00000000000016dc        0x9 build/application/interface/lcd/message_builder/Messages.o
 .progmem.data._ZL27curve_flat_center_up_string
                0x00000000000016e5        0xf build/application/interface/lcd/message_builder/Messages.o
 .progmem.data._ZL31curve_linear_down_broken_string
                0x00000000000016f4       0x13 build/application/interface/lcd/message_builder/Messages.o
 .progmem.data._ZL34curve_linear_up_down_broken_string
                0x0000000000001707       0x16 build/application/interface/lcd/message_builder/Messages.o
 .progmem.data._ZL31curve_linear_up_broken_2_string
                0x000000000000171d       0x13 build/application/interface/lcd/message_builder/Messages.o
 .progmem.data._ZL31curve_linear_up_broken_1_string
                0x0000000000001730       0x13 build/application/interface/lcd/message_builder/Messages.o
 .progmem.data._ZL24curve_linear_down_string
                0x0000000000001743        0xc build/application/interface/lcd/message_builder/Messages.o
 .progmem.data._ZL22curve_linear_up_string
                0x000000000000174f        0xa build/application/interface/lcd/message_builder/Messages.o
 .progmem.data._ZL16firmware_updated
                0x0000000000001759       0x12 build/application/interface/lcd/message_builder/Messages.o
 .progmem.data._ZL27deviceInfo_swVersion_string
                0x000000000000176b        0xb build/application/interface/lcd/message_builder/Messages.o
 .progmem.data._ZL18functionErrorArray
                0x0000000000001776       0x30 build/application/interface/lcd/message_builder/Messages.o
 .progmem.data._ZL17error_menu_string
                0x00000000000017a6       0x12 build/application/interface/lcd/message_builder/Messages.o
 .progmem.data._ZL19error_yCurve_string
                0x00000000000017b8       0x16 build/application/interface/lcd/message_builder/Messages.o
 .progmem.data._ZL19error_xCurve_string
                0x00000000000017ce       0x16 build/application/interface/lcd/message_builder/Messages.o
 .progmem.data._ZL17error_yMax_string
                0x00000000000017e4       0x14 build/application/interface/lcd/message_builder/Messages.o
 .progmem.data._ZL17error_yMin_string
                0x00000000000017f8       0x14 build/application/interface/lcd/message_builder/Messages.o
 .progmem.data._ZL17error_xMax_string
                0x000000000000180c       0x14 build/application/interface/lcd/message_builder/Messages.o
 .progmem.data._ZL17error_xMin_string
                0x0000000000001820       0x14 build/application/interface/lcd/message_builder/Messages.o
 .progmem.data._ZL16error_ccY_string
                0x0000000000001834       0x13 build/application/interface/lcd/message_builder/Messages.o
 .progmem.data._ZL16error_ccX_string
                0x0000000000001847       0x13 build/application/interface/lcd/message_builder/Messages.o
 .progmem.data._ZL20error_padEdit_string
                0x000000000000185a       0x1b build/application/interface/lcd/message_builder/Messages.o
 .progmem.data._ZL22error_noteShift_string
                0x0000000000001875       0x19 build/application/interface/lcd/message_builder/Messages.o
 .progmem.data._ZL25error_octaveChange_string
                0x000000000000188e       0x15 build/application/interface/lcd/message_builder/Messages.o
 .progmem.data._ZL22error_sendNotes_string
                0x00000000000018a3       0x1d build/application/interface/lcd/message_builder/Messages.o
 .progmem.data._ZL27error_sendAftertouch_string
                0x00000000000018c0       0x23 build/application/interface/lcd/message_builder/Messages.o
 .progmem.data._ZL18error_sendY_string
                0x00000000000018e3       0x1a build/application/interface/lcd/message_builder/Messages.o
 .progmem.data._ZL18error_sendX_string
                0x00000000000018fd       0x1a build/application/interface/lcd/message_builder/Messages.o
 .progmem.data._ZL22error_splitMode_string
                0x0000000000001917       0x19 build/application/interface/lcd/message_builder/Messages.o
 .progmem.data._ZL23error_noteChange_string
                0x0000000000001930       0x13 build/application/interface/lcd/message_builder/Messages.o
 .progmem.data._ZL19error_record_string
                0x0000000000001943        0xe build/application/interface/lcd/message_builder/Messages.o
 .progmem.data._ZL17error_stop_string
                0x0000000000001951        0xc build/application/interface/lcd/message_builder/Messages.o
 .progmem.data._ZL17error_play_string
                0x000000000000195d        0xc build/application/interface/lcd/message_builder/Messages.o
 .progmem.data._ZL30error_changeMIDIchannel_string
                0x0000000000001969       0x1a build/application/interface/lcd/message_builder/Messages.o
 .progmem.data._ZL24error_changeScale_string
                0x0000000000001983       0x14 build/application/interface/lcd/message_builder/Messages.o
 .progmem.data._ZL26error_changeProgram_string
                0x0000000000001997       0x16 build/application/interface/lcd/message_builder/Messages.o
 .progmem.data._ZL13noteNameArray
                0x00000000000019ad       0x18 build/application/interface/lcd/message_builder/Messages.o
 .progmem.data._ZL12tonicB_strig
                0x00000000000019c5        0x2 build/application/interface/lcd/message_builder/Messages.o
 .progmem.data._ZL18tonicASharp_string
                0x00000000000019c7        0x3 build/application/interface/lcd/message_builder/Messages.o
 .progmem.data._ZL13tonicA_string
                0x00000000000019ca        0x2 build/application/interface/lcd/message_builder/Messages.o
 .progmem.data._ZL18tonicGSharp_string
                0x00000000000019cc        0x3 build/application/interface/lcd/message_builder/Messages.o
 .progmem.data._ZL13tonicG_string
                0x00000000000019cf        0x2 build/application/interface/lcd/message_builder/Messages.o
 .progmem.data._ZL18tonicFSharp_string
                0x00000000000019d1        0x3 build/application/interface/lcd/message_builder/Messages.o
 .progmem.data._ZL13tonicF_string
                0x00000000000019d4        0x2 build/application/interface/lcd/message_builder/Messages.o
 .progmem.data._ZL13tonicE_string
                0x00000000000019d6        0x2 build/application/interface/lcd/message_builder/Messages.o
 .progmem.data._ZL18tonicDSharp_string
                0x00000000000019d8        0x3 build/application/interface/lcd/message_builder/Messages.o
 .progmem.data._ZL13tonicD_string
                0x00000000000019db        0x2 build/application/interface/lcd/message_builder/Messages.o
 .progmem.data._ZL18tonicCSharp_string
                0x00000000000019dd        0x3 build/application/interface/lcd/message_builder/Messages.o
 .progmem.data._ZL13tonicC_string
                0x00000000000019e0        0x2 build/application/interface/lcd/message_builder/Messages.o
 .progmem.data._ZL25noteOff_offChannel_string
                0x00000000000019e2        0xc build/application/interface/lcd/menu/layout/UserMenu.o
 .progmem.data._ZL22noteOff_zeroVel_string
                0x00000000000019ee       0x11 build/application/interface/lcd/menu/layout/UserMenu.o
 .progmem.data._ZL22disabled_string_string
                0x00000000000019ff        0x9 build/application/interface/lcd/menu/layout/UserMenu.o
 .progmem.data._ZL21enabled_string_string
                0x0000000000001a08        0x8 build/application/interface/lcd/menu/layout/UserMenu.o
 .progmem.data._ZL26aftertouchType_poly_string
                0x0000000000001a10        0x5 build/application/interface/lcd/menu/layout/UserMenu.o
 .progmem.data._ZL29aftertouchType_channel_string
                0x0000000000001a15        0x8 build/application/interface/lcd/menu/layout/UserMenu.o
 .progmem.data._ZL31midiSettings_pitchBend_2_string
                0x0000000000001a1d        0x7 build/application/interface/lcd/menu/layout/UserMenu.o
 .progmem.data._ZL31midiSettings_pitchBend_1_string
                0x0000000000001a24        0x7 build/application/interface/lcd/menu/layout/UserMenu.o
 .progmem.data._ZL36midiSettings_transport_MMC_CC_string
                0x0000000000001a2b        0x7 build/application/interface/lcd/menu/layout/UserMenu.o
 .progmem.data._ZL32midiSettings_transport_CC_string
                0x0000000000001a32        0x3 build/application/interface/lcd/menu/layout/UserMenu.o
 .progmem.data._ZL33midiSettings_transport_MMC_string
                0x0000000000001a35        0x4 build/application/interface/lcd/menu/layout/UserMenu.o
 .progmem.data._ZL29midiSettings_pitchBend_string
                0x0000000000001a39       0x10 build/application/interface/lcd/menu/layout/UserMenu.o
 .progmem.data._ZL29midiSettings_transport_string
                0x0000000000001a49       0x13 build/application/interface/lcd/menu/layout/UserMenu.o
 .progmem.data._ZL27midiSettings_noteOff_string
                0x0000000000001a5c        0xe build/application/interface/lcd/menu/layout/UserMenu.o
 .progmem.data._ZL33midiSettings_runningStatus_string
                0x0000000000001a6a        0xf build/application/interface/lcd/menu/layout/UserMenu.o
 .progmem.data._ZL30midiSettings_atouchType_string
                0x0000000000001a79       0x10 build/application/interface/lcd/menu/layout/UserMenu.o
 .progmem.data._ZL29pressure_curve_inv_exp_string
                0x0000000000001a89        0xc build/application/interface/lcd/menu/layout/UserMenu.o
 .progmem.data._ZL25pressure_curve_log_string
                0x0000000000001a95        0xc build/application/interface/lcd/menu/layout/UserMenu.o
 .progmem.data._ZL28pressure_curve_linear_string
                0x0000000000001aa1        0x7 build/application/interface/lcd/menu/layout/UserMenu.o
 .progmem.data._ZL29pressure_sensitivity_3_string
                0x0000000000001aa8        0x5 build/application/interface/lcd/menu/layout/UserMenu.o
 .progmem.data._ZL29pressure_sensitivity_2_string
                0x0000000000001aad        0x7 build/application/interface/lcd/menu/layout/UserMenu.o
 .progmem.data._ZL29pressure_sensitivity_1_string
                0x0000000000001ab4        0x5 build/application/interface/lcd/menu/layout/UserMenu.o
 .progmem.data._ZL30menuOption_midiSettings_string
                0x0000000000001ab9        0xe build/application/interface/lcd/menu/layout/UserMenu.o
 .progmem.data._ZL31menuOption_pressureCurve_string
                0x0000000000001ac7        0x6 build/application/interface/lcd/menu/layout/UserMenu.o
 .progmem.data._ZL37menuOption_pressureSensitivity_string
                0x0000000000001acd        0xc build/application/interface/lcd/menu/layout/UserMenu.o
 .progmem.data._ZL34menuOption_pressureSettings_string
                0x0000000000001ad9       0x12 build/application/interface/lcd/menu/layout/UserMenu.o
 .progmem.data._ZL30menuOption_factoryReset_string
                0x0000000000001aeb        0xe build/application/interface/lcd/menu/layout/UserMenu.o
 .progmem.data._ZL28menuOption_deviceInfo_string
                0x0000000000001af9        0xc build/application/interface/lcd/menu/layout/UserMenu.o
 .progmem.data._ZL27calibration_pressure_string
                0x0000000000001b05       0x13 build/application/interface/lcd/menu/layout/ServiceMenu.o
 .progmem.data._ZL20calibration_y_string
                0x0000000000001b18        0xc build/application/interface/lcd/menu/layout/ServiceMenu.o
 .progmem.data._ZL20calibration_x_string
                0x0000000000001b24        0xc build/application/interface/lcd/menu/layout/ServiceMenu.o
 .progmem.data._ZL30menuOption_factoryReset_string
                0x0000000000001b30        0xe build/application/interface/lcd/menu/layout/ServiceMenu.o
 .progmem.data._ZL28menuOption_deviceInfo_string
                0x0000000000001b3e        0xc build/application/interface/lcd/menu/layout/ServiceMenu.o
 .progmem.data._ZL32menuOption_padCalibration_string
                0x0000000000001b4a       0x10 build/application/interface/lcd/menu/layout/ServiceMenu.o
 .progmem.data._ZL16unchecked_string
                0x0000000000001b5a        0x4 build/application/interface/lcd/menu/Menu.o
 .progmem.data._ZL14checked_string
                0x0000000000001b5e        0x4 build/application/interface/lcd/menu/Menu.o
 .progmem.data._ZL23menuType_service_string
                0x0000000000001b62        0xd build/application/interface/lcd/menu/Menu.o
 .progmem.data._ZL20menuType_user_string
                0x0000000000001b6f        0x9 build/application/interface/lcd/menu/Menu.o
                0x0000000000001b78                . = ALIGN (0x2)
 *(.jumptables)
 *(.jumptables*)
 *(.lowtext)
 *(.lowtext*)
                0x0000000000001b78                __ctors_start = .
 *(.ctors)
 .ctors         0x0000000000001b78        0x2 build/application/database/Database.o
 .ctors         0x0000000000001b7a        0x2 build/application/interface/pads/Pads.o
 .ctors         0x0000000000001b7c        0x2 build/application/interface/buttons/Buttons.o
 .ctors         0x0000000000001b7e        0x2 build/application/interface/lcd/UpdateLogic.o
 .ctors         0x0000000000001b80        0x2 build/application/interface/lcd/menu/Menu.o
                0x0000000000001b82                __ctors_end = .
                0x0000000000001b82                __dtors_start = .
 *(.dtors)
                0x0000000000001b82                __dtors_end = .
 SORT(*)(.ctors)
 SORT(*)(.dtors)
 *(.init0)
 .init0         0x0000000000001b82        0x0 /home/igor/dev/toolchain-avr/bin/../lib/gcc/avr/4.9.2/../../../../avr/lib/avr51/crtat90usb1286.o
                0x0000000000001b82                __init
 *(.init0)
 *(.init1)
 *(.init1)
 *(.init2)
 .init2         0x0000000000001b82        0xc /home/igor/dev/toolchain-avr/bin/../lib/gcc/avr/4.9.2/../../../../avr/lib/avr51/crtat90usb1286.o
 *(.init2)
 *(.init3)
 *(.init3)
 *(.init4)
 .init4         0x0000000000001b8e       0x1a /home/igor/dev/toolchain-avr/bin/../lib/gcc/avr/4.9.2/avr51/libgcc.a(_copy_data.o)
                0x0000000000001b8e                __do_copy_data
 .init4         0x0000000000001ba8       0x10 /home/igor/dev/toolchain-avr/bin/../lib/gcc/avr/4.9.2/avr51/libgcc.a(_clear_bss.o)
                0x0000000000001ba8                __do_clear_bss
 *(.init4)
 *(.init5)
 *(.init5)
 *(.init6)
 .init6         0x0000000000001bb8       0x16 /home/igor/dev/toolchain-avr/bin/../lib/gcc/avr/4.9.2/avr51/libgcc.a(_ctors.o)
                0x0000000000001bb8                __do_global_ctors
 *(.init6)
 *(.init7)
 *(.init7)
 *(.init8)
 *(.init8)
 *(.init9)
 .init9         0x0000000000001bce        0x8 /home/igor/dev/toolchain-avr/bin/../lib/gcc/avr/4.9.2/../../../../avr/lib/avr51/crtat90usb1286.o
 *(.init9)
 *(.text)
 .text          0x0000000000001bd6        0x4 /home/igor/dev/toolchain-avr/bin/../lib/gcc/avr/4.9.2/../../../../avr/lib/avr51/crtat90usb1286.o
                0x0000000000001bd6                __vector_22
                0x0000000000001bd6                __vector_28
                0x0000000000001bd6                __vector_1
                0x0000000000001bd6                __vector_34
                0x0000000000001bd6                __vector_24
                0x0000000000001bd6                __vector_12
                0x0000000000001bd6                __bad_interrupt
                0x0000000000001bd6                __vector_6
                0x0000000000001bd6                __vector_31
                0x0000000000001bd6                __vector_35
                0x0000000000001bd6                __vector_3
                0x0000000000001bd6                __vector_23
                0x0000000000001bd6                __vector_30
                0x0000000000001bd6                __vector_13
                0x0000000000001bd6                __vector_17
                0x0000000000001bd6                __vector_19
                0x0000000000001bd6                __vector_7
                0x0000000000001bd6                __vector_27
                0x0000000000001bd6                __vector_5
                0x0000000000001bd6                __vector_33
                0x0000000000001bd6                __vector_37
                0x0000000000001bd6                __vector_4
                0x0000000000001bd6                __vector_9
                0x0000000000001bd6                __vector_2
                0x0000000000001bd6                __vector_21
                0x0000000000001bd6                __vector_15
                0x0000000000001bd6                __vector_36
                0x0000000000001bd6                __vector_8
                0x0000000000001bd6                __vector_14
                0x0000000000001bd6                __vector_16
                0x0000000000001bd6                __vector_18
                0x0000000000001bd6                __vector_20
                0x0000000000001bda                . = ALIGN (0x2)
 *(.text.*)
 .text.Endpoint_Write_Control_Stream_LE
                0x0000000000001bda       0xcc build/modules/lufa/LUFA/Drivers/USB/Core/AVR8/EndpointStream_AVR8.o
                0x0000000000001bda                Endpoint_Write_Control_Stream_LE
 .text.Endpoint_Write_Control_PStream_LE
                0x0000000000001ca6       0xce build/modules/lufa/LUFA/Drivers/USB/Core/AVR8/EndpointStream_AVR8.o
                0x0000000000001ca6                Endpoint_Write_Control_PStream_LE
 .text.Endpoint_ConfigureEndpoint_Prv
                0x0000000000001d74       0x80 build/modules/lufa/LUFA/Drivers/USB/Core/AVR8/Endpoint_AVR8.o
                0x0000000000001d74                Endpoint_ConfigureEndpoint_Prv
 .text.Endpoint_ClearStatusStage
                0x0000000000001df4       0x42 build/modules/lufa/LUFA/Drivers/USB/Core/AVR8/Endpoint_AVR8.o
                0x0000000000001df4                Endpoint_ClearStatusStage
 .text.__vector_10
                0x0000000000001e36      0x1aa build/modules/lufa/LUFA/Drivers/USB/Core/AVR8/USBInterrupt_AVR8.o
                0x0000000000001e36                __vector_10
 .text.__vector_11
                0x0000000000001fe0       0x7e build/modules/lufa/LUFA/Drivers/USB/Core/AVR8/USBInterrupt_AVR8.o
                0x0000000000001fe0                __vector_11
 .text.USB_Device_ProcessControlRequest
                0x000000000000205e      0x2dc build/modules/lufa/LUFA/Drivers/USB/Core/DeviceStandardReq.o
                0x000000000000205e                USB_Device_ProcessControlRequest
 .text.USB_Event_Stub
                0x000000000000233a        0x2 build/modules/lufa/LUFA/Drivers/USB/Core/Events.o
                0x000000000000233a                EVENT_USB_Device_Connect
                0x000000000000233a                EVENT_USB_Device_WakeUp
                0x000000000000233a                USB_Event_Stub
                0x000000000000233a                EVENT_USB_Device_Suspend
                0x000000000000233a                EVENT_USB_Device_StartOfFrame
                0x000000000000233a                EVENT_USB_Device_Disconnect
                0x000000000000233a                EVENT_USB_Device_Reset
                0x000000000000233a                EVENT_USB_Device_ControlRequest
 .text._ZN5Board15getEncoderStateEh
                0x000000000000233c       0x24 build/application/board/Encoders.o
                0x000000000000233c                _ZN5Board15getEncoderStateEh
 .text._ZN5Board14encoderEnabledEh
                0x0000000000002360       0x1a build/application/board/Encoders.o
                0x0000000000002360                _ZN5Board14encoderEnabledEh
 .text._Z14setupPressure1v
                0x000000000000237a       0x12 build/application/board/Pads.o
                0x000000000000237a                _Z14setupPressure1v
 .text._Z14setupPressure2v
                0x000000000000238c       0x12 build/application/board/Pads.o
                0x000000000000238c                _Z14setupPressure2v
 .text._Z6setupXv
                0x000000000000239e       0x12 build/application/board/Pads.o
                0x000000000000239e                _Z6setupXv
 .text._Z6setupYv
                0x00000000000023b0       0x12 build/application/board/Pads.o
                0x00000000000023b0                _Z6setupYv
 .text._Z11setMuxInputh
                0x00000000000023c2       0x30 build/application/board/Pads.o
                0x00000000000023c2                _Z11setMuxInputh
 .text._ZN5Board10initAnalogEv
                0x00000000000023f2       0x58 build/application/board/Pads.o
                0x00000000000023f2                _ZN5Board10initAnalogEv
 .text._ZN5Board8initPadsEv
                0x000000000000244a       0x94 build/application/board/Pads.o
                0x000000000000244a                _ZN5Board8initPadsEv
 .text._ZN5Board14getPadPressureEh
                0x00000000000024de       0x76 build/application/board/Pads.o
                0x00000000000024de                _ZN5Board14getPadPressureEh
 .text._ZN5Board7getPadXEh
                0x0000000000002554       0x18 build/application/board/Pads.o
                0x0000000000002554                _ZN5Board7getPadXEh
 .text._ZN5Board7getPadYEh
                0x000000000000256c       0x18 build/application/board/Pads.o
                0x000000000000256c                _ZN5Board7getPadYEh
 .text.__vector_29
                0x0000000000002584      0x386 build/application/board/Pads.o
                0x0000000000002584                __vector_29
 .text._ZN5Board14getButtonStateEh
                0x000000000000290a        0xc build/application/board/Buttons.o
                0x000000000000290a                _ZN5Board14getButtonStateEh
 .text._ZN5Board8initPinsEv
                0x0000000000002916       0x46 build/application/board/pins/Pins.o
                0x0000000000002916                _ZN5Board8initPinsEv
 .text._ZN5Board10initTimersEv
                0x000000000000295c       0xd0 build/application/board/ISR.o
                0x000000000000295c                _ZN5Board10initTimersEv
 .text.__vector_32
                0x0000000000002a2c      0x536 build/application/board/ISR.o
                0x0000000000002a2c                __vector_32
 .text.EVENT_USB_Device_ConfigurationChanged
                0x0000000000002f62       0x14 build/application/board/avr/usb/USB_MIDI.o
                0x0000000000002f62                EVENT_USB_Device_ConfigurationChanged
 .text.__vector_25
                0x0000000000002f76       0x84 build/application/board/avr/uart/UART_MIDI_1.o
                0x0000000000002f76                __vector_25
 .text.__vector_26
                0x0000000000002ffa       0x88 build/application/board/avr/uart/UART_MIDI_1.o
                0x0000000000002ffa                __vector_26
 .text._ZN5Board4initEv
                0x0000000000003082       0x18 build/application/board/Init.o
                0x0000000000003082                _ZN5Board4initEv
 .text.u8x8_gpio_and_delay_arduino
                0x000000000000309a       0x6c build/application/board/lcd/U8g2/src/U8x8lib.o
                0x000000000000309a                u8x8_gpio_and_delay_arduino
 .text.u8x8_byte_arduino_hw_spi
                0x0000000000003106      0x11a build/application/board/lcd/U8g2/src/U8x8lib.o
                0x0000000000003106                u8x8_byte_arduino_hw_spi
 .text._ZN5Board6rebootE12rebootType_t
                0x0000000000003220       0x24 build/application/board/Board.o
                0x0000000000003220                _ZN5Board6rebootE12rebootType_t
 .text._ZN5Board16checkNewRevisionEv
                0x0000000000003244       0x48 build/application/board/Board.o
                0x0000000000003244                _ZN5Board16checkNewRevisionEv
 .text.CALLBACK_USB_GetDescriptor
                0x000000000000328c       0x7c build/application/board/avr/usb/Descriptors.o
                0x000000000000328c                CALLBACK_USB_GetDescriptor
 .text.u8x8_Setup
                0x0000000000003308       0x2e build/application/board/lcd/U8g2/src/clib/u8x8_setup.o
                0x0000000000003308                u8x8_Setup
 .text.u8x8_get_glyph_data.isra.0
                0x0000000000003336       0x90 build/application/board/lcd/U8g2/src/clib/u8x8_8x8.o
 .text.u8x8_SetFont
                0x00000000000033c6        0x8 build/application/board/lcd/U8g2/src/clib/u8x8_8x8.o
                0x00000000000033c6                u8x8_SetFont
 .text.u8x8_DrawGlyph
                0x00000000000033ce       0x66 build/application/board/lcd/U8g2/src/clib/u8x8_8x8.o
                0x00000000000033ce                u8x8_DrawGlyph
 .text.u8x8_d_ssd1322_common
                0x0000000000003434      0x188 build/application/board/lcd/U8g2/src/clib/u8x8_d_ssd1322.o
                0x0000000000003434                u8x8_d_ssd1322_common
 .text.u8x8_d_ssd1322_nhd_256x64
                0x00000000000035bc       0x10 build/application/board/lcd/U8g2/src/clib/u8x8_d_ssd1322.o
                0x00000000000035bc                u8x8_d_ssd1322_nhd_256x64
 .text.u8x8_d_helper_display_setup_memory
                0x00000000000035cc       0x10 build/application/board/lcd/U8g2/src/clib/u8x8_display.o
                0x00000000000035cc                u8x8_d_helper_display_setup_memory
 .text.u8x8_d_helper_display_init
                0x00000000000035dc       0x64 build/application/board/lcd/U8g2/src/clib/u8x8_display.o
                0x00000000000035dc                u8x8_d_helper_display_init
 .text.u8x8_DrawTile
                0x0000000000003640       0x46 build/application/board/lcd/U8g2/src/clib/u8x8_display.o
                0x0000000000003640                u8x8_DrawTile
 .text.u8x8_SetupMemory
                0x0000000000003686       0x14 build/application/board/lcd/U8g2/src/clib/u8x8_display.o
                0x0000000000003686                u8x8_SetupMemory
 .text.u8x8_InitDisplay
                0x000000000000369a       0x14 build/application/board/lcd/U8g2/src/clib/u8x8_display.o
                0x000000000000369a                u8x8_InitDisplay
 .text.u8x8_SetPowerSave
                0x00000000000036ae       0x14 build/application/board/lcd/U8g2/src/clib/u8x8_display.o
                0x00000000000036ae                u8x8_SetPowerSave
 .text.u8x8_SetFlipMode
                0x00000000000036c2       0x14 build/application/board/lcd/U8g2/src/clib/u8x8_display.o
                0x00000000000036c2                u8x8_SetFlipMode
 .text.u8x8_ClearDisplayWithTile
                0x00000000000036d6       0x76 build/application/board/lcd/U8g2/src/clib/u8x8_display.o
                0x00000000000036d6                u8x8_ClearDisplayWithTile
 .text.u8x8_ClearDisplay
                0x000000000000374c       0x38 build/application/board/lcd/U8g2/src/clib/u8x8_display.o
                0x000000000000374c                u8x8_ClearDisplay
 .text.u8x8_byte_SetDC
                0x0000000000003784       0x14 build/application/board/lcd/U8g2/src/clib/u8x8_byte.o
                0x0000000000003784                u8x8_byte_SetDC
 .text.u8x8_byte_SendBytes
                0x0000000000003798       0x12 build/application/board/lcd/U8g2/src/clib/u8x8_byte.o
                0x0000000000003798                u8x8_byte_SendBytes
 .text.u8x8_byte_SendByte
                0x00000000000037aa       0x1e build/application/board/lcd/U8g2/src/clib/u8x8_byte.o
                0x00000000000037aa                u8x8_byte_SendByte
 .text.u8x8_cad_SendCmd
                0x00000000000037c8       0x14 build/application/board/lcd/U8g2/src/clib/u8x8_cad.o
                0x00000000000037c8                u8x8_cad_SendCmd
 .text.u8x8_cad_SendArg
                0x00000000000037dc       0x14 build/application/board/lcd/U8g2/src/clib/u8x8_cad.o
                0x00000000000037dc                u8x8_cad_SendArg
 .text.u8x8_cad_SendData
                0x00000000000037f0       0x12 build/application/board/lcd/U8g2/src/clib/u8x8_cad.o
                0x00000000000037f0                u8x8_cad_SendData
 .text.u8x8_cad_StartTransfer
                0x0000000000003802       0x14 build/application/board/lcd/U8g2/src/clib/u8x8_cad.o
                0x0000000000003802                u8x8_cad_StartTransfer
 .text.u8x8_cad_EndTransfer
                0x0000000000003816       0x14 build/application/board/lcd/U8g2/src/clib/u8x8_cad.o
                0x0000000000003816                u8x8_cad_EndTransfer
 .text.u8x8_cad_SendSequence
                0x000000000000382a       0xa6 build/application/board/lcd/U8g2/src/clib/u8x8_cad.o
                0x000000000000382a                u8x8_cad_SendSequence
 .text.u8x8_cad_011
                0x00000000000038d0       0x8a build/application/board/lcd/U8g2/src/clib/u8x8_cad.o
                0x00000000000038d0                u8x8_cad_011
 .text.u8x8_gpio_call
                0x000000000000395a       0x10 build/application/board/lcd/U8g2/src/clib/u8x8_gpio.o
                0x000000000000395a                u8x8_gpio_call
 .text._Z10memoryReadm22sectionParameterType_tRl
                0x000000000000396a       0x5a build/application/database/Database.o
                0x000000000000396a                _Z10memoryReadm22sectionParameterType_tRl
 .text._Z11memoryWriteml22sectionParameterType_t
                0x00000000000039c4       0x34 build/application/database/Database.o
                0x00000000000039c4                _Z11memoryWriteml22sectionParameterType_t
 .text._ZN8Database12factoryResetE10initType_t
                0x00000000000039f8       0x2e build/application/database/Database.o
                0x00000000000039f8                _ZN8Database12factoryResetE10initType_t
 .text._ZN8Database14signatureValidEv
                0x0000000000003a26       0x34 build/application/database/Database.o
                0x0000000000003a26                _ZN8Database14signatureValidEv
 .text._ZN8Database4initEv
                0x0000000000003a5a       0x24 build/application/database/Database.o
                0x0000000000003a5a                _ZN8Database4initEv
 .text.startup._GLOBAL__sub_I_dbLayout
                0x0000000000003a7e        0x8 build/application/database/Database.o
 .text._ZN8Database19initProgramSettingsEv
                0x0000000000003a86       0xf4 build/application/database/Init.o
                0x0000000000003a86                _ZN8Database19initProgramSettingsEv
 .text._ZN8Database10initScalesEv
                0x0000000000003b7a       0xc6 build/application/database/Init.o
                0x0000000000003b7a                _ZN8Database10initScalesEv
 .text._ZN8Database18initGlobalSettingsEv
                0x0000000000003c40       0x68 build/application/database/Init.o
                0x0000000000003c40                _ZN8Database18initGlobalSettingsEv
 .text._ZN8Database17writeCustomValuesEv
                0x0000000000003ca8        0x6 build/application/database/Init.o
                0x0000000000003ca8                _ZN8Database17writeCustomValuesEv
 .text._ZN4Pads5sendXEa
                0x0000000000003cae       0x6e build/application/interface/pads/MIDIout.o
                0x0000000000003cae                _ZN4Pads5sendXEa
 .text._ZN4Pads5sendYEa
                0x0000000000003d1c       0x6e build/application/interface/pads/MIDIout.o
                0x0000000000003d1c                _ZN4Pads5sendYEa
 .text._ZN4Pads9sendNotesEahb
                0x0000000000003d8a      0x2ac build/application/interface/pads/MIDIout.o
                0x0000000000003d8a                _ZN4Pads9sendNotesEahb
 .text._ZN4Pads14sendAftertouchEa
                0x0000000000004036      0x126 build/application/interface/pads/MIDIout.o
                0x0000000000004036                _ZN4Pads14sendAftertouchEa
 .text._ZN4Pads4initEv
                0x000000000000415c        0xc build/application/interface/pads/Pads.o
                0x000000000000415c                _ZN4Pads4initEv
 .text.startup._GLOBAL__sub_I__ZN4PadsC2Ev
                0x0000000000004168       0xc2 build/application/interface/pads/Pads.o
 .text._ZN4Pads13checkVelocityEaj
                0x000000000000422a      0x232 build/application/interface/pads/DataProcessing.o
                0x000000000000422a                _ZN4Pads13checkVelocityEaj
 .text._ZN4Pads15checkAftertouchEabj
                0x000000000000445c      0x2c6 build/application/interface/pads/DataProcessing.o
                0x000000000000445c                _ZN4Pads15checkAftertouchEabj
 .text._ZN4Pads6checkXEa
                0x0000000000004722      0x26c build/application/interface/pads/DataProcessing.o
                0x0000000000004722                _ZN4Pads6checkXEa
 .text._ZN4Pads6checkYEa
                0x000000000000498e      0x26e build/application/interface/pads/DataProcessing.o
                0x000000000000498e                _ZN4Pads6checkYEa
 .text._ZN4Pads15checkNoteBufferEv
                0x0000000000004bfc       0xd0 build/application/interface/pads/DataProcessing.o
                0x0000000000004bfc                _ZN4Pads15checkNoteBufferEv
 .text._ZN4Pads13checkMIDIdataEabbbb
                0x0000000000004ccc      0x148 build/application/interface/pads/DataProcessing.o
                0x0000000000004ccc                _ZN4Pads13checkMIDIdataEabbbb
 .text._ZN4Pads12checkLCDdataEabbbb
                0x0000000000004e14      0x2f2 build/application/interface/pads/DataProcessing.o
                0x0000000000004e14                _ZN4Pads12checkLCDdataEabbbb
 .text._ZN4Pads6updateEv
                0x0000000000005106      0x47c build/application/interface/pads/DataProcessing.o
                0x0000000000005106                _ZN4Pads6updateEv
 .text._ZN4Pads17getLastTouchedPadEv
                0x0000000000005582       0x16 build/application/interface/pads/Getters.o
                0x0000000000005582                _ZN4Pads17getLastTouchedPadEv
 .text._ZN4Pads12isPadPressedEa
                0x0000000000005598       0x1c build/application/interface/pads/Getters.o
                0x0000000000005598                _ZN4Pads12isPadPressedEa
 .text._ZN4Pads22getNumberOfPressedPadsEv
                0x00000000000055b4       0x30 build/application/interface/pads/Getters.o
                0x00000000000055b4                _ZN4Pads22getNumberOfPressedPadsEv
 .text._ZN4Pads10getProgramEv
                0x00000000000055e4        0xa build/application/interface/pads/Getters.o
                0x00000000000055e4                _ZN4Pads10getProgramEv
 .text._ZN4Pads8getScaleEv
                0x00000000000055ee        0xa build/application/interface/pads/Getters.o
                0x00000000000055ee                _ZN4Pads8getScaleEv
 .text._ZN4Pads11isUserScaleEa
                0x00000000000055f8        0xa build/application/interface/pads/Getters.o
                0x00000000000055f8                _ZN4Pads11isUserScaleEa
 .text._ZN4Pads17isPredefinedScaleEa
                0x0000000000005602        0xa build/application/interface/pads/Getters.o
                0x0000000000005602                _ZN4Pads17isPredefinedScaleEa
 .text._ZN4Pads16getEditModeStateEv
                0x000000000000560c        0xa build/application/interface/pads/Getters.o
                0x000000000000560c                _ZN4Pads16getEditModeStateEv
 .text._ZN4Pads8getTonicEv
                0x0000000000005616       0x74 build/application/interface/pads/Getters.o
                0x0000000000005616                _ZN4Pads8getTonicEv
 .text._ZN4Pads9getOctaveEb
                0x000000000000568a       0x6c build/application/interface/pads/Getters.o
                0x000000000000568a                _ZN4Pads9getOctaveEb
 .text._ZN4Pads13getSplitStateEv
                0x00000000000056f6        0xa build/application/interface/pads/Getters.o
                0x00000000000056f6                _ZN4Pads13getSplitStateEv
 .text._ZN4Pads16getMIDISendStateEa10function_t
                0x0000000000005700       0xce build/application/interface/pads/Getters.o
                0x0000000000005700                _ZN4Pads16getMIDISendStateEa10function_t
 .text._ZN4Pads17getAftertouchTypeEv
                0x00000000000057ce        0xa build/application/interface/pads/Getters.o
                0x00000000000057ce                _ZN4Pads17getAftertouchTypeEv
 .text._ZN4Pads10getPadNoteEaa
                0x00000000000057d8       0x1c build/application/interface/pads/Getters.o
                0x00000000000057d8                _ZN4Pads10getPadNoteEaa
 .text._ZN4Pads14isNoteAssignedE6note_t
                0x00000000000057f4       0x4e build/application/interface/pads/Getters.o
                0x00000000000057f4                _ZN4Pads14isNoteAssignedE6note_t
 .text._ZN4Pads16getTonicFromNoteEa
                0x0000000000005842       0x1e build/application/interface/pads/Getters.o
                0x0000000000005842                _ZN4Pads16getTonicFromNoteEa
 .text._ZN4Pads17getOctaveFromNoteEa
                0x0000000000005860       0x10 build/application/interface/pads/Getters.o
                0x0000000000005860                _ZN4Pads17getOctaveFromNoteEa
 .text._ZN4Pads18getScaleShiftLevelEv
                0x0000000000005870       0x36 build/application/interface/pads/Getters.o
                0x0000000000005870                _ZN4Pads18getScaleShiftLevelEv
 .text._ZN4Pads10getCCvalueEa15padCoordinate_t
                0x00000000000058a6       0x30 build/application/interface/pads/Getters.o
                0x00000000000058a6                _ZN4Pads10getCCvalueEa15padCoordinate_t
 .text._ZN4Pads10getCClimitEa15padCoordinate_t11limitType_t
                0x00000000000058d6       0x64 build/application/interface/pads/Getters.o
                0x00000000000058d6                _ZN4Pads10getCClimitEa15padCoordinate_t11limitType_t
 .text._ZN4Pads10getCCcurveEa15padCoordinate_t
                0x000000000000593a       0x30 build/application/interface/pads/Getters.o
                0x000000000000593a                _ZN4Pads10getCCcurveEa15padCoordinate_t
 .text._ZN4Pads22getVelocitySensitivityEv
                0x000000000000596a        0xa build/application/interface/pads/Getters.o
                0x000000000000596a                _ZN4Pads22getVelocitySensitivityEv
 .text._ZN4Pads16getVelocityCurveEv
                0x0000000000005974        0xa build/application/interface/pads/Getters.o
                0x0000000000005974                _ZN4Pads16getVelocityCurveEv
 .text._ZN4Pads14getMIDIchannelEa
                0x000000000000597e       0x12 build/application/interface/pads/Getters.o
                0x000000000000597e                _ZN4Pads14getMIDIchannelEa
 .text._ZN4Pads20isCalibrationEnabledEv
                0x0000000000005990        0xa build/application/interface/pads/Getters.o
                0x0000000000005990                _ZN4Pads20isCalibrationEnabledEv
 .text._ZN4Pads18getCalibrationModeEv
                0x000000000000599a        0xa build/application/interface/pads/Getters.o
                0x000000000000599a                _ZN4Pads18getCalibrationModeEv
 .text._ZN4Pads19getCalibrationLimitEa15padCoordinate_t11limitType_t
                0x00000000000059a4       0x6e build/application/interface/pads/Getters.o
                0x00000000000059a4                _ZN4Pads19getCalibrationLimitEa15padCoordinate_t11limitType_t
 .text._ZN4Pads21isAftertouchActivatedEa
                0x0000000000005a12       0x18 build/application/interface/pads/Getters.o
                0x0000000000005a12                _ZN4Pads21isAftertouchActivatedEa
 .text._ZN4Pads16getPadParametersEv
                0x0000000000005a2a      0x8ca build/application/interface/pads/Getters.o
                0x0000000000005a2a                _ZN4Pads16getPadParametersEv
 .text._ZN4Pads18getScaleParametersEv
                0x00000000000062f4      0x2e4 build/application/interface/pads/Getters.o
                0x00000000000062f4                _ZN4Pads18getScaleParametersEv
 .text._ZN4Pads20getProgramParametersEv
                0x00000000000065d8       0x4a build/application/interface/pads/Getters.o
                0x00000000000065d8                _ZN4Pads20getProgramParametersEv
 .text._ZN4Pads17getPressureLimitsEv
                0x0000000000006622       0xe6 build/application/interface/pads/Getters.o
                0x0000000000006622                _ZN4Pads17getPressureLimitsEv
 .text._ZN4Pads19getAftertouchLimitsEv
                0x0000000000006708       0xa8 build/application/interface/pads/Getters.o
                0x0000000000006708                _ZN4Pads19getAftertouchLimitsEv
 .text._ZN4Pads10getXLimitsEv
                0x00000000000067b0       0x46 build/application/interface/pads/Getters.o
                0x00000000000067b0                _ZN4Pads10getXLimitsEv
 .text._ZN4Pads10getYLimitsEv
                0x00000000000067f6       0x46 build/application/interface/pads/Getters.o
                0x00000000000067f6                _ZN4Pads10getYLimitsEv
 .text._ZN4Pads12getPadLimitsEv
                0x000000000000683c       0x18 build/application/interface/pads/Getters.o
                0x000000000000683c                _ZN4Pads12getPadLimitsEv
 .text._ZN4Pads16getConfigurationEv
                0x0000000000006854       0x62 build/application/interface/pads/Getters.o
                0x0000000000006854                _ZN4Pads16getConfigurationEv
 .text._ZN4Pads23getPredefinedScaleNotesEa
                0x00000000000068b6       0x16 build/application/interface/pads/Getters.o
                0x00000000000068b6                _ZN4Pads23getPredefinedScaleNotesEa
 .text._ZN4Pads17getScaledPressureEaj14pressureType_t
                0x00000000000068cc       0xfe build/application/interface/pads/Getters.o
                0x00000000000068cc                _ZN4Pads17getScaledPressureEaj14pressureType_t
 .text._ZN4Pads11getScaledXYEaj15padCoordinate_t16valueScaleType_t
                0x00000000000069ca      0x382 build/application/interface/pads/Getters.o
                0x00000000000069ca                _ZN4Pads11getScaledXYEaj15padCoordinate_t16valueScaleType_t
 .text._ZN4Pads15getPressureZoneEa
                0x0000000000006d4c       0x68 build/application/interface/pads/Getters.o
                0x0000000000006d4c                _ZN4Pads15getPressureZoneEa
 .text._ZN4Pads16getPitchBendTypeEv
                0x0000000000006db4        0xa build/application/interface/pads/Getters.o
                0x0000000000006db4                _ZN4Pads16getPitchBendTypeEv
 .text._ZN4Pads17getPitchBendStateEa15padCoordinate_t
                0x0000000000006dbe       0x3c build/application/interface/pads/Getters.o
                0x0000000000006dbe                _ZN4Pads17getPitchBendStateEa15padCoordinate_t
 .text._ZN6Curves4initEv
                0x0000000000006dfa       0x4a build/application/interface/pads/curves/Curves.o
                0x0000000000006dfa                _ZN6Curves4initEv
 .text._ZN6Curves3mapElllll
                0x0000000000006e44       0x8a build/application/interface/pads/curves/Curves.o
                0x0000000000006e44                _ZN6Curves3mapElllll
 .text._ZN6Curves13getCurveValueE7curve_thhh
                0x0000000000006ece       0xd6 build/application/interface/pads/curves/Curves.o
                0x0000000000006ece                _ZN6Curves13getCurveValueE7curve_thhh
 .text._ZN4Pads10setProgramEa
                0x0000000000006fa4       0x72 build/application/interface/pads/Setters.o
                0x0000000000006fa4                _ZN4Pads10setProgramEa
 .text._ZN4Pads8setScaleEa
                0x0000000000007016       0x82 build/application/interface/pads/Setters.o
                0x0000000000007016                _ZN4Pads8setScaleEa
 .text._ZN4Pads8setTonicE6note_tb
                0x0000000000007098      0x22c build/application/interface/pads/Setters.o
                0x0000000000007098                _ZN4Pads8setTonicE6note_tb
 .text._ZN4Pads16setEditModeStateEba
                0x00000000000072c4       0xa6 build/application/interface/pads/Setters.o
                0x00000000000072c4                _ZN4Pads16setEditModeStateEba
 .text._ZN4Pads13setSplitStateEb
                0x000000000000736a       0x6a build/application/interface/pads/Setters.o
                0x000000000000736a                _ZN4Pads13setSplitStateEb
 .text._ZN4Pads16setMIDISendStateE10function_tb
                0x00000000000073d4      0x2e6 build/application/interface/pads/Setters.o
                0x00000000000073d4                _ZN4Pads16setMIDISendStateE10function_tb
 .text._ZN4Pads17setAftertouchTypeE16aftertouchType_t
                0x00000000000076ba       0x74 build/application/interface/pads/Setters.o
                0x00000000000076ba                _ZN4Pads17setAftertouchTypeE16aftertouchType_t
 .text._ZN4Pads14setMIDIchannelEaa
                0x000000000000772e      0x102 build/application/interface/pads/Setters.o
                0x000000000000772e                _ZN4Pads14setMIDIchannelEaa
 .text._ZN4Pads22setVelocitySensitivityE21velocitySensitivity_t
                0x0000000000007830       0x4a build/application/interface/pads/Setters.o
                0x0000000000007830                _ZN4Pads22setVelocitySensitivityE21velocitySensitivity_t
 .text._ZN4Pads16setVelocityCurveE7curve_t
                0x000000000000787a       0x4a build/application/interface/pads/Setters.o
                0x000000000000787a                _ZN4Pads16setVelocityCurveE7curve_t
 .text._ZN4Pads10setCCcurveE15padCoordinate_ti
                0x00000000000078c4      0x152 build/application/interface/pads/Setters.o
                0x00000000000078c4                _ZN4Pads10setCCcurveE15padCoordinate_ti
 .text._ZN4Pads10setCClimitE15padCoordinate_t11limitType_ti
                0x0000000000007a16      0x17c build/application/interface/pads/Setters.o
                0x0000000000007a16                _ZN4Pads10setCClimitE15padCoordinate_t11limitType_ti
 .text._ZN4Pads18setCalibrationModeEb15padCoordinate_t
                0x0000000000007b92      0x19a build/application/interface/pads/Setters.o
                0x0000000000007b92                _ZN4Pads18setCalibrationModeEb15padCoordinate_t
 .text._ZN4Pads17calibratePressureEaib
                0x0000000000007d2c       0x68 build/application/interface/pads/Setters.o
                0x0000000000007d2c                _ZN4Pads17calibratePressureEaib
 .text._ZN4Pads11calibrateXYEa15padCoordinate_t11limitType_tib
                0x0000000000007d94      0x162 build/application/interface/pads/Setters.o
                0x0000000000007d94                _ZN4Pads11calibrateXYEa15padCoordinate_t11limitType_tib
 .text._ZN4Pads10setPadNoteEa6note_t
                0x0000000000007ef6      0x1f8 build/application/interface/pads/Setters.o
                0x0000000000007ef6                _ZN4Pads10setPadNoteEa6note_t
 .text._ZN4Pads9setOctaveEab
                0x00000000000080ee      0x208 build/application/interface/pads/Setters.o
                0x00000000000080ee                _ZN4Pads9setOctaveEab
 .text._ZN4Pads18setScaleShiftLevelEab
                0x00000000000082f6      0x358 build/application/interface/pads/Setters.o
                0x00000000000082f6                _ZN4Pads18setScaleShiftLevelEab
 .text._ZN4Pads16setPadPressStateEab
                0x000000000000864e       0x4a build/application/interface/pads/Setters.o
                0x000000000000864e                _ZN4Pads16setPadPressStateEab
 .text._ZN4Pads18updateFunctionLEDsEa
                0x0000000000008698       0xd2 build/application/interface/pads/Setters.o
                0x0000000000008698                _ZN4Pads18updateFunctionLEDsEa
 .text._ZN4Pads14updateNoteLEDsEab
                0x000000000000876a      0x18c build/application/interface/pads/Setters.o
                0x000000000000876a                _ZN4Pads14updateNoteLEDsEab
 .text._ZN4Pads20updateLastPressedPadEab
                0x00000000000088f6      0x176 build/application/interface/pads/Setters.o
                0x00000000000088f6                _ZN4Pads20updateLastPressedPadEab
 .text._ZN4Pads10storeNotesEa
                0x0000000000008a6c       0x76 build/application/interface/pads/Setters.o
                0x0000000000008a6c                _ZN4Pads10storeNotesEa
 .text._ZN4Pads16setPitchBendTypeE15pitchBendType_t
                0x0000000000008ae2       0x36 build/application/interface/pads/Setters.o
                0x0000000000008ae2                _ZN4Pads16setPitchBendTypeE15pitchBendType_t
 .text._ZN4Pads17setPitchBendStateEb15padCoordinate_t
                0x0000000000008b18      0x1f6 build/application/interface/pads/Setters.o
                0x0000000000008b18                _ZN4Pads17setPitchBendStateEb15padCoordinate_t
 .text._ZN4Pads10setCCvalueE15padCoordinate_ti
                0x0000000000008d0e      0x182 build/application/interface/pads/Setters.o
                0x0000000000008d0e                _ZN4Pads10setCCvalueE15padCoordinate_ti
 .text._ZN8Encoders4initEv
                0x0000000000008e90        0x2 build/application/interface/encoders/Encoders.o
                0x0000000000008e90                _ZN8Encoders4initEv
 .text._ZN8Encoders6updateEb
                0x0000000000008e92      0x120 build/application/interface/encoders/Encoders.o
                0x0000000000008e92                _ZN8Encoders6updateEb
 .text._ZN8Encoders5flushEv
                0x0000000000008fb2        0x4 build/application/interface/encoders/Encoders.o
                0x0000000000008fb2                _ZN8Encoders5flushEv
 .text._Z13handleProgramha
                0x0000000000008fb6       0xea build/application/interface/encoders/handlers/Handlers.o
                0x0000000000008fb6                _Z13handleProgramha
 .text._Z11handleScaleha
                0x00000000000090a0      0x150 build/application/interface/encoders/handlers/Handlers.o
                0x00000000000090a0                _Z11handleScaleha
 .text._Z8handleCCha
                0x00000000000091f0      0x118 build/application/interface/encoders/handlers/Handlers.o
                0x00000000000091f0                _Z8handleCCha
 .text._Z11handleLimitha
                0x0000000000009308      0x2a2 build/application/interface/encoders/handlers/Handlers.o
                0x0000000000009308                _Z11handleLimitha
 .text._Z11handleCurveha
                0x00000000000095aa       0xe0 build/application/interface/encoders/handlers/Handlers.o
                0x00000000000095aa                _Z11handleCurveha
 .text._Z21initHandlers_encodersv
                0x000000000000968a       0x76 build/application/interface/encoders/handlers/Init.o
                0x000000000000968a                _Z21initHandlers_encodersv
 .text._ZN7Buttons17mapButtonsToNotesEv
                0x0000000000009700       0x3e build/application/interface/buttons/Map.o
                0x0000000000009700                _ZN7Buttons17mapButtonsToNotesEv
 .text._ZN7Buttons14getButtonStateEh
                0x000000000000973e       0x2c build/application/interface/buttons/Buttons.o
                0x000000000000973e                _ZN7Buttons14getButtonStateEh
 .text._ZN7Buttons13processButtonEhh
                0x000000000000976a      0x174 build/application/interface/buttons/Buttons.o
                0x000000000000976a                _ZN7Buttons13processButtonEhh
 .text._ZN7Buttons6updateEv
                0x00000000000098de       0x6e build/application/interface/buttons/Buttons.o
                0x00000000000098de                _ZN7Buttons6updateEv
 .text._ZN7Buttons4initEv
                0x000000000000994c       0x8e build/application/interface/buttons/Buttons.o
                0x000000000000994c                _ZN7Buttons4initEv
 .text._ZN7Buttons6enableEa
                0x00000000000099da       0x5c build/application/interface/buttons/Buttons.o
                0x00000000000099da                _ZN7Buttons6enableEa
 .text._ZN7Buttons7disableEa
                0x0000000000009a36       0x5c build/application/interface/buttons/Buttons.o
                0x0000000000009a36                _ZN7Buttons7disableEa
 .text._ZN7Buttons20getButtonEnableStateEh
                0x0000000000009a92       0x28 build/application/interface/buttons/Buttons.o
                0x0000000000009a92                _ZN7Buttons20getButtonEnableStateEh
 .text._ZN7Buttons18getTonicFromButtonEh
                0x0000000000009aba        0xa build/application/interface/buttons/Buttons.o
                0x0000000000009aba                _ZN7Buttons18getTonicFromButtonEh
 .text._ZN7Buttons23setTransportControlTypeE22transportControlType_t
                0x0000000000009ac4       0x22 build/application/interface/buttons/Buttons.o
                0x0000000000009ac4                _ZN7Buttons23setTransportControlTypeE22transportControlType_t
 .text._ZN7Buttons23getTransportControlTypeEv
                0x0000000000009ae6        0x6 build/application/interface/buttons/Buttons.o
                0x0000000000009ae6                _ZN7Buttons23getTransportControlTypeEv
 .text._ZN7Buttons17setMIDIchannelEncEb
                0x0000000000009aec        0xa build/application/interface/buttons/Buttons.o
                0x0000000000009aec                _ZN7Buttons17setMIDIchannelEncEb
 .text._ZN7Buttons17getMIDIchannelEncEv
                0x0000000000009af6        0xa build/application/interface/buttons/Buttons.o
                0x0000000000009af6                _ZN7Buttons17getMIDIchannelEncEv
 .text.startup._GLOBAL__sub_I__ZN7ButtonsC2Ev
                0x0000000000009b00       0x28 build/application/interface/buttons/Buttons.o
 .text._Z11handleOnOffhb
                0x0000000000009b28      0x28c build/application/interface/buttons/handlers/Handlers.o
                0x0000000000009b28                _Z11handleOnOffhb
 .text._Z22handleTransportControlhb
                0x0000000000009db4      0x37a build/application/interface/buttons/handlers/Handlers.o
                0x0000000000009db4                _Z22handleTransportControlhb
 .text._Z12handleUpDownhb
                0x000000000000a12e      0x352 build/application/interface/buttons/handlers/Handlers.o
                0x000000000000a12e                _Z12handleUpDownhb
 .text._Z11handleTonichb
                0x000000000000a480      0x11c build/application/interface/buttons/handlers/Handlers.o
                0x000000000000a480                _Z11handleTonichb
 .text._Z22handleProgramEncButtonhb
                0x000000000000a59c       0x4a build/application/interface/buttons/handlers/Handlers.o
                0x000000000000a59c                _Z22handleProgramEncButtonhb
 .text._Z21handlePresetEncButtonhb
                0x000000000000a5e6       0x92 build/application/interface/buttons/handlers/Handlers.o
                0x000000000000a5e6                _Z21handlePresetEncButtonhb
 .text._Z20initHandlers_buttonsv
                0x000000000000a678       0xea build/application/interface/buttons/handlers/Init.o
                0x000000000000a678                _Z20initHandlers_buttonsv
 .text._ZN3LCD4initEv
                0x000000000000a762       0xb2 build/application/interface/lcd/UpdateLogic.o
                0x000000000000a762                _ZN3LCD4initEv
 .text._ZN3LCD10updateTextEh13lcdTextType_th
                0x000000000000a814      0x384 build/application/interface/lcd/UpdateLogic.o
                0x000000000000a814                _ZN3LCD10updateTextEh13lcdTextType_th
 .text._ZN3LCD19setDirectWriteStateEb
                0x000000000000ab98        0xa build/application/interface/lcd/UpdateLogic.o
                0x000000000000ab98                _ZN3LCD19setDirectWriteStateEb
 .text._ZN3LCD13getTextCenterEh
                0x000000000000aba2        0x8 build/application/interface/lcd/UpdateLogic.o
                0x000000000000aba2                _ZN3LCD13getTextCenterEh
 .text._ZN3LCD20updateTempTextStatusEv
                0x000000000000abaa       0x78 build/application/interface/lcd/UpdateLogic.o
                0x000000000000abaa                _ZN3LCD20updateTempTextStatusEv
 .text._ZN3LCD18updateScrollStatusEh
                0x000000000000ac22      0x16c build/application/interface/lcd/UpdateLogic.o
                0x000000000000ac22                _ZN3LCD18updateScrollStatusEh
 .text._ZN3LCD6updateEv
                0x000000000000ad8e      0x1c6 build/application/interface/lcd/UpdateLogic.o
                0x000000000000ad8e                _ZN3LCD6updateEv
 .text._ZN3LCD17getActiveTextTypeEv
                0x000000000000af54        0x6 build/application/interface/lcd/UpdateLogic.o
                0x000000000000af54                _ZN3LCD17getActiveTextTypeEv
 .text.startup._GLOBAL__sub_I_u8x8
                0x000000000000af5a       0x28 build/application/interface/lcd/UpdateLogic.o
 .text._ZN3LCD18displayProgramInfoEhh6note_ta
                0x000000000000af82      0x4a0 build/application/interface/lcd/message_builder/Text.o
                0x000000000000af82                _ZN3LCD18displayProgramInfoEhh6note_ta
 .text._ZN3LCD10displayPadEh
                0x000000000000b422      0x118 build/application/interface/lcd/message_builder/Text.o
                0x000000000000b422                _ZN3LCD10displayPadEh
 .text._ZN3LCD21displayActivePadNotesEb
                0x000000000000b53a      0x250 build/application/interface/lcd/message_builder/Text.o
                0x000000000000b53a                _ZN3LCD21displayActivePadNotesEb
 .text._ZN3LCD15displayVelocityEhi
                0x000000000000b78a      0x2d8 build/application/interface/lcd/message_builder/Text.o
                0x000000000000b78a                _ZN3LCD15displayVelocityEhi
 .text._ZN3LCD17displayAftertouchEh
                0x000000000000ba62      0x12c build/application/interface/lcd/message_builder/Text.o
                0x000000000000ba62                _ZN3LCD17displayAftertouchEh
 .text._ZN3LCD14displayXYvalueE15padCoordinate_t17midiMessageType_tii
                0x000000000000bb8e      0x44c build/application/interface/lcd/message_builder/Text.o
                0x000000000000bb8e                _ZN3LCD14displayXYvalueE15padCoordinate_t17midiMessageType_tii
 .text._ZN3LCD18displayMIDIchannelEh
                0x000000000000bfda      0x12a build/application/interface/lcd/message_builder/Text.o
                0x000000000000bfda                _ZN3LCD18displayMIDIchannelEh
 .text._ZN3LCD17clearPadPressDataEv
                0x000000000000c104       0x5e build/application/interface/lcd/message_builder/Text.o
                0x000000000000c104                _ZN3LCD17clearPadPressDataEv
 .text._ZN3LCD8clearRowEh
                0x000000000000c162       0x2a build/application/interface/lcd/message_builder/Text.o
                0x000000000000c162                _ZN3LCD8clearRowEh
 .text._ZN3LCD24displayCalibrationStatusE15padCoordinate_tb.part.3
                0x000000000000c18c      0x176 build/application/interface/lcd/message_builder/Text.o
 .text._ZN3LCD24displayCalibrationStatusE15padCoordinate_tb
                0x000000000000c302        0x8 build/application/interface/lcd/message_builder/Text.o
                0x000000000000c302                _ZN3LCD24displayCalibrationStatusE15padCoordinate_tb
 .text._ZN3LCD22setupCalibrationScreenE15padCoordinate_tb
                0x000000000000c30a       0xb2 build/application/interface/lcd/message_builder/Text.o
                0x000000000000c30a                _ZN3LCD22setupCalibrationScreenE15padCoordinate_tb
 .text._ZN3LCD30displayPressureCalibrationTimeEhhb
                0x000000000000c3bc      0x19a build/application/interface/lcd/message_builder/Text.o
                0x000000000000c3bc                _ZN3LCD30displayPressureCalibrationTimeEhhb
 .text._ZN3LCD15setupHomeScreenEv
                0x000000000000c556      0x164 build/application/interface/lcd/message_builder/Text.o
                0x000000000000c556                _ZN3LCD15setupHomeScreenEv
 .text._ZN3LCD18setupPadEditScreenEhhb
                0x000000000000c6ba      0x266 build/application/interface/lcd/message_builder/Text.o
                0x000000000000c6ba                _ZN3LCD18setupPadEditScreenEhhb
 .text._ZN3LCD8clearAllEv
                0x000000000000c920       0x1e build/application/interface/lcd/message_builder/Text.o
                0x000000000000c920                _ZN3LCD8clearAllEv
 .text._ZN3LCD17displayDeviceInfoEv
                0x000000000000c93e      0x36e build/application/interface/lcd/message_builder/Text.o
                0x000000000000c93e                _ZN3LCD17displayDeviceInfoEv
 .text._ZN3LCD26displayFactoryResetConfirmEv
                0x000000000000ccac      0x10e build/application/interface/lcd/message_builder/Text.o
                0x000000000000ccac                _ZN3LCD26displayFactoryResetConfirmEv
 .text._ZN3LCD24displayFactoryResetStartEv
                0x000000000000cdba       0x92 build/application/interface/lcd/message_builder/Text.o
                0x000000000000cdba                _ZN3LCD24displayFactoryResetStartEv
 .text._ZN3LCD22displayFactoryResetEndEv
                0x000000000000ce4c       0x92 build/application/interface/lcd/message_builder/Text.o
                0x000000000000ce4c                _ZN3LCD22displayFactoryResetEndEv
 .text._ZN3LCD22displayFirmwareUpdatedEv
                0x000000000000cede      0x224 build/application/interface/lcd/message_builder/Messages.o
                0x000000000000cede                _ZN3LCD22displayFirmwareUpdatedEv
 .text._ZN3LCD12displayErrorE10function_t14changeResult_t
                0x000000000000d102       0xf6 build/application/interface/lcd/message_builder/Messages.o
                0x000000000000d102                _ZN3LCD12displayErrorE10function_t14changeResult_t
 .text._ZN3LCD19displayChangeResultE10function_ti13settingType_t
                0x000000000000d1f8      0x322 build/application/interface/lcd/message_builder/Messages.o
                0x000000000000d1f8                _ZN3LCD19displayChangeResultE10function_ti13settingType_t
 .text._Z12factoryReset16functionArgument
                0x000000000000d51a      0x212 build/application/interface/lcd/menu/functions/MenuFunctions.o
                0x000000000000d51a                _Z12factoryReset16functionArgument
 .text._Z10deviceInfo16functionArgument
                0x000000000000d72c        0xa build/application/interface/lcd/menu/functions/MenuFunctions.o
                0x000000000000d72c                _Z10deviceInfo16functionArgument
 .text._Z17enableCalibration16functionArgument
                0x000000000000d736       0x56 build/application/interface/lcd/menu/functions/MenuFunctions.o
                0x000000000000d736                _Z17enableCalibration16functionArgument
 .text._Z19checkAftertouchType16functionArgument
                0x000000000000d78c       0x48 build/application/interface/lcd/menu/functions/MenuFunctions.o
                0x000000000000d78c                _Z19checkAftertouchType16functionArgument
 .text._Z18checkRunningStatus16functionArgument
                0x000000000000d7d4       0x5c build/application/interface/lcd/menu/functions/MenuFunctions.o
                0x000000000000d7d4                _Z18checkRunningStatus16functionArgument
 .text._Z18checkNoteOffStatus16functionArgument
                0x000000000000d830       0x5a build/application/interface/lcd/menu/functions/MenuFunctions.o
                0x000000000000d830                _Z18checkNoteOffStatus16functionArgument
 .text._Z16checkTransportCC16functionArgument
                0x000000000000d88a       0x48 build/application/interface/lcd/menu/functions/MenuFunctions.o
                0x000000000000d88a                _Z16checkTransportCC16functionArgument
 .text._Z18checkPitchBendType16functionArgument
                0x000000000000d8d2       0x48 build/application/interface/lcd/menu/functions/MenuFunctions.o
                0x000000000000d8d2                _Z18checkPitchBendType16functionArgument
 .text._Z24checkVelocitySensitivity16functionArgument
                0x000000000000d91a       0x48 build/application/interface/lcd/menu/functions/MenuFunctions.o
                0x000000000000d91a                _Z24checkVelocitySensitivity16functionArgument
 .text._Z18checkPressureCurve16functionArgument
                0x000000000000d962       0x54 build/application/interface/lcd/menu/functions/MenuFunctions.o
                0x000000000000d962                _Z18checkPressureCurve16functionArgument
 .text._ZN4Menu20createUserMenuLayoutEv
                0x000000000000d9b6      0x428 build/application/interface/lcd/menu/layout/UserMenu.o
                0x000000000000d9b6                _ZN4Menu20createUserMenuLayoutEv
 .text._ZN4Menu23createServiceMenuLayoutEv
                0x000000000000ddde       0xbe build/application/interface/lcd/menu/layout/ServiceMenu.o
                0x000000000000ddde                _ZN4Menu23createServiceMenuLayoutEv
 .text._ZN4Menu12setMenuTitleEb
                0x000000000000de9c      0x144 build/application/interface/lcd/menu/Menu.o
                0x000000000000de9c                _ZN4Menu12setMenuTitleEb
 .text._ZN4Menu12getMenuItemsEv
                0x000000000000dfe0      0x1e8 build/application/interface/lcd/menu/Menu.o
                0x000000000000dfe0                _ZN4Menu12getMenuItemsEv
 .text._ZN4Menu16updateMenuScreenEv
                0x000000000000e1c8      0x28a build/application/interface/lcd/menu/Menu.o
                0x000000000000e1c8                _ZN4Menu16updateMenuScreenEv
 .text._ZN4Menu4showE10menuType_t
                0x000000000000e452       0x5a build/application/interface/lcd/menu/Menu.o
                0x000000000000e452                _ZN4Menu4showE10menuType_t
 .text._ZN4Menu12changeOptionEb
                0x000000000000e4ac       0x88 build/application/interface/lcd/menu/Menu.o
                0x000000000000e4ac                _ZN4Menu12changeOptionEb
 .text._ZN4Menu8exitMenuEv
                0x000000000000e534       0x2e build/application/interface/lcd/menu/Menu.o
                0x000000000000e534                _ZN4Menu8exitMenuEv
 .text._ZN4Menu15isMenuDisplayedEv
                0x000000000000e562        0xe build/application/interface/lcd/menu/Menu.o
                0x000000000000e562                _ZN4Menu15isMenuDisplayedEv
 .text._ZN4Menu13confirmOptionEb
                0x000000000000e570      0x264 build/application/interface/lcd/menu/Menu.o
                0x000000000000e570                _ZN4Menu13confirmOptionEb
 .text.startup._GLOBAL__sub_I__ZN4MenuC2Ev
                0x000000000000e7d4        0x6 build/application/interface/lcd/menu/Menu.o
 .text._ZN4LEDs4initEv
                0x000000000000e7da       0x2a build/application/interface/leds/LEDs.o
                0x000000000000e7da                _ZN4LEDs4initEv
 .text._ZN4LEDs14checkBlinkLEDsEv
                0x000000000000e804       0x7a build/application/interface/leds/LEDs.o
                0x000000000000e804                _ZN4LEDs14checkBlinkLEDsEv
 .text._ZN4LEDs11setLEDstateEh10ledState_t
                0x000000000000e87e       0x52 build/application/interface/leds/LEDs.o
                0x000000000000e87e                _ZN4LEDs11setLEDstateEh10ledState_t
 .text._ZN4LEDs9setAllOffEv
                0x000000000000e8d0       0x20 build/application/interface/leds/LEDs.o