Archive member included to satisfy reference by file (symbol)

c:/program files (x86)/atmel/studio/7.0/toolchain/avr8/avr8-gnu-toolchain/bin/../lib/gcc/avr/4.9.2/../../../../avr/lib/avr51\libm.a(addsf3.o)
                              interface/pads/curves/Curves.o (__subsf3)
c:/program files (x86)/atmel/studio/7.0/toolchain/avr8/avr8-gnu-toolchain/bin/../lib/gcc/avr/4.9.2/../../../../avr/lib/avr51\libm.a(addsf3x.o)
                              c:/program files (x86)/atmel/studio/7.0/toolchain/avr8/avr8-gnu-toolchain/bin/../lib/gcc/avr/4.9.2/../../../../avr/lib/avr51\libm.a(addsf3.o) (__addsf3x)
c:/program files (x86)/atmel/studio/7.0/toolchain/avr8/avr8-gnu-toolchain/bin/../lib/gcc/avr/4.9.2/../../../../avr/lib/avr51\libm.a(cmpsf2.o)
                              interface/pads/curves/Curves.o (__ltsf2)
c:/program files (x86)/atmel/studio/7.0/toolchain/avr8/avr8-gnu-toolchain/bin/../lib/gcc/avr/4.9.2/../../../../avr/lib/avr51\libm.a(divsf3.o)
                              interface/pads/curves/Curves.o (__divsf3)
c:/program files (x86)/atmel/studio/7.0/toolchain/avr8/avr8-gnu-toolchain/bin/../lib/gcc/avr/4.9.2/../../../../avr/lib/avr51\libm.a(divsf3x.o)
                              c:/program files (x86)/atmel/studio/7.0/toolchain/avr8/avr8-gnu-toolchain/bin/../lib/gcc/avr/4.9.2/../../../../avr/lib/avr51\libm.a(divsf3.o) (__divsf3x)
c:/program files (x86)/atmel/studio/7.0/toolchain/avr8/avr8-gnu-toolchain/bin/../lib/gcc/avr/4.9.2/../../../../avr/lib/avr51\libm.a(fixunssfsi.o)
                              interface/pads/curves/Curves.o (__fixunssfsi)
c:/program files (x86)/atmel/studio/7.0/toolchain/avr8/avr8-gnu-toolchain/bin/../lib/gcc/avr/4.9.2/../../../../avr/lib/avr51\libm.a(floatsisf.o)
                              interface/pads/curves/Curves.o (__floatunsisf)
c:/program files (x86)/atmel/studio/7.0/toolchain/avr8/avr8-gnu-toolchain/bin/../lib/gcc/avr/4.9.2/../../../../avr/lib/avr51\libm.a(fp_cmp.o)
                              c:/program files (x86)/atmel/studio/7.0/toolchain/avr8/avr8-gnu-toolchain/bin/../lib/gcc/avr/4.9.2/../../../../avr/lib/avr51\libm.a(cmpsf2.o) (__fp_cmp)
c:/program files (x86)/atmel/studio/7.0/toolchain/avr8/avr8-gnu-toolchain/bin/../lib/gcc/avr/4.9.2/../../../../avr/lib/avr51\libm.a(fp_inf.o)
                              c:/program files (x86)/atmel/studio/7.0/toolchain/avr8/avr8-gnu-toolchain/bin/../lib/gcc/avr/4.9.2/../../../../avr/lib/avr51\libm.a(addsf3x.o) (__fp_inf)
c:/program files (x86)/atmel/studio/7.0/toolchain/avr8/avr8-gnu-toolchain/bin/../lib/gcc/avr/4.9.2/../../../../avr/lib/avr51\libm.a(fp_nan.o)
                              c:/program files (x86)/atmel/studio/7.0/toolchain/avr8/avr8-gnu-toolchain/bin/../lib/gcc/avr/4.9.2/../../../../avr/lib/avr51\libm.a(addsf3x.o) (__fp_nan)
c:/program files (x86)/atmel/studio/7.0/toolchain/avr8/avr8-gnu-toolchain/bin/../lib/gcc/avr/4.9.2/../../../../avr/lib/avr51\libm.a(fp_pscA.o)
                              c:/program files (x86)/atmel/studio/7.0/toolchain/avr8/avr8-gnu-toolchain/bin/../lib/gcc/avr/4.9.2/../../../../avr/lib/avr51\libm.a(addsf3x.o) (__fp_pscA)
c:/program files (x86)/atmel/studio/7.0/toolchain/avr8/avr8-gnu-toolchain/bin/../lib/gcc/avr/4.9.2/../../../../avr/lib/avr51\libm.a(fp_pscB.o)
                              c:/program files (x86)/atmel/studio/7.0/toolchain/avr8/avr8-gnu-toolchain/bin/../lib/gcc/avr/4.9.2/../../../../avr/lib/avr51\libm.a(addsf3x.o) (__fp_pscB)
c:/program files (x86)/atmel/studio/7.0/toolchain/avr8/avr8-gnu-toolchain/bin/../lib/gcc/avr/4.9.2/../../../../avr/lib/avr51\libm.a(fp_round.o)
                              c:/program files (x86)/atmel/studio/7.0/toolchain/avr8/avr8-gnu-toolchain/bin/../lib/gcc/avr/4.9.2/../../../../avr/lib/avr51\libm.a(addsf3.o) (__fp_round)
c:/program files (x86)/atmel/studio/7.0/toolchain/avr8/avr8-gnu-toolchain/bin/../lib/gcc/avr/4.9.2/../../../../avr/lib/avr51\libm.a(fp_split3.o)
                              c:/program files (x86)/atmel/studio/7.0/toolchain/avr8/avr8-gnu-toolchain/bin/../lib/gcc/avr/4.9.2/../../../../avr/lib/avr51\libm.a(addsf3x.o) (__fp_split3)
c:/program files (x86)/atmel/studio/7.0/toolchain/avr8/avr8-gnu-toolchain/bin/../lib/gcc/avr/4.9.2/../../../../avr/lib/avr51\libm.a(fp_zero.o)
                              c:/program files (x86)/atmel/studio/7.0/toolchain/avr8/avr8-gnu-toolchain/bin/../lib/gcc/avr/4.9.2/../../../../avr/lib/avr51\libm.a(addsf3x.o) (__fp_zero)
c:/program files (x86)/atmel/studio/7.0/toolchain/avr8/avr8-gnu-toolchain/bin/../lib/gcc/avr/4.9.2/../../../../avr/lib/avr51\libm.a(log.o)
                              interface/pads/curves/Curves.o (log)
c:/program files (x86)/atmel/studio/7.0/toolchain/avr8/avr8-gnu-toolchain/bin/../lib/gcc/avr/4.9.2/../../../../avr/lib/avr51\libm.a(mulsf3.o)
                              interface/pads/curves/Curves.o (__mulsf3)
[...]
Memory Configuration

Name             Origin             Length             Attributes
text             0x00000000         0x00020000         xr
data             0x00800100         0x0000ff00         rw !x
eeprom           0x00810000         0x00010000         rw !x
fuse             0x00820000         0x00000003         rw !x
lock             0x00830000         0x00000400         rw !x
signature        0x00840000         0x00000400         rw !x
user_signatures  0x00850000         0x00000400         rw !x
*default*        0x00000000         0xffffffff

Linker script and memory map

Address of section .data set to 0x800100
LOAD c:/program files (x86)/atmel/studio/7.0/toolchain/avr8/avr8-gnu-toolchain/bin/../lib/gcc/avr/4.9.2/../../../../avr/lib/avr51/crtat90usb1286.o
LOAD eeprom/Configuration.o
LOAD eeprom/MemoryLayout.o
LOAD hardware/adc/ADC.o
LOAD hardware/i2c/i2c_master.o
LOAD hardware/lcd/lcd.o
LOAD hardware/midi/MIDI.o
LOAD hardware/reset/Reset.o
LOAD hardware/timer/TimerObject.o
LOAD hardware/uart/UART.o
LOAD hardware/usb/lufa/LUFA/Drivers/USB/Class/Common/HIDParser.o
LOAD hardware/usb/lufa/LUFA/Drivers/USB/Class/Device/AudioClassDevice.o
LOAD hardware/usb/lufa/LUFA/Drivers/USB/Class/Device/CDCClassDevice.o
LOAD hardware/usb/lufa/LUFA/Drivers/USB/Class/Device/HIDClassDevice.o
LOAD hardware/usb/lufa/LUFA/Drivers/USB/Class/Device/MassStorageClassDevice.o
LOAD hardware/usb/lufa/LUFA/Drivers/USB/Class/Device/MIDIClassDevice.o
LOAD hardware/usb/lufa/LUFA/Drivers/USB/Class/Device/PrinterClassDevice.o
LOAD hardware/usb/lufa/LUFA/Drivers/USB/Class/Device/RNDISClassDevice.o
LOAD hardware/usb/lufa/LUFA/Drivers/USB/Class/Host/AndroidAccessoryClassHost.o
LOAD hardware/usb/lufa/LUFA/Drivers/USB/Class/Host/AudioClassHost.o
LOAD hardware/usb/lufa/LUFA/Drivers/USB/Class/Host/CDCClassHost.o
LOAD hardware/usb/lufa/LUFA/Drivers/USB/Class/Host/HIDClassHost.o
LOAD hardware/usb/lufa/LUFA/Drivers/USB/Class/Host/MassStorageClassHost.o
LOAD hardware/usb/lufa/LUFA/Drivers/USB/Class/Host/MIDIClassHost.o
LOAD hardware/usb/lufa/LUFA/Drivers/USB/Class/Host/PrinterClassHost.o
LOAD hardware/usb/lufa/LUFA/Drivers/USB/Class/Host/RNDISClassHost.o
LOAD hardware/usb/lufa/LUFA/Drivers/USB/Class/Host/StillImageClassHost.o
LOAD hardware/usb/lufa/LUFA/Drivers/USB/Core/AVR8/Device_AVR8.o
LOAD hardware/usb/lufa/LUFA/Drivers/USB/Core/AVR8/EndpointStream_AVR8.o
LOAD hardware/usb/lufa/LUFA/Drivers/USB/Core/AVR8/Endpoint_AVR8.o
LOAD hardware/usb/lufa/LUFA/Drivers/USB/Core/AVR8/Host_AVR8.o
LOAD hardware/usb/lufa/LUFA/Drivers/USB/Core/AVR8/PipeStream_AVR8.o
LOAD hardware/usb/lufa/LUFA/Drivers/USB/Core/AVR8/Pipe_AVR8.o
LOAD hardware/usb/lufa/LUFA/Drivers/USB/Core/AVR8/Template/Template_Endpoint_Control_R.o
LOAD hardware/usb/lufa/LUFA/Drivers/USB/Core/AVR8/Template/Template_Endpoint_Control_W.o
LOAD hardware/usb/lufa/LUFA/Drivers/USB/Core/AVR8/Template/Template_Endpoint_RW.o
LOAD hardware/usb/lufa/LUFA/Drivers/USB/Core/AVR8/Template/Template_Pipe_RW.o
LOAD hardware/usb/lufa/LUFA/Drivers/USB/Core/AVR8/USBController_AVR8.o
LOAD hardware/usb/lufa/LUFA/Drivers/USB/Core/AVR8/USBInterrupt_AVR8.o
LOAD hardware/usb/lufa/LUFA/Drivers/USB/Core/ConfigDescriptors.o
LOAD hardware/usb/lufa/LUFA/Drivers/USB/Core/DeviceStandardReq.o
LOAD hardware/usb/lufa/LUFA/Drivers/USB/Core/Events.o
LOAD hardware/usb/lufa/LUFA/Drivers/USB/Core/HostStandardReq.o
LOAD hardware/usb/lufa/LUFA/Drivers/USB/Core/USBTask.o
LOAD hardware/usb/midi/Descriptors.o
LOAD hardware/usb/vserial/Descriptors.o
LOAD init/Init.o
LOAD interface/buttons/Buttons.o
LOAD interface/buttons/Map.o
LOAD interface/buttons/UpdateLogic.o
LOAD interface/encoders/Encoders.o
LOAD interface/lcd/Layout.o
LOAD interface/lcd/menu/functions/MenuFunctions.o
LOAD interface/lcd/menu/layout/ServiceMenu.o
LOAD interface/lcd/menu/layout/UserMenu.o
LOAD interface/lcd/menu/Menu.o
LOAD interface/lcd/MessageBuilder.o
LOAD interface/lcd/UpdateLogic.o
LOAD interface/leds/LEDs.o
LOAD interface/pads/curves/Curves.o
LOAD interface/pads/DataOutput.o
LOAD interface/pads/DataProcessing.o
LOAD interface/pads/EditMode.o
LOAD interface/pads/Getters.o
LOAD interface/pads/HardwareControl.o
LOAD interface/pads/Pads.o
LOAD interface/pads/Scaling.o
LOAD interface/pads/Setters.o
LOAD sysex/SysEx.o
LOAD version/Firmware.o
LOAD vserial/Serial.o
LOAD Zvuk9.o
LOAD midi/MIDI.o
LOAD Scales.o
START GROUP
LOAD c:/program files (x86)/atmel/studio/7.0/toolchain/avr8/avr8-gnu-toolchain/bin/../lib/gcc/avr/4.9.2/../../../../avr/lib/avr51\libm.a
END GROUP
LOAD c:/program files (x86)/atmel/studio/7.0/toolchain/avr8/avr8-gnu-toolchain/bin/../lib/gcc/avr/4.9.2/avr51\libgcc.a
LOAD c:/program files (x86)/atmel/studio/7.0/toolchain/avr8/avr8-gnu-toolchain/bin/../lib/gcc/avr/4.9.2/../../../../avr/lib/avr51\libm.a
START GROUP
LOAD c:/program files (x86)/atmel/studio/7.0/toolchain/avr8/avr8-gnu-toolchain/bin/../lib/gcc/avr/4.9.2/avr51\libgcc.a
LOAD c:/program files (x86)/atmel/studio/7.0/toolchain/avr8/avr8-gnu-toolchain/bin/../lib/gcc/avr/4.9.2/../../../../avr/lib/avr51\libm.a
LOAD c:/program files (x86)/atmel/studio/7.0/toolchain/avr8/avr8-gnu-toolchain/bin/../lib/gcc/avr/4.9.2/../../../../avr/lib/avr51\libc.a
LOAD c:/program files (x86)/atmel/studio/7.0/toolchain/avr8/avr8-gnu-toolchain/bin/../lib/gcc/avr/4.9.2/../../../../avr/lib/avr51\libat90usb1286.a
END GROUP
                0x00020000                __TEXT_REGION_LENGTH__ = DEFINED (__TEXT_REGION_LENGTH__)?__TEXT_REGION_LENGTH__:0x20000
                0x0000ff00                __DATA_REGION_LENGTH__ = DEFINED (__DATA_REGION_LENGTH__)?__DATA_REGION_LENGTH__:0xff00
                0x00010000                __EEPROM_REGION_LENGTH__ = DEFINED (__EEPROM_REGION_LENGTH__)?__EEPROM_REGION_LENGTH__:0x10000
                [0x00000003]                __FUSE_REGION_LENGTH__ = DEFINED (__FUSE_REGION_LENGTH__)?__FUSE_REGION_LENGTH__:0x400
                0x00000400                __LOCK_REGION_LENGTH__ = DEFINED (__LOCK_REGION_LENGTH__)?__LOCK_REGION_LENGTH__:0x400
                0x00000400                __SIGNATURE_REGION_LENGTH__ = DEFINED (__SIGNATURE_REGION_LENGTH__)?__SIGNATURE_REGION_LENGTH__:0x400
                0x00000400                __USER_SIGNATURE_REGION_LENGTH__ = DEFINED (__USER_SIGNATURE_REGION_LENGTH__)?__USER_SIGNATURE_REGION_LENGTH__:0x400

.hash
 *(.hash)

.dynsym
 *(.dynsym)

.dynstr
 *(.dynstr)

.gnu.version
 *(.gnu.version)

.gnu.version_d
 *(.gnu.version_d)

.gnu.version_r
 *(.gnu.version_r)

.rel.init
 *(.rel.init)

.rela.init
 *(.rela.init)

.rel.text
 *(.rel.text)
 *(.rel.text.*)
 *(.rel.gnu.linkonce.t*)

.rela.text
 *(.rela.text)
 *(.rela.text.*)
 *(.rela.gnu.linkonce.t*)

.rel.fini
 *(.rel.fini)

.rela.fini
 *(.rela.fini)

.rel.rodata
 *(.rel.rodata)
 *(.rel.rodata.*)
 *(.rel.gnu.linkonce.r*)

.rela.rodata
 *(.rela.rodata)
 *(.rela.rodata.*)
 *(.rela.gnu.linkonce.r*)

.rel.data
 *(.rel.data)
 *(.rel.data.*)
 *(.rel.gnu.linkonce.d*)

.rela.data
 *(.rela.data)
 *(.rela.data.*)
 *(.rela.gnu.linkonce.d*)

.rel.ctors
 *(.rel.ctors)

.rela.ctors
 *(.rela.ctors)

.rel.dtors
 *(.rel.dtors)

.rela.dtors
 *(.rela.dtors)

.rel.got
 *(.rel.got)

.rela.got
 *(.rela.got)

.rel.bss
 *(.rel.bss)

.rela.bss
 *(.rela.bss)

.rel.plt
 *(.rel.plt)

.rela.plt
 *(.rela.plt)

.text           0x00000000    0x10692
 *(.vectors)
 .vectors       0x00000000       0x98 c:/program files (x86)/atmel/studio/7.0/toolchain/avr8/avr8-gnu-toolchain/bin/../lib/gcc/avr/4.9.2/../../../../avr/lib/avr51/crtat90usb1286.o
                0x00000000                __vector_default
                0x00000000                __vectors
 *(.vectors)
 *(.progmem.gcc*)
 .progmem.gcc_sw_table._ZN6HWmidi5parseE19midiInterfaceType_t
                0x00000098      0x100 hardware/midi/MIDI.o
 .progmem.gcc_sw_table.USB_Device_ProcessControlRequest
                0x00000198       0x14 hardware/usb/lufa/LUFA/Drivers/USB/Core/DeviceStandardReq.o
 .progmem.gcc_sw_table._ZN7Buttons18getTonicFromButtonEh
                0x000001ac       0x28 interface/buttons/Buttons.o
 .progmem.gcc_sw_table._ZN7Buttons13processButtonEhb
                0x000001d4       0x40 interface/buttons/UpdateLogic.o
 .progmem.gcc_sw_table._ZN8Encoders13handleEncoderEhbh
                0x00000214       0x14 interface/encoders/Encoders.o
 .progmem.gcc_sw_table._ZN3LCD22displayPadReleaseErrorE17padReleaseError_t
                0x00000228        0xe interface/lcd/MessageBuilder.o
 .progmem.gcc_sw_table._Z12getScaleNote7scale_th
                0x00000236        0xe Scales.o
 .progmem.gcc_fplib
                0x00000244       0x5a c:/program files (x86)/atmel/studio/7.0/toolchain/avr8/avr8-gnu-toolchain/bin/../lib/gcc/avr/4.9.2/../../../../avr/lib/avr51\libm.a(log.o)
 .progmem.gcc_fplib
                0x0000029e       0x28 c:/program files (x86)/atmel/studio/7.0/toolchain/avr8/avr8-gnu-toolchain/bin/../lib/gcc/avr/4.9.2/../../../../avr/lib/avr51\libm.a(exp.o)
                0x000002c6                . = ALIGN (0x2)
                0x000002c6                __trampolines_start = .
 *(.trampolines)
 .trampolines   0x000002c6        0x0 linker stubs
 *(.trampolines*)
                0x000002c6                __trampolines_end = .
 *(.progmem*)
 .progmem.data._ZL15complete_string
                0x000002c6        0xa eeprom/Configuration.o
 .progmem.data._ZL17pleaseWait_string
                0x000002d0        0xf eeprom/Configuration.o
 .progmem.data._ZL24restoringDefaults_string
                0x000002df       0x14 eeprom/Configuration.o
 .progmem.data.ProductString
                0x000002f3        0xe hardware/usb/midi/Descriptors.o
                0x000002f3                ProductString
 .progmem.data.ManufacturerString
                0x00000301       0x18 hardware/usb/midi/Descriptors.o
                0x00000301                ManufacturerString
 .progmem.data.LanguageString
                0x00000319        0x4 hardware/usb/midi/Descriptors.o
                0x00000319                LanguageString
 .progmem.data.ConfigurationDescriptor
                0x0000031d       0x65 hardware/usb/midi/Descriptors.o
                0x0000031d                ConfigurationDescriptor
 .progmem.data.DeviceDescriptor
                0x00000382       0x12 hardware/usb/midi/Descriptors.o
                0x00000382                DeviceDescriptor
 .progmem.data._ZL27calibration_pressure_string
                0x00000394       0x13 interface/lcd/menu/layout/ServiceMenu.o
 .progmem.data._ZL20calibration_y_string
                0x000003a7        0xc interface/lcd/menu/layout/ServiceMenu.o
 .progmem.data._ZL20calibration_x_string
                0x000003b3        0xc interface/lcd/menu/layout/ServiceMenu.o
 .progmem.data._ZL30menuOption_factoryReset_string
                0x000003bf        0xe interface/lcd/menu/layout/ServiceMenu.o
 .progmem.data._ZL28menuOption_deviceInfo_string
                0x000003cd        0xc interface/lcd/menu/layout/ServiceMenu.o
 .progmem.data._ZL32menuOption_padCalibration_string
                0x000003d9       0x10 interface/lcd/menu/layout/ServiceMenu.o
 .progmem.data._ZL25noteOff_offChannel_string
                0x000003e9        0xc interface/lcd/menu/layout/UserMenu.o
 .progmem.data._ZL22noteOff_zeroVel_string
                0x000003f5       0x11 interface/lcd/menu/layout/UserMenu.o
 .progmem.data._ZL22disabled_string_string
                0x00000406        0x9 interface/lcd/menu/layout/UserMenu.o
 .progmem.data._ZL21enabled_string_string
                0x0000040f        0x8 interface/lcd/menu/layout/UserMenu.o
 .progmem.data._ZL26aftertouchType_poly_string
                0x00000417        0x5 interface/lcd/menu/layout/UserMenu.o
 .progmem.data._ZL29aftertouchType_channel_string
                0x0000041c        0x8 interface/lcd/menu/layout/UserMenu.o
 .progmem.data._ZL27midiSettings_noteOff_string
                0x00000424        0x9 interface/lcd/menu/layout/UserMenu.o
 .progmem.data._ZL33midiSettings_runningStatus_string
                0x0000042d        0xf interface/lcd/menu/layout/UserMenu.o
 .progmem.data._ZL30midiSettings_atouchType_string
                0x0000043c       0x10 interface/lcd/menu/layout/UserMenu.o
 .progmem.data._ZL29pressure_curve_inv_exp_string
                0x0000044c        0x5 interface/lcd/menu/layout/UserMenu.o
 .progmem.data._ZL25pressure_curve_log_string
                0x00000451        0x5 interface/lcd/menu/layout/UserMenu.o
 .progmem.data._ZL28pressure_curve_linear_string
                0x00000456        0x7 interface/lcd/menu/layout/UserMenu.o
 .progmem.data._ZL29pressure_sensitivity_3_string
                0x0000045d        0x5 interface/lcd/menu/layout/UserMenu.o
 .progmem.data._ZL29pressure_sensitivity_2_string
                0x00000462        0x7 interface/lcd/menu/layout/UserMenu.o
 .progmem.data._ZL29pressure_sensitivity_1_string
                0x00000469        0x5 interface/lcd/menu/layout/UserMenu.o
 .progmem.data._ZL30menuOption_midiSettings_string
                0x0000046e        0xe interface/lcd/menu/layout/UserMenu.o
 .progmem.data._ZL31menuOption_pressureCurve_string
                0x0000047c        0xd interface/lcd/menu/layout/UserMenu.o
 .progmem.data._ZL37menuOption_pressureSensitivity_string
                0x00000489       0x13 interface/lcd/menu/layout/UserMenu.o
 .progmem.data._ZL30menuOption_factoryReset_string
                0x0000049c        0xe interface/lcd/menu/layout/UserMenu.o
 .progmem.data._ZL28menuOption_deviceInfo_string
                0x000004aa        0xc interface/lcd/menu/layout/UserMenu.o
 .progmem.data._ZL16emptyLine_string
                0x000004b6       0x15 interface/lcd/menu/Menu.o
 .progmem.data._ZL16unchecked_string
                0x000004cb        0x4 interface/lcd/menu/Menu.o
 .progmem.data._ZL14checked_string
                0x000004cf        0x4 interface/lcd/menu/Menu.o
 .progmem.data._ZL23menuType_service_string
                0x000004d3        0xd interface/lcd/menu/Menu.o
 .progmem.data._ZL20menuType_user_string
                0x000004e0        0x9 interface/lcd/menu/Menu.o
 .progmem.data._ZL16firmware_updated
                0x000004e9       0x12 interface/lcd/MessageBuilder.o
 .progmem.data._ZL18midiChannel_string
                0x000004fb        0x3 interface/lcd/MessageBuilder.o
 .progmem.data._ZL22aftertouchClear_string
                0x000004fe        0x6 interface/lcd/MessageBuilder.o
 .progmem.data._ZL17editingPad_string
                0x00000504        0xc interface/lcd/MessageBuilder.o
 .progmem.data._ZL24midiChannelChange_string
                0x00000510        0xe interface/lcd/MessageBuilder.o
 .progmem.data._ZL14welcome_string
                0x0000051e        0x9 interface/lcd/MessageBuilder.o
 .progmem.data._ZL17aftertouch_string
                0x00000527        0x3 interface/lcd/MessageBuilder.o
 .progmem.data._ZL14program_string
                0x0000052a        0x2 interface/lcd/MessageBuilder.o
 .progmem.data._ZL16emptyLine_string
                0x0000052c       0x15 interface/lcd/MessageBuilder.o
 .progmem.data._ZL19padAmountAll_string
                0x00000541        0x9 interface/lcd/MessageBuilder.o
 .progmem.data._ZL22padAmountSingle_string
                0x0000054a        0x4 interface/lcd/MessageBuilder.o
 .progmem.data._ZL33transportControlChangeArray_sizes
                0x0000054e        0x4 interface/lcd/MessageBuilder.o
 .progmem.data._ZL27transportControlChangeArray
                0x00000552        0x8 interface/lcd/MessageBuilder.o
 .progmem.data._ZL32transportControlRecordOff_string
                0x0000055a        0xb interface/lcd/MessageBuilder.o
 .progmem.data._ZL31transportControlRecordOn_string
                0x00000565        0xa interface/lcd/MessageBuilder.o
 .progmem.data._ZL27transportControlStop_string
                0x0000056f        0x5 interface/lcd/MessageBuilder.o
 .progmem.data._ZL27transportControlPlay_string
                0x00000574        0x5 interface/lcd/MessageBuilder.o
 .progmem.data._ZL13ccArray_sizes
                0x00000579        0x2 interface/lcd/MessageBuilder.o
 .progmem.data._ZL7ccArray
                0x0000057b        0x4 interface/lcd/MessageBuilder.o
 .progmem.data._ZL26curveCoordinateArray_sizes
                0x0000057f        0x2 interface/lcd/MessageBuilder.o
 .progmem.data._ZL20curveCoordinateArray
                0x00000581        0x4 interface/lcd/MessageBuilder.o
 .progmem.data._ZL16xyCCclear_string
                0x00000585        0x7 interface/lcd/MessageBuilder.o
 .progmem.data._ZL22xyPositionClear_string
                0x0000058c        0x5 interface/lcd/MessageBuilder.o
 .progmem.data._ZL16yPosition_string
                0x00000591        0x2 interface/lcd/MessageBuilder.o
 .progmem.data._ZL16xPosition_string
                0x00000593        0x2 interface/lcd/MessageBuilder.o
 .progmem.data._ZL12yCCid_string
                0x00000595        0x4 interface/lcd/MessageBuilder.o
 .progmem.data._ZL12xCCid_string
                0x00000599        0x4 interface/lcd/MessageBuilder.o
 .progmem.data._ZL10yCC_string
                0x0000059d        0x6 interface/lcd/MessageBuilder.o
 .progmem.data._ZL10xCC_string
                0x000005a3        0x6 interface/lcd/MessageBuilder.o
 .progmem.data._ZL11yMin_string
                0x000005a9        0x7 interface/lcd/MessageBuilder.o
 .progmem.data._ZL11yMax_string
                0x000005b0        0x7 interface/lcd/MessageBuilder.o
 .progmem.data._ZL11xMin_string
                0x000005b7        0x7 interface/lcd/MessageBuilder.o
 .progmem.data._ZL11xMax_string
                0x000005be        0x7 interface/lcd/MessageBuilder.o
 .progmem.data._ZL24curveTypeWideEnds_string
                0x000005c5        0xa interface/lcd/MessageBuilder.o
 .progmem.data._ZL26curveTypeWideMiddle_string
                0x000005cf        0xc interface/lcd/MessageBuilder.o
 .progmem.data._ZL22curveTypeLinear_string
                0x000005db        0x7 interface/lcd/MessageBuilder.o
 .progmem.data._ZL23curveCoordinateY_string
                0x000005e2        0x9 interface/lcd/MessageBuilder.o
 .progmem.data._ZL23curveCoordinateX_string
                0x000005eb        0x9 interface/lcd/MessageBuilder.o
 .progmem.data._ZL13onArray_sizes
                0x000005f4        0x5 interface/lcd/MessageBuilder.o
 .progmem.data._ZL7onArray
                0x000005f9        0xa interface/lcd/MessageBuilder.o
 .progmem.data._ZL14offArray_sizes
                0x00000603        0x5 interface/lcd/MessageBuilder.o
 .progmem.data._ZL8offArray
                0x00000608        0xa interface/lcd/MessageBuilder.o
 .progmem.data._ZL14onSplit_string
                0x00000612        0x9 interface/lcd/MessageBuilder.o
 .progmem.data._ZL10onY_string
                0x0000061b        0x5 interface/lcd/MessageBuilder.o
 .progmem.data._ZL10onX_string
                0x00000620        0x5 interface/lcd/MessageBuilder.o
 .progmem.data._ZL19onAftertouch_string
                0x00000625        0xe interface/lcd/MessageBuilder.o
 .progmem.data._ZL14onNotes_string
                0x00000633        0x9 interface/lcd/MessageBuilder.o
 .progmem.data._ZL15offSplit_string
                0x0000063c        0xa interface/lcd/MessageBuilder.o
 .progmem.data._ZL11offY_string
                0x00000646        0x6 interface/lcd/MessageBuilder.o
 .progmem.data._ZL11offX_string
                0x0000064c        0x6 interface/lcd/MessageBuilder.o
 .progmem.data._ZL20offAftertouch_string
                0x00000652        0xf interface/lcd/MessageBuilder.o
 .progmem.data._ZL15offNotes_string
                0x00000661        0xa interface/lcd/MessageBuilder.o
 .progmem.data._ZL21presetNameArray_sizes
                0x0000066b        0x8 interface/lcd/MessageBuilder.o
 .progmem.data._ZL15presetNameArray
                0x00000673       0x10 interface/lcd/MessageBuilder.o
 .progmem.data._ZL17presetUser_string
                0x00000683        0xc interface/lcd/MessageBuilder.o
 .progmem.data._ZL28presetMajorPentatonic_string
                0x0000068f       0x11 interface/lcd/MessageBuilder.o
 .progmem.data._ZL28presetMinorPentatonic_string
                0x000006a0       0x11 interface/lcd/MessageBuilder.o
 .progmem.data._ZL26presetHarmonicMajor_string
                0x000006b1        0xf interface/lcd/MessageBuilder.o
 .progmem.data._ZL18presetMajor_string
                0x000006c0        0x6 interface/lcd/MessageBuilder.o
 .progmem.data._ZL26presetHarmonicMinor_string
                0x000006c6        0xf interface/lcd/MessageBuilder.o
 .progmem.data._ZL25presetMelodicMinor_string
                0x000006d5        0xe interface/lcd/MessageBuilder.o
 .progmem.data._ZL25presetNaturalMinor_string
                0x000006e3        0xe interface/lcd/MessageBuilder.o
 .progmem.data._ZL30factory_reset_warning_3_string
                0x000006f1       0x13 interface/lcd/MessageBuilder.o
 .progmem.data._ZL30factory_reset_warning_2_string
                0x00000704       0x14 interface/lcd/MessageBuilder.o
 .progmem.data._ZL30factory_reset_warning_1_string
                0x00000718       0x14 interface/lcd/MessageBuilder.o
 .progmem.data._ZL27deviceInfo_hwVersion_string
                0x0000072c        0xb interface/lcd/MessageBuilder.o
 .progmem.data._ZL27deviceInfo_swVersion_string
                0x00000737        0xb interface/lcd/MessageBuilder.o
 .progmem.data._ZL35menuOption_factoryReset_caps_string
                0x00000742       0x14 interface/lcd/MessageBuilder.o
 .progmem.data._ZL19maxNotesSet1_string
                0x00000756        0xa interface/lcd/MessageBuilder.o
 .progmem.data._ZL19maxNotesSet0_string
                0x00000760       0x12 interface/lcd/MessageBuilder.o
 .progmem.data._ZL18exitPadMode_string
                0x00000772       0x11 interface/lcd/MessageBuilder.o
 .progmem.data._ZL22calibrationMode_string
                0x00000783       0x12 interface/lcd/MessageBuilder.o
 .progmem.data._ZL23enterPadEditMode_string
                0x00000795       0x14 interface/lcd/MessageBuilder.o
 .progmem.data._ZL20changeCClimit_string
                0x000007a9       0x10 interface/lcd/MessageBuilder.o
 .progmem.data._ZL15changeCC_string
                0x000007b9        0xa interface/lcd/MessageBuilder.o
 .progmem.data._ZL18changeCurve_string
                0x000007c3        0xd interface/lcd/MessageBuilder.o
 .progmem.data._ZL19changePreset_string
                0x000007d0        0xe interface/lcd/MessageBuilder.o
 .progmem.data._ZL20changeProgram_string
                0x000007de        0xf interface/lcd/MessageBuilder.o
 .progmem.data._ZL23changeParameters_string
                0x000007ed       0x12 interface/lcd/MessageBuilder.o
 .progmem.data._ZL16relasePad_string
                0x000007ff       0x14 interface/lcd/MessageBuilder.o
 .progmem.data._ZL26editModeEnterError1_string
                0x00000813       0x12 interface/lcd/MessageBuilder.o
 .progmem.data._ZL26editModeEnterError0_string
                0x00000825       0x13 interface/lcd/MessageBuilder.o
 .progmem.data._ZL17outOfRange_string
                0x00000838        0xd interface/lcd/MessageBuilder.o
 .progmem.data._ZL19noteNameArray_sizes
                0x00000845        0xc interface/lcd/MessageBuilder.o
 .progmem.data._ZL13noteNameArray
                0x00000851       0x18 interface/lcd/MessageBuilder.o
 .progmem.data._ZL16noteShift_string
                0x00000869        0x2 interface/lcd/MessageBuilder.o
 .progmem.data._ZL17notesClear_string
                0x0000086b       0x1a interface/lcd/MessageBuilder.o
 .progmem.data._ZL15velocity_string
                0x00000885        0x2 interface/lcd/MessageBuilder.o
 .progmem.data._ZL13noteUp_string
                0x00000887        0xc interface/lcd/MessageBuilder.o
 .progmem.data._ZL15noteDown_string
                0x00000893        0xe interface/lcd/MessageBuilder.o
 .progmem.data._ZL19activeOctave_string
                0x000008a1       0x10 interface/lcd/MessageBuilder.o
 .progmem.data._ZL13octave_string
                0x000008b1        0x8 interface/lcd/MessageBuilder.o
 .progmem.data._ZL12tonic_string
                0x000008b9        0x7 interface/lcd/MessageBuilder.o
 .progmem.data._ZL14noNotes_string
                0x000008c0       0x14 interface/lcd/MessageBuilder.o
 .progmem.data._ZL12tonicB_strig
                0x000008d4        0x2 interface/lcd/MessageBuilder.o
 .progmem.data._ZL18tonicASharp_string
                0x000008d6        0x3 interface/lcd/MessageBuilder.o
 .progmem.data._ZL13tonicA_string
                0x000008d9        0x2 interface/lcd/MessageBuilder.o
 .progmem.data._ZL18tonicGSharp_string
                0x000008db        0x3 interface/lcd/MessageBuilder.o
 .progmem.data._ZL13tonicG_string
                0x000008de        0x2 interface/lcd/MessageBuilder.o
 .progmem.data._ZL18tonicFSharp_string
                0x000008e0        0x3 interface/lcd/MessageBuilder.o
 .progmem.data._ZL13tonicF_string
                0x000008e3        0x2 interface/lcd/MessageBuilder.o
 .progmem.data._ZL13tonicE_string
                0x000008e5        0x2 interface/lcd/MessageBuilder.o
 .progmem.data._ZL18tonicDSharp_string
                0x000008e7        0x3 interface/lcd/MessageBuilder.o
 .progmem.data._ZL13tonicD_string
                0x000008ea        0x2 interface/lcd/MessageBuilder.o
 .progmem.data._ZL18tonicCSharp_string
                0x000008ec        0x3 interface/lcd/MessageBuilder.o
 .progmem.data._ZL13tonicC_string
                0x000008ef        0x2 interface/lcd/MessageBuilder.o
 .progmem.data._ZL10scaleArray
                0x000008f1       0x12 interface/pads/curves/Curves.o
 .progmem.data._ZL6gain_9
                0x00000903       0x80 interface/pads/curves/Curves.o
 .progmem.data._ZL6gain_8
                0x00000983       0x80 interface/pads/curves/Curves.o
 .progmem.data._ZL6gain_7
                0x00000a03       0x80 interface/pads/curves/Curves.o
 .progmem.data._ZL6gain_6
                0x00000a83       0x80 interface/pads/curves/Curves.o
 .progmem.data._ZL6gain_5
                0x00000b03       0x80 interface/pads/curves/Curves.o
 .progmem.data._ZL6gain_4
                0x00000b83       0x80 interface/pads/curves/Curves.o
 .progmem.data._ZL6gain_3
                0x00000c03       0x80 interface/pads/curves/Curves.o
 .progmem.data._ZL6gain_2
                0x00000c83       0x80 interface/pads/curves/Curves.o
 .progmem.data._ZL6gain_1
                0x00000d03       0x80 interface/pads/curves/Curves.o
                0x00000d84                . = ALIGN (0x2)
 *fill*         0x00000d83        0x1 
 *(.jumptables)
 *(.jumptables*)
 *(.lowtext)
 *(.lowtext*)
                0x00000d84                __ctors_start = .
 *(.ctors)
 .ctors         0x00000d84        0x2 eeprom/Configuration.o
 .ctors         0x00000d86        0x2 hardware/midi/MIDI.o
 .ctors         0x00000d88        0x2 interface/buttons/Buttons.o
 .ctors         0x00000d8a        0x2 interface/encoders/Encoders.o
 .ctors         0x00000d8c        0x2 interface/lcd/menu/Menu.o
 .ctors         0x00000d8e        0x2 interface/lcd/UpdateLogic.o
 .ctors         0x00000d90        0x2 interface/pads/curves/Curves.o
 .ctors         0x00000d92        0x2 interface/pads/HardwareControl.o
 .ctors         0x00000d94        0x2 interface/pads/Pads.o
 .ctors         0x00000d96        0x2 sysex/SysEx.o
                0x00000d98                __ctors_end = .
                0x00000d98                __dtors_start = .
 *(.dtors)
                0x00000d98                __dtors_end = .
 SORT(*)(.ctors)
 SORT(*)(.dtors)
 *(.init0)
 .init0         0x00000d98        0x0 c:/program files (x86)/atmel/studio/7.0/toolchain/avr8/avr8-gnu-toolchain/bin/../lib/gcc/avr/4.9.2/../../../../avr/lib/avr51/crtat90usb1286.o
                0x00000d98                __init
 *(.init0)
 *(.init1)
 *(.init1)
 *(.init2)
 .init2         0x00000d98        0xc c:/program files (x86)/atmel/studio/7.0/toolchain/avr8/avr8-gnu-toolchain/bin/../lib/gcc/avr/4.9.2/../../../../avr/lib/avr51/crtat90usb1286.o
 *(.init2)
 *(.init3)
 *(.init3)
 *(.init4)
 .init4         0x00000da4       0x1a c:/program files (x86)/atmel/studio/7.0/toolchain/avr8/avr8-gnu-toolchain/bin/../lib/gcc/avr/4.9.2/avr51\libgcc.a(_copy_data.o)
                0x00000da4                __do_copy_data
 .init4         0x00000dbe       0x10 c:/program files (x86)/atmel/studio/7.0/toolchain/avr8/avr8-gnu-toolchain/bin/../lib/gcc/avr/4.9.2/avr51\libgcc.a(_clear_bss.o)
                0x00000dbe                __do_clear_bss
 *(.init4)
 *(.init5)
 *(.init5)
 *(.init6)
 .init6         0x00000dce       0x16 c:/program files (x86)/atmel/studio/7.0/toolchain/avr8/avr8-gnu-toolchain/bin/../lib/gcc/avr/4.9.2/avr51\libgcc.a(_ctors.o)
                0x00000dce                __do_global_ctors
 *(.init6)
 *(.init7)
 *(.init7)
 *(.init8)
 *(.init8)
 *(.init9)
 .init9         0x00000de4        0x8 c:/program files (x86)/atmel/studio/7.0/toolchain/avr8/avr8-gnu-toolchain/bin/../lib/gcc/avr/4.9.2/../../../../avr/lib/avr51/crtat90usb1286.o
 *(.init9)
 *(.text)
 .text          0x00000dec        0x2 c:/program files (x86)/atmel/studio/7.0/toolchain/avr8/avr8-gnu-toolchain/bin/../lib/gcc/avr/4.9.2/../../../../avr/lib/avr51/crtat90usb1286.o
                0x00000dec                __vector_22
                0x00000dec                __vector_28
                0x00000dec                __vector_1
                0x00000dec                __vector_34
                0x00000dec                __vector_24
                0x00000dec                __vector_12
                0x00000dec                __bad_interrupt
                0x00000dec                __vector_6
                0x00000dec                __vector_31
                0x00000dec                __vector_35
                0x00000dec                __vector_3
                0x00000dec                __vector_23
                0x00000dec                __vector_30
                0x00000dec                __vector_13
                0x00000dec                __vector_17
                0x00000dec                __vector_19
                0x00000dec                __vector_7
                0x00000dec                __vector_5
                0x00000dec                __vector_33
                0x00000dec                __vector_37
                0x00000dec                __vector_4
                0x00000dec                __vector_9
                0x00000dec                __vector_2
                0x00000dec                __vector_15
                0x00000dec                __vector_36
                0x00000dec                __vector_8
                0x00000dec                __vector_14
                0x00000dec                __vector_16
                0x00000dec                __vector_18
                0x00000dec                __vector_20
                0x00000dee                . = ALIGN (0x2)
 *(.text.*)
 .text._ZN13Configuration14writeSignatureEv
                0x00000dee       0x2c eeprom/Configuration.o
                0x00000dee                _ZN13Configuration14writeSignatureEv
 .text._ZN13ConfigurationC2Ev
                0x00000e1a       0x48 eeprom/Configuration.o
                0x00000e1a                _ZN13ConfigurationC2Ev
                0x00000e1a                _ZN13ConfigurationC1Ev
 .text._ZN13Configuration11clearEEPROMEv
                0x00000e62       0x20 eeprom/Configuration.o
                0x00000e62                _ZN13Configuration11clearEEPROMEv
 .text._ZN13Configuration22createSectionAddressesEv
                0x00000e82      0x270 eeprom/Configuration.o
                0x00000e82                _ZN13Configuration22createSectionAddressesEv
 .text._ZN13Configuration19initProgramSettingsEb
                0x000010f2      0x1fc eeprom/Configuration.o
                0x000010f2                _ZN13Configuration19initProgramSettingsEb
 .text._ZN13Configuration14initUserScalesEb
                0x000012ee       0xe8 eeprom/Configuration.o
                0x000012ee                _ZN13Configuration14initUserScalesEb
 .text._ZN13Configuration18initPadCalibrationEb
                0x000013d6      0x162 eeprom/Configuration.o
                0x000013d6                _ZN13Configuration18initPadCalibrationEb
 .text._ZN13Configuration16initMIDIsettingsEb
                0x00001538       0x42 eeprom/Configuration.o
                0x00001538                _ZN13Configuration16initMIDIsettingsEb
 .text._ZN13Configuration12initSettingsEb
                0x0000157a       0x26 eeprom/Configuration.o
                0x0000157a                _ZN13Configuration12initSettingsEb
 .text._ZN13Configuration12factoryResetE18factoryResetType_t
                0x000015a0       0x9c eeprom/Configuration.o
                0x000015a0                _ZN13Configuration12factoryResetE18factoryResetType_t
 .text._ZN13Configuration10checkResetEv
                0x0000163c       0x70 eeprom/Configuration.o
                0x0000163c                _ZN13Configuration10checkResetEv
 .text._ZN13Configuration4initEv
                0x000016ac       0x16 eeprom/Configuration.o
                0x000016ac                _ZN13Configuration4initEv
 .text._ZN13Configuration6updateEv
                0x000016c2       0x8c eeprom/Configuration.o
                0x000016c2                _ZN13Configuration6updateEv
 .text._ZN13Configuration9queueDataEjjh
                0x0000174e       0x80 eeprom/Configuration.o
                0x0000174e                _ZN13Configuration9queueDataEjjh
 .text._ZN13Configuration14writeParameterEhhiib
                0x000017ce      0x1a6 eeprom/Configuration.o
                0x000017ce                _ZN13Configuration14writeParameterEhhiib
 .text._GLOBAL__sub_I__ZN13Configuration12factoryResetE18factoryResetType_t
                0x00001974        0x8 eeprom/Configuration.o
 .text._ZN13Configuration18createMemoryLayoutEv
                0x0000197c       0xf6 eeprom/MemoryLayout.o
                0x0000197c                _ZN13Configuration18createMemoryLayoutEv
 .text._Z15setADCprescaler12adcPrescaler
                0x00001a72       0x4a hardware/adc/ADC.o
                0x00001a72                _Z15setADCprescaler12adcPrescaler
 .text._Z19setVoltageReference7adcVRef
                0x00001abc       0x42 hardware/adc/ADC.o
                0x00001abc                _Z19setVoltageReference7adcVRef
 .text._Z13setADCchannelh
                0x00001afe       0x16 hardware/adc/ADC.o
                0x00001afe                _Z13setADCchannelh
 .text._Z11getADCvaluev
                0x00001b14       0x34 hardware/adc/ADC.o
                0x00001b14                _Z11getADCvaluev
 .text._Z7initADC12adcPrescalerb7adcVRef
                0x00001b48       0x54 hardware/adc/ADC.o
                0x00001b48                _Z7initADC12adcPrescalerb7adcVRef
 .text.__vector_29
                0x00001b9c       0x2c hardware/adc/ADC.o
                0x00001b9c                __vector_29
 .text._Z20analogReadInProgressv
                0x00001bc8        0xc hardware/adc/ADC.o
                0x00001bc8                _Z20analogReadInProgressv
 .text._Z8i2c_initv
                0x00001bd4        0x8 hardware/i2c/i2c_master.o
                0x00001bd4                _Z8i2c_initv
 .text._Z9i2c_starth
                0x00001bdc       0x4a hardware/i2c/i2c_master.o
                0x00001bdc                _Z9i2c_starth
 .text._Z9i2c_writeh
                0x00001c26       0x24 hardware/i2c/i2c_master.o
                0x00001c26                _Z9i2c_writeh
 .text._Z13i2c_read_nackv
                0x00001c4a       0x16 hardware/i2c/i2c_master.o
                0x00001c4a                _Z13i2c_read_nackv
 .text._Z8i2c_stopv
                0x00001c60        0x8 hardware/i2c/i2c_master.o
                0x00001c60                _Z8i2c_stopv
 .text._ZL8toggle_ev
                0x00001c68        0xe hardware/lcd/lcd.o
 .text._ZL9lcd_writehh
                0x00001c76       0x5a hardware/lcd/lcd.o
 .text._ZL8lcd_readh
                0x00001cd0       0x5c hardware/lcd/lcd.o
 .text._ZL12lcd_waitbusyv
                0x00001d2c       0x16 hardware/lcd/lcd.o
 .text._Z11lcd_commandh
                0x00001d42       0x10 hardware/lcd/lcd.o
                0x00001d42                _Z11lcd_commandh
 .text._Z10lcd_gotoxyhh
                0x00001d52       0x24 hardware/lcd/lcd.o
                0x00001d52                _Z10lcd_gotoxyhh
 .text._Z10lcd_clrscrv
                0x00001d76        0x6 hardware/lcd/lcd.o
                0x00001d76                _Z10lcd_clrscrv
 .text._Z8lcd_putcc
                0x00001d7c       0x3a hardware/lcd/lcd.o
                0x00001d7c                _Z8lcd_putcc
 .text._Z8lcd_putsPKc
                0x00001db6       0x1e hardware/lcd/lcd.o
                0x00001db6                _Z8lcd_putsPKc
 .text._Z8lcd_inith
                0x00001dd4       0x72 hardware/lcd/lcd.o
                0x00001dd4                _Z8lcd_inith
 .text._ZN6HWmidiC2Ev
                0x00001e46       0x4c hardware/midi/MIDI.o
                0x00001e46                _ZN6HWmidiC1Ev
                0x00001e46                _ZN6HWmidiC2Ev
 .text._ZN6HWmidi4initEbb19midiInterfaceType_t
                0x00001e92       0x32 hardware/midi/MIDI.o
                0x00001e92                _ZN6HWmidi4initEbb19midiInterfaceType_t
 .text._ZN6HWmidi9sendSysExEjPKhb19midiInterfaceType_t
                0x00001ec4      0x40e hardware/midi/MIDI.o
                0x00001ec4                _ZN6HWmidi9sendSysExEjPKhb19midiInterfaceType_t
 .text._ZN6HWmidi12sendRealTimeE17midiMessageType_t19midiInterfaceType_t
                0x000022d2       0x40 hardware/midi/MIDI.o
                0x000022d2                _ZN6HWmidi12sendRealTimeE17midiMessageType_t19midiInterfaceType_t
 .text._ZN6HWmidi4sendE17midiMessageType_thhh19midiInterfaceType_t
                0x00002312       0xfc hardware/midi/MIDI.o
                0x00002312                _ZN6HWmidi4sendE17midiMessageType_thhh19midiInterfaceType_t
 .text._ZN6HWmidi10sendNoteOnEhhh19midiInterfaceType_t
                0x0000240e       0x16 hardware/midi/MIDI.o
                0x0000240e                _ZN6HWmidi10sendNoteOnEhhh19midiInterfaceType_t
 .text._ZN6HWmidi11sendNoteOffEhhh19midiInterfaceType_t
                0x00002424       0x16 hardware/midi/MIDI.o
                0x00002424                _ZN6HWmidi11sendNoteOffEhhh19midiInterfaceType_t
 .text._ZN6HWmidi17sendControlChangeEhhh19midiInterfaceType_t
                0x0000243a       0x16 hardware/midi/MIDI.o
                0x0000243a                _ZN6HWmidi17sendControlChangeEhhh19midiInterfaceType_t
 .text._ZN6HWmidi16sendPolyPressureEhhh19midiInterfaceType_t
                0x00002450       0x16 hardware/midi/MIDI.o
                0x00002450                _ZN6HWmidi16sendPolyPressureEhhh19midiInterfaceType_t
 .text._ZN6HWmidi14sendAfterTouchEhh19midiInterfaceType_t
                0x00002466       0x16 hardware/midi/MIDI.o
                0x00002466                _ZN6HWmidi14sendAfterTouchEhh19midiInterfaceType_t
 .text._ZN6HWmidi19enableRunningStatusEv
                0x0000247c        0x8 hardware/midi/MIDI.o
                0x0000247c                _ZN6HWmidi19enableRunningStatusEv
 .text._ZN6HWmidi20disableRunningStatusEv
                0x00002484        0x6 hardware/midi/MIDI.o
                0x00002484                _ZN6HWmidi20disableRunningStatusEv
 .text._ZN6HWmidi20runningStatusEnabledEv
                0x0000248a        0x6 hardware/midi/MIDI.o
                0x0000248a                _ZN6HWmidi20runningStatusEnabledEv
 .text._ZN6HWmidi11inputFilterEh19midiInterfaceType_t
                0x00002490       0x62 hardware/midi/MIDI.o
                0x00002490                _ZN6HWmidi11inputFilterEh19midiInterfaceType_t
 .text._ZNK6HWmidi7getTypeE19midiInterfaceType_t
                0x000024f2       0x1a hardware/midi/MIDI.o
                0x000024f2                _ZNK6HWmidi7getTypeE19midiInterfaceType_t
 .text._ZNK6HWmidi8getData1E19midiInterfaceType_t
                0x0000250c       0x1a hardware/midi/MIDI.o
                0x0000250c                _ZNK6HWmidi8getData1E19midiInterfaceType_t
 .text._ZNK6HWmidi8getData2E19midiInterfaceType_t
                0x00002526       0x1a hardware/midi/MIDI.o
                0x00002526                _ZNK6HWmidi8getData2E19midiInterfaceType_t
 .text._ZN6HWmidi13getSysExArrayE19midiInterfaceType_t
                0x00002540       0x18 hardware/midi/MIDI.o
                0x00002540                _ZN6HWmidi13getSysExArrayE19midiInterfaceType_t
 .text._ZN6HWmidi19getSysExArrayLengthE19midiInterfaceType_t
                0x00002558       0x36 hardware/midi/MIDI.o
                0x00002558                _ZN6HWmidi19getSysExArrayLengthE19midiInterfaceType_t
 .text._ZN6HWmidi15setInputChannelEh
                0x0000258e        0x6 hardware/midi/MIDI.o
                0x0000258e                _ZN6HWmidi15setInputChannelEh
 .text._ZN6HWmidi21getTypeFromStatusByteEh
                0x00002594       0x2e hardware/midi/MIDI.o
                0x00002594                _ZN6HWmidi21getTypeFromStatusByteEh
 .text._ZN6HWmidi16isChannelMessageE17midiMessageType_t
                0x000025c2       0x2e hardware/midi/MIDI.o
                0x000025c2                _ZN6HWmidi16isChannelMessageE17midiMessageType_t
 .text._ZN6HWmidi5parseE19midiInterfaceType_t
                0x000025f0      0x470 hardware/midi/MIDI.o
                0x000025f0                _ZN6HWmidi5parseE19midiInterfaceType_t
 .text._ZN6HWmidi4readEh19midiInterfaceType_t
                0x00002a60       0x30 hardware/midi/MIDI.o
                0x00002a60                _ZN6HWmidi4readEh19midiInterfaceType_t
 .text._ZN6HWmidi4readE19midiInterfaceType_t
                0x00002a90        0xa hardware/midi/MIDI.o
                0x00002a90                _ZN6HWmidi4readE19midiInterfaceType_t
 .text.EVENT_USB_Device_ConfigurationChanged
                0x00002a9a       0x12 hardware/midi/MIDI.o
                0x00002a9a                EVENT_USB_Device_ConfigurationChanged
 .text._GLOBAL__sub_I_MIDI_Interface
                0x00002aac        0x8 hardware/midi/MIDI.o
 .text._Z15ledStateToValue10ledState_t
                0x00002ab4       0x1c hardware/timer/TimerObject.o
                0x00002ab4                _Z15ledStateToValue10ledState_t
 .text.__vector_21
                0x00002ad0      0x2ba hardware/timer/TimerObject.o
                0x00002ad0                __vector_21
 .text.__vector_32
                0x00002d8a      0x18a hardware/timer/TimerObject.o
                0x00002d8a                __vector_32
 .text._ZN11TimerObject11getLEDstateEh
                0x00002f14       0x48 hardware/timer/TimerObject.o
                0x00002f14                _ZN11TimerObject11getLEDstateEh
 .text._ZN11TimerObject11setLEDstateEh10ledState_t
                0x00002f5c      0x102 hardware/timer/TimerObject.o
                0x00002f5c                _ZN11TimerObject11setLEDstateEh10ledState_t
 .text._ZN11TimerObject4initEv
                0x0000305e      0x25e hardware/timer/TimerObject.o
                0x0000305e                _ZN11TimerObject4initEv
 .text._ZN11TimerObject15getEncoderStateEh
                0x000032bc        0xe hardware/timer/TimerObject.o
                0x000032bc                _ZN11TimerObject15getEncoderStateEh
 .text._ZN11TimerObject11setPWMstepsEh
                0x000032ca        0x6 hardware/timer/TimerObject.o
                0x000032ca                _ZN11TimerObject11setPWMstepsEh
 .text._Z11rTimeMillisv
                0x000032d0       0x18 hardware/timer/TimerObject.o
                0x000032d0                _Z11rTimeMillisv
 .text._Z4waitm
                0x000032e8       0x32 hardware/timer/TimerObject.o
                0x000032e8                _Z4waitm
 .text.__vector_25
                0x0000331a       0x56 hardware/uart/UART.o
                0x0000331a                __vector_25
 .text.__vector_26
                0x00003370       0x6e hardware/uart/UART.o
                0x00003370                __vector_26
 .text.__vector_27
                0x000033de       0x18 hardware/uart/UART.o
                0x000033de                __vector_27
 .text._ZN4UART4readEv
                0x000033f6       0x2c hardware/uart/UART.o
                0x000033f6                _ZN4UART4readEv
 .text._ZN4UART5writeEh
                0x00003422       0x50 hardware/uart/UART.o
                0x00003422                _ZN4UART5writeEh
 .text._ZN4UART5beginEmbb
                0x00003472       0xc6 hardware/uart/UART.o
                0x00003472                _ZN4UART5beginEmbb
 .text._ZN4UART9availableEv
                0x00003538       0x20 hardware/uart/UART.o
                0x00003538                _ZN4UART9availableEv
 .text.MIDI_Device_SendEventPacket
                0x00003558       0x46 hardware/usb/lufa/LUFA/Drivers/USB/Class/Device/MIDIClassDevice.o
                0x00003558                MIDI_Device_SendEventPacket
 .text.MIDI_Device_Flush
                0x0000359e       0x34 hardware/usb/lufa/LUFA/Drivers/USB/Class/Device/MIDIClassDevice.o
                0x0000359e                MIDI_Device_Flush
 .text.Endpoint_Write_Stream_LE
                0x000035d2       0xb8 hardware/usb/lufa/LUFA/Drivers/USB/Core/AVR8/EndpointStream_AVR8.o
                0x000035d2                Endpoint_Write_Stream_LE
 .text.Endpoint_Read_Stream_LE
                0x0000368a       0xb8 hardware/usb/lufa/LUFA/Drivers/USB/Core/AVR8/EndpointStream_AVR8.o
                0x0000368a                Endpoint_Read_Stream_LE
 .text.Endpoint_Write_Control_Stream_LE
                0x00003742       0xfe hardware/usb/lufa/LUFA/Drivers/USB/Core/AVR8/EndpointStream_AVR8.o
                0x00003742                Endpoint_Write_Control_Stream_LE
 .text.Endpoint_Write_Control_PStream_LE
                0x00003840      0x100 hardware/usb/lufa/LUFA/Drivers/USB/Core/AVR8/EndpointStream_AVR8.o
                0x00003840                Endpoint_Write_Control_PStream_LE
 .text.Endpoint_ConfigureEndpoint_Prv
                0x00003940       0xcc hardware/usb/lufa/LUFA/Drivers/USB/Core/AVR8/Endpoint_AVR8.o
                0x00003940                Endpoint_ConfigureEndpoint_Prv
 .text.Endpoint_ClearStatusStage
                0x00003a0c       0x48 hardware/usb/lufa/LUFA/Drivers/USB/Core/AVR8/Endpoint_AVR8.o
                0x00003a0c                Endpoint_ClearStatusStage
 .text.Endpoint_WaitUntilReady
                0x00003a54       0x82 hardware/usb/lufa/LUFA/Drivers/USB/Core/AVR8/Endpoint_AVR8.o
                0x00003a54                Endpoint_WaitUntilReady
 .text.USB_ResetInterface
                0x00003ad6       0x8a hardware/usb/lufa/LUFA/Drivers/USB/Core/AVR8/USBController_AVR8.o
                0x00003ad6                USB_ResetInterface
 .text.USB_Init
                0x00003b60       0x1e hardware/usb/lufa/LUFA/Drivers/USB/Core/AVR8/USBController_AVR8.o
                0x00003b60                USB_Init
 .text.USB_INT_DisableAllInterrupts
                0x00003b7e       0x10 hardware/usb/lufa/LUFA/Drivers/USB/Core/AVR8/USBInterrupt_AVR8.o
                0x00003b7e                USB_INT_DisableAllInterrupts
 .text.USB_INT_ClearAllInterrupts
                0x00003b8e        0xa hardware/usb/lufa/LUFA/Drivers/USB/Core/AVR8/USBInterrupt_AVR8.o
                0x00003b8e                USB_INT_ClearAllInterrupts
 .text.__vector_10
                0x00003b98      0x192 hardware/usb/lufa/LUFA/Drivers/USB/Core/AVR8/USBInterrupt_AVR8.o
                0x00003b98                __vector_10
 .text.__vector_11
                0x00003d2a       0xa8 hardware/usb/lufa/LUFA/Drivers/USB/Core/AVR8/USBInterrupt_AVR8.o
                0x00003d2a                __vector_11
 .text.USB_Device_ProcessControlRequest
                0x00003dd2      0x2ca hardware/usb/lufa/LUFA/Drivers/USB/Core/DeviceStandardReq.o
                0x00003dd2                USB_Device_ProcessControlRequest
 .text.USB_Event_Stub
                0x0000409c        0x2 hardware/usb/lufa/LUFA/Drivers/USB/Core/Events.o
                0x0000409c                EVENT_USB_Device_WakeUp
                0x0000409c                USB_Event_Stub
                0x0000409c                EVENT_USB_Device_Suspend
                0x0000409c                EVENT_USB_Device_StartOfFrame
                0x0000409c                EVENT_USB_Device_Disconnect
                0x0000409c                EVENT_USB_Device_Reset
                0x0000409c                EVENT_USB_Device_ControlRequest
                0x0000409c                EVENT_USB_Device_Connect
 .text.CALLBACK_USB_GetDescriptor
                0x0000409e       0x7a hardware/usb/midi/Descriptors.o
                0x0000409e                CALLBACK_USB_GetDescriptor
 .text._Z16startUpAnimationv
                0x00004118       0xca init/Init.o
                0x00004118                _Z16startUpAnimationv
 .text._Z10globalInitv
                0x000041e2       0xa4 init/Init.o
                0x000041e2                _Z10globalInitv
 .text._Z6rebootv
                0x00004286       0x16 init/Init.o
                0x00004286                _Z6rebootv
 .text._ZN7Buttons18getTonicFromButtonEh
                0x0000429c       0x48 interface/buttons/Buttons.o
                0x0000429c                _ZN7Buttons18getTonicFromButtonEh
 .text._ZN7Buttons16handleOnOffEventEhb
                0x000042e4      0x160 interface/buttons/Buttons.o
                0x000042e4                _ZN7Buttons16handleOnOffEventEhb
 .text._ZN7Buttons27handleTransportControlEventEhb
                0x00004444       0xe0 interface/buttons/Buttons.o
                0x00004444                _ZN7Buttons27handleTransportControlEventEhb
 .text._ZN7Buttons16handleTonicEventE6note_tb
                0x00004524       0x80 interface/buttons/Buttons.o
                0x00004524                _ZN7Buttons16handleTonicEventE6note_tb
 .text._ZN7Buttons17handleOctaveEventEbb
                0x000045a4      0x2ba interface/buttons/Buttons.o
                0x000045a4                _ZN7Buttons17handleOctaveEventEbb
 .text._GLOBAL__sub_I__ZN7Buttons18getTonicFromButtonEh
                0x0000485e        0x8 interface/buttons/Buttons.o
 .text._ZN7Buttons16mapButtonsToLEDsEv
                0x00004866       0x5c interface/buttons/Map.o
                0x00004866                _ZN7Buttons16mapButtonsToLEDsEv
 .text._ZN7Buttons22getLEDnumberFromButtonEh
                0x000048c2        0xc interface/buttons/Map.o
                0x000048c2                _ZN7Buttons22getLEDnumberFromButtonEh
 .text._ZN7ButtonsC2Ev
                0x000048ce       0x42 interface/buttons/UpdateLogic.o
                0x000048ce                _ZN7ButtonsC2Ev
                0x000048ce                _ZN7ButtonsC1Ev
 .text._Z12read_I2C_reghh
                0x00004910       0x34 interface/buttons/UpdateLogic.o
                0x00004910                _Z12read_I2C_reghh
 .text._Z13write_I2C_reghhh
                0x00004944       0x24 interface/buttons/UpdateLogic.o
                0x00004944                _Z13write_I2C_reghhh
 .text._ZN7Buttons14getButtonStateEh
                0x00004968       0x1c interface/buttons/UpdateLogic.o
                0x00004968                _ZN7Buttons14getButtonStateEh
 .text._ZN7Buttons10readStatesEv
                0x00004984       0x9e interface/buttons/UpdateLogic.o
                0x00004984                _ZN7Buttons10readStatesEv
 .text._ZN7Buttons15buttonDebouncedEhh
                0x00004a22       0x22 interface/buttons/UpdateLogic.o
                0x00004a22                _ZN7Buttons15buttonDebouncedEhh
 .text._ZN7Buttons13processButtonEhb
                0x00004a44       0xd4 interface/buttons/UpdateLogic.o
                0x00004a44                _ZN7Buttons13processButtonEhb
 .text._ZN7Buttons14setButtonStateEhh
                0x00004b18       0x7a interface/buttons/UpdateLogic.o
                0x00004b18                _ZN7Buttons14setButtonStateEhh
 .text._ZN7Buttons6updateEv
                0x00004b92      0x1b2 interface/buttons/UpdateLogic.o
                0x00004b92                _ZN7Buttons6updateEv
 .text._ZN7Buttons4initEv
                0x00004d44       0xe2 interface/buttons/UpdateLogic.o
                0x00004d44                _ZN7Buttons4initEv
 .text._ZN7Buttons6enableEa
                0x00004e26       0x20 interface/buttons/UpdateLogic.o
                0x00004e26                _ZN7Buttons6enableEa
 .text._ZN7Buttons7disableEa
                0x00004e46       0x1c interface/buttons/UpdateLogic.o
                0x00004e46                _ZN7Buttons7disableEa
 .text._ZN8EncodersC2Ev
                0x00004e62       0x14 interface/encoders/Encoders.o
                0x00004e62                _ZN8EncodersC1Ev
                0x00004e62                _ZN8EncodersC2Ev
 .text._ZN8Encoders13handleEncoderEhbh
                0x00004e76      0x2d6 interface/encoders/Encoders.o
                0x00004e76                _ZN8Encoders13handleEncoderEhbh
 .text._ZN8Encoders6updateEb
                0x0000514c       0xee interface/encoders/Encoders.o
                0x0000514c                _ZN8Encoders6updateEb
 .text._ZN8Encoders5flushEv
                0x0000523a        0x6 interface/encoders/Encoders.o
                0x0000523a                _ZN8Encoders5flushEv
 .text._GLOBAL__sub_I__ZN8EncodersC2Ev
                0x00005240        0x8 interface/encoders/Encoders.o
 .text._ZN3LCD14setupLCDlayoutEv
                0x00005248       0x90 interface/lcd/Layout.o
                0x00005248                _ZN3LCD14setupLCDlayoutEv
 .text._Z12factoryReset16functionArgument
                0x000052d8      0x1b4 interface/lcd/menu/functions/MenuFunctions.o
                0x000052d8                _Z12factoryReset16functionArgument
 .text._Z10deviceInfo16functionArgument
                0x0000548c        0xc interface/lcd/menu/functions/MenuFunctions.o
                0x0000548c                _Z10deviceInfo16functionArgument
 .text._Z17enableCalibration16functionArgument
                0x00005498       0x36 interface/lcd/menu/functions/MenuFunctions.o
                0x00005498                _Z17enableCalibration16functionArgument
 .text._Z16checkCalibration16functionArgument
                0x000054ce       0x26 interface/lcd/menu/functions/MenuFunctions.o
                0x000054ce                _Z16checkCalibration16functionArgument
 .text._Z19checkAftertouchType16functionArgument
                0x000054f4       0x3c interface/lcd/menu/functions/MenuFunctions.o
                0x000054f4                _Z19checkAftertouchType16functionArgument
 .text._Z18checkRunningStatus16functionArgument
                0x00005530       0x42 interface/lcd/menu/functions/MenuFunctions.o
                0x00005530                _Z18checkRunningStatus16functionArgument
 .text._Z18checkNoteOffStatus16functionArgument
                0x00005572       0x3c interface/lcd/menu/functions/MenuFunctions.o
                0x00005572                _Z18checkNoteOffStatus16functionArgument
 .text._ZN4Menu23createServiceMenuLayoutEv
                0x000055ae       0xca interface/lcd/menu/layout/ServiceMenu.o
                0x000055ae                _ZN4Menu23createServiceMenuLayoutEv
 .text._ZN4Menu20createUserMenuLayoutEv
                0x00005678      0x27c interface/lcd/menu/layout/UserMenu.o
                0x00005678                _ZN4Menu20createUserMenuLayoutEv
 .text._ZN4MenuC2Ev
                0x000058f4       0x2a interface/lcd/menu/Menu.o
                0x000058f4                _ZN4MenuC2Ev
                0x000058f4                _ZN4MenuC1Ev
 .text._ZN4Menu4initEv
                0x0000591e        0x2 interface/lcd/menu/Menu.o
                0x0000591e                _ZN4Menu4initEv
 .text._ZN4Menu12setMenuTitleEb
                0x00005920      0x14a interface/lcd/menu/Menu.o
                0x00005920                _ZN4Menu12setMenuTitleEb
 .text._ZN4Menu11getMenuSizeEv
                0x00005a6a       0x1c interface/lcd/menu/Menu.o
                0x00005a6a                _ZN4Menu11getMenuSizeEv
 .text._ZN4Menu12getMenuItemsEv
                0x00005a86      0x1b6 interface/lcd/menu/Menu.o
                0x00005a86                _ZN4Menu12getMenuItemsEv
 .text._ZN4Menu16updateMenuScreenEv
                0x00005c3c      0x2a6 interface/lcd/menu/Menu.o
                0x00005c3c                _ZN4Menu16updateMenuScreenEv
 .text._ZN4Menu11displayMenuE10menuType_t
                0x00005ee2       0x52 interface/lcd/menu/Menu.o
                0x00005ee2                _ZN4Menu11displayMenuE10menuType_t
 .text._ZN4Menu12changeOptionEb
                0x00005f34       0x94 interface/lcd/menu/Menu.o
                0x00005f34                _ZN4Menu12changeOptionEb
 .text._ZN4Menu8exitMenuEv
                0x00005fc8       0x56 interface/lcd/menu/Menu.o
                0x00005fc8                _ZN4Menu8exitMenuEv
 .text._ZN4Menu13menuDisplayedEv
                0x0000601e       0x12 interface/lcd/menu/Menu.o
                0x0000601e                _ZN4Menu13menuDisplayedEv
 .text._ZN4Menu13confirmOptionEb
                0x00006030      0x33c interface/lcd/menu/Menu.o
                0x00006030                _ZN4Menu13confirmOptionEb
 .text._ZN4Menu12stopFunctionEv
                0x0000636c        0xa interface/lcd/menu/Menu.o
                0x0000636c                _ZN4Menu12stopFunctionEv
 .text._GLOBAL__sub_I__ZN4MenuC2Ev
                0x00006376        0x8 interface/lcd/menu/Menu.o
 .text._ZN3LCD16displayPadAmountEbh
                0x0000637e       0xfc interface/lcd/MessageBuilder.o
                0x0000637e                _ZN3LCD16displayPadAmountEbh
 .text._ZN3LCD19displayHelloMessageEv
                0x0000647a       0x58 interface/lcd/MessageBuilder.o
                0x0000647a                _ZN3LCD19displayHelloMessageEv
 .text._ZN3LCD17displayOutOfRangeEv
                0x000064d2       0x46 interface/lcd/MessageBuilder.o
                0x000064d2                _ZN3LCD17displayOutOfRangeEv
 .text._ZN3LCD24displayMIDIchannelChangeEhbh
                0x00006518       0xd0 interface/lcd/MessageBuilder.o
                0x00006518                _ZN3LCD24displayMIDIchannelChangeEhbh
 .text._ZN3LCD15displayCCchangeE16coordinateType_tbhh
                0x000065e8       0xe6 interface/lcd/MessageBuilder.o
                0x000065e8                _ZN3LCD15displayCCchangeE16coordinateType_tbhh
 .text._ZN3LCD18displayCurveChangeE16coordinateType_tbah
                0x000066ce      0x170 interface/lcd/MessageBuilder.o
                0x000066ce                _ZN3LCD18displayCurveChangeE16coordinateType_tbah
 .text._ZN3LCD20displayCClimitChangeE16coordinateType_t13ccLimitType_tbhh
                0x0000683e      0x132 interface/lcd/MessageBuilder.o
                0x0000683e                _ZN3LCD20displayCClimitChangeE16coordinateType_t13ccLimitType_tbhh
 .text._ZN3LCD12displayOnOffE7onOff_tbhh
                0x00006970       0x88 interface/lcd/MessageBuilder.o
                0x00006970                _ZN3LCD12displayOnOffE7onOff_tbhh
 .text._ZN3LCD17displayNoteChangeE14changeOutput_t16noteChangeType_ta
                0x000069f8      0x276 interface/lcd/MessageBuilder.o
                0x000069f8                _ZN3LCD17displayNoteChangeE14changeOutput_t16noteChangeType_ta
 .text._ZN3LCD23displayTransportControlE18transportControl_t
                0x00006c6e       0xa8 interface/lcd/MessageBuilder.o
                0x00006c6e                _ZN3LCD23displayTransportControlE18transportControl_t
 .text._ZN3LCD18displayMaxNotesSetEv
                0x00006d16       0x46 interface/lcd/MessageBuilder.o
                0x00006d16                _ZN3LCD18displayMaxNotesSetEv
 .text._ZN3LCD22displayPadReleaseErrorE17padReleaseError_t
                0x00006d5c       0xbe interface/lcd/MessageBuilder.o
                0x00006d5c                _ZN3LCD22displayPadReleaseErrorE17padReleaseError_t
 .text._ZN3LCD25displayEditModeNotAllowedE19padEditModeResult_t
                0x00006e1a       0x56 interface/lcd/MessageBuilder.o
                0x00006e1a                _ZN3LCD25displayEditModeNotAllowedE19padEditModeResult_t
 .text._ZN3LCD35displayPadEditChangeParametersErrorEv
                0x00006e70       0x46 interface/lcd/MessageBuilder.o
                0x00006e70                _ZN3LCD35displayPadEditChangeParametersErrorEv
 .text._ZN3LCD22displayFirmwareUpdatedEv
                0x00006eb6      0x296 interface/lcd/MessageBuilder.o
                0x00006eb6                _ZN3LCD22displayFirmwareUpdatedEv
 .text._ZN3LCD22displayProgramAndScaleEhh
                0x0000714c      0x248 interface/lcd/MessageBuilder.o
                0x0000714c                _ZN3LCD22displayProgramAndScaleEhh
 .text._ZN3LCD15displayVelocityEh
                0x00007394      0x11e interface/lcd/MessageBuilder.o
                0x00007394                _ZN3LCD15displayVelocityEh
 .text._ZN3LCD17displayAftertouchEh
                0x000074b2      0x11e interface/lcd/MessageBuilder.o
                0x000074b2                _ZN3LCD17displayAftertouchEh
 .text._ZN3LCD17displayXYpositionEh16coordinateType_t
                0x000075d0      0x14a interface/lcd/MessageBuilder.o
                0x000075d0                _ZN3LCD17displayXYpositionEh16coordinateType_t
 .text._ZN3LCD11displayXYccEh16coordinateType_t
                0x0000771a      0x14a interface/lcd/MessageBuilder.o
                0x0000771a                _ZN3LCD11displayXYccEh16coordinateType_t
 .text._ZN3LCD21displayActivePadNotesEPhPahb
                0x00007864      0x2cc interface/lcd/MessageBuilder.o
                0x00007864                _ZN3LCD21displayActivePadNotesEPhPahb
 .text._ZN3LCD19displayActiveOctaveEa
                0x00007b30       0xd6 interface/lcd/MessageBuilder.o
                0x00007b30                _ZN3LCD19displayActiveOctaveEa
 .text._ZN3LCD18displayPadEditModeEh
                0x00007c06       0xf8 interface/lcd/MessageBuilder.o
                0x00007c06                _ZN3LCD18displayPadEditModeEh
 .text._ZN3LCD10displayPadEh
                0x00007cfe       0xc2 interface/lcd/MessageBuilder.o
                0x00007cfe                _ZN3LCD10displayPadEh
 .text._ZN3LCD18displayMIDIchannelEh
                0x00007dc0       0xf8 interface/lcd/MessageBuilder.o
                0x00007dc0                _ZN3LCD18displayMIDIchannelEh
 .text._ZN3LCD15clearAftertouchEv
                0x00007eb8       0x36 interface/lcd/MessageBuilder.o
                0x00007eb8                _ZN3LCD15clearAftertouchEv
 .text._ZN3LCD15clearXYpositionE16coordinateType_t
                0x00007eee       0x62 interface/lcd/MessageBuilder.o
                0x00007eee                _ZN3LCD15clearXYpositionE16coordinateType_t
 .text._ZN3LCD9clearXYccE16coordinateType_t
                0x00007f50       0x62 interface/lcd/MessageBuilder.o
                0x00007f50                _ZN3LCD9clearXYccE16coordinateType_t
 .text._ZN3LCD16clearPadEditModeEv
                0x00007fb2       0x4a interface/lcd/MessageBuilder.o
                0x00007fb2                _ZN3LCD16clearPadEditModeEv
 .text._ZN3LCD12clearPadDataEv
                0x00007ffc       0x4a interface/lcd/MessageBuilder.o
                0x00007ffc                _ZN3LCD12clearPadDataEv
 .text._ZN3LCD9clearLineEh
                0x00008046       0x34 interface/lcd/MessageBuilder.o
                0x00008046                _ZN3LCD9clearLineEh
 .text._ZN3LCD17displayDeviceInfoEv
                0x0000807a      0x32e interface/lcd/MessageBuilder.o
                0x0000807a                _ZN3LCD17displayDeviceInfoEv
 .text._ZN3LCD26displayFactoryResetWarningEv
                0x000083a8       0xa0 interface/lcd/MessageBuilder.o
                0x000083a8                _ZN3LCD26displayFactoryResetWarningEv
 .text._ZN3LCD21displayNoteShiftLevelEa
                0x00008448       0xd6 interface/lcd/MessageBuilder.o
                0x00008448                _ZN3LCD21displayNoteShiftLevelEa
 .text._ZN3LCD13updateDisplayEh11lcdTextTypehbhb
                0x0000851e       0x34 interface/lcd/MessageBuilder.o
                0x0000851e                _ZN3LCD13updateDisplayEh11lcdTextTypehbhb
 .text._ZN3LCDC2Ev
                0x00008552       0x2a interface/lcd/UpdateLogic.o
                0x00008552                _ZN3LCDC1Ev
                0x00008552                _ZN3LCDC2Ev
 .text._ZN3LCD4initEv
                0x0000857c       0xb6 interface/lcd/UpdateLogic.o
                0x0000857c                _ZN3LCD4initEv
 .text._ZN3LCD16getMessageStatusEv
                0x00008632       0xb2 interface/lcd/UpdateLogic.o
                0x00008632                _ZN3LCD16getMessageStatusEv
 .text._ZN3LCD11checkScrollEh
                0x000086e4      0x1ca interface/lcd/UpdateLogic.o
                0x000086e4                _ZN3LCD11checkScrollEh
 .text._ZN3LCD6updateEv
                0x000088ae      0x22a interface/lcd/UpdateLogic.o
                0x000088ae                _ZN3LCD6updateEv
 .text._ZN3LCD14displayMessageEhPKc
                0x00008ad8       0x38 interface/lcd/UpdateLogic.o
                0x00008ad8                _ZN3LCD14displayMessageEhPKc
 .text._ZN3LCD11displayTextEhPKchbb
                0x00008b10      0x16a interface/lcd/UpdateLogic.o
                0x00008b10                _ZN3LCD11displayTextEhPKchbb
 .text._ZN3LCD14setScrollStartEhh
                0x00008c7a        0xe interface/lcd/UpdateLogic.o
                0x00008c7a                _ZN3LCD14setScrollStartEhh
 .text._GLOBAL__sub_I__ZN3LCDC2Ev
                0x00008c88        0x8 interface/lcd/UpdateLogic.o
 .text._ZN4LEDs4initEv
                0x00008c90       0x1a interface/leds/LEDs.o
                0x00008c90                _ZN4LEDs4initEv
 .text._ZN4LEDs10allLEDsOffEv
                0x00008caa       0x1a interface/leds/LEDs.o
                0x00008caa                _ZN4LEDs10allLEDsOffEv
 .text._ZN4LEDs9allLEDsOnEv
                0x00008cc4       0x1a interface/leds/LEDs.o
                0x00008cc4                _ZN4LEDs9allLEDsOnEv
 .text._ZN4LEDs11setLEDstateEh10ledState_t
                0x00008cde        0xa interface/leds/LEDs.o
                0x00008cde                _ZN4LEDs11setLEDstateEh10ledState_t
 .text._ZN4LEDs11getLEDstateEh
                0x00008ce8        0xa interface/leds/LEDs.o
                0x00008ce8                _ZN4LEDs11getLEDstateEh
 .text._ZN4LEDs12setFadeSpeedEh
                0x00008cf2        0xa interface/leds/LEDs.o
                0x00008cf2                _ZN4LEDs12setFadeSpeedEh
 .text._ZN4LEDs12tonicLEDsOffEv
                0x00008cfc       0x2c interface/leds/LEDs.o
                0x00008cfc                _ZN4LEDs12tonicLEDsOffEv
 .text._ZN4LEDs15setNoteLEDstateE6note_t10ledState_t
                0x00008d28       0x14 interface/leds/LEDs.o
                0x00008d28                _ZN4LEDs15setNoteLEDstateE6note_t10ledState_t
 .text._ZN4LEDs21displayActiveNoteLEDsEbh
                0x00008d3c      0x142 interface/leds/LEDs.o
                0x00008d3c                _ZN4LEDs21displayActiveNoteLEDsEbh
 .text._Z4biasdd
                0x00008e7e       0x32 interface/pads/curves/Curves.o
                0x00008e7e                _Z4biasdd
 .text._Z4gaindd
                0x00008eb0       0xc4 interface/pads/curves/Curves.o
                0x00008eb0                _Z4gaindd
 .text._ZN6CurvesC2Ev
                0x00008f74       0x32 interface/pads/curves/Curves.o
                0x00008f74                _ZN6CurvesC2Ev
                0x00008f74                _ZN6CurvesC1Ev
 .text._ZN6Curves10setupCurveEhhh
                0x00008fa6      0x28c interface/pads/curves/Curves.o
                0x00008fa6                _ZN6Curves10setupCurveEhhh
 .text._ZN6Curves13getCurveValueE16coordinateType_thhhh
                0x00009232       0xd0 interface/pads/curves/Curves.o
                0x00009232                _ZN6Curves13getCurveValueE16coordinateType_thhhh
 .text._GLOBAL__sub_I__Z4biasdd
                0x00009302        0x8 interface/pads/curves/Curves.o
 .text._ZN4Pads5sendXEh
                0x0000930a       0x2a interface/pads/DataOutput.o
                0x0000930a                _ZN4Pads5sendXEh
 .text._ZN4Pads5sendYEh
                0x00009334       0x2a interface/pads/DataOutput.o
                0x00009334                _ZN4Pads5sendYEh
 .text._ZN4Pads14sendAftertouchEh
                0x0000935e       0xf2 interface/pads/DataOutput.o
                0x0000935e                _ZN4Pads14sendAftertouchEh
 .text._ZN4Pads14handleNoteLEDsEhb
                0x00009450      0x186 interface/pads/DataOutput.o
                0x00009450                _ZN4Pads14handleNoteLEDsEhb
 .text._ZN4Pads9sendNotesEhhb
                0x000095d6      0x19a interface/pads/DataOutput.o
                0x000095d6                _ZN4Pads9sendNotesEhhb
 .text._ZN4Pads13handleNoteLCDEhhb
                0x00009770      0x184 interface/pads/DataOutput.o
                0x00009770                _ZN4Pads13handleNoteLCDEhhb
 .text._ZN4Pads17getMedianValueXYZE16coordinateType_t
                0x000098f4      0x128 interface/pads/DataProcessing.o
                0x000098f4                _ZN4Pads17getMedianValueXYZE16coordinateType_t
 .text._ZN4Pads6checkXEh
                0x00009a1c      0x15a interface/pads/DataProcessing.o
                0x00009a1c                _ZN4Pads6checkXEh
 .text._ZN4Pads6checkYEh
                0x00009b76      0x15e interface/pads/DataProcessing.o
                0x00009b76                _ZN4Pads6checkYEh
 .text._ZN4Pads15checkAftertouchEhb
                0x00009cd4      0x2d0 interface/pads/DataProcessing.o
                0x00009cd4                _ZN4Pads15checkAftertouchEhb
 .text._ZN4Pads9xyUpdatedEh
                0x00009fa4      0x1ae interface/pads/DataProcessing.o
                0x00009fa4                _ZN4Pads9xyUpdatedEh
 .text._ZN4Pads14pressureStableEhb
                0x0000a152      0x124 interface/pads/DataProcessing.o
                0x0000a152                _ZN4Pads14pressureStableEhb
 .text._ZN4Pads15pressureUpdatedEv
                0x0000a276       0x52 interface/pads/DataProcessing.o
                0x0000a276                _ZN4Pads15pressureUpdatedEv
 .text._ZN4Pads13checkVelocityEh
                0x0000a2c8      0x12e interface/pads/DataProcessing.o
                0x0000a2c8                _ZN4Pads13checkVelocityEh
 .text._ZN4Pads15checkNoteBufferEv
                0x0000a3f6       0xb4 interface/pads/DataProcessing.o
                0x0000a3f6                _ZN4Pads15checkNoteBufferEv
 .text._ZN4Pads12checkLCDdataEhbbbb
                0x0000a4aa      0x1fe interface/pads/DataProcessing.o
                0x0000a4aa                _ZN4Pads12checkLCDdataEhbbbb
 .text._ZN4Pads18updatePressHistoryEh
                0x0000a6a8       0x70 interface/pads/DataProcessing.o
                0x0000a6a8                _ZN4Pads18updatePressHistoryEh
 .text._ZN4Pads20clearTouchHistoryPadEh
                0x0000a718      0x108 interface/pads/DataProcessing.o
                0x0000a718                _ZN4Pads20clearTouchHistoryPadEh
 .text._ZN4Pads20updateLastPressedPadEhb
                0x0000a820       0x2e interface/pads/DataProcessing.o
                0x0000a820                _ZN4Pads20updateLastPressedPadEhb
 .text._ZN4Pads10storeNotesEh
                0x0000a84e       0x88 interface/pads/DataProcessing.o
                0x0000a84e                _ZN4Pads10storeNotesEh
 .text._ZN4Pads13checkMIDIdataEhbbbb
                0x0000a8d6       0xb8 interface/pads/DataProcessing.o
                0x0000a8d6                _ZN4Pads13checkMIDIdataEhbbbb
 .text._ZN4Pads6updateEv
                0x0000a98e      0x240 interface/pads/DataProcessing.o
                0x0000a98e                _ZN4Pads6updateEv
 .text._ZN4Pads21displayActivePadNotesEh
                0x0000abce       0xcc interface/pads/EditMode.o
                0x0000abce                _ZN4Pads21displayActivePadNotesEh
 .text._ZN4Pads16setupPadEditModeEh
                0x0000ac9a       0x42 interface/pads/EditMode.o
                0x0000ac9a                _ZN4Pads16setupPadEditModeEh
 .text._ZN4Pads15exitPadEditModeEv
                0x0000acdc       0x3c interface/pads/EditMode.o
                0x0000acdc                _ZN4Pads15exitPadEditModeEv
 .text._ZN4Pads14editModeActiveEv
                0x0000ad18        0x6 interface/pads/EditMode.o
                0x0000ad18                _ZN4Pads14editModeActiveEv
 .text._ZN4Pads11setEditModeEb
                0x0000ad1e        0x6 interface/pads/EditMode.o
                0x0000ad1e                _ZN4Pads11setEditModeEb
 .text._ZN4Pads16getPadParametersEv
                0x0000ad24     0x155e interface/pads/Getters.o
                0x0000ad24                _ZN4Pads16getPadParametersEv
 .text._ZN4Pads13generateScaleE7scale_t
                0x0000c282      0x496 interface/pads/Getters.o
                0x0000c282                _ZN4Pads13generateScaleE7scale_t
 .text._ZN4Pads18getScaleParametersEv
                0x0000c718       0x7e interface/pads/Getters.o
                0x0000c718                _ZN4Pads18getScaleParametersEv
 .text._ZN4Pads20getProgramParametersEv
                0x0000c796      0x11e interface/pads/Getters.o
                0x0000c796                _ZN4Pads20getProgramParametersEv
 .text._ZN4Pads17getPressureLimitsEv
                0x0000c8b4      0x1d2 interface/pads/Getters.o
                0x0000c8b4                _ZN4Pads17getPressureLimitsEv
 .text._ZN4Pads10getXLimitsEv
                0x0000ca86      0x1d2 interface/pads/Getters.o
                0x0000ca86                _ZN4Pads10getXLimitsEv
 .text._ZN4Pads10getYLimitsEv
                0x0000cc58      0x1d2 interface/pads/Getters.o
                0x0000cc58                _ZN4Pads10getYLimitsEv
 .text._ZN4Pads19getAftertouchLimitsEv
                0x0000ce2a       0xba interface/pads/Getters.o
                0x0000ce2a                _ZN4Pads19getAftertouchLimitsEv
 .text._ZN4Pads12getPadLimitsEv
                0x0000cee4       0x1a interface/pads/Getters.o
                0x0000cee4                _ZN4Pads12getPadLimitsEv
 .text._ZN4Pads16getConfigurationEv
                0x0000cefe       0x7a interface/pads/Getters.o
                0x0000cefe                _ZN4Pads16getConfigurationEv
 .text._ZN4Pads16getMIDISendStateE7onOff_th
                0x0000cf78       0x4c interface/pads/Getters.o
                0x0000cf78                _ZN4Pads16getMIDISendStateE7onOff_th
 .text._ZN4Pads17getAftertouchTypeEv
                0x0000cfc4        0xa interface/pads/Getters.o
                0x0000cfc4                _ZN4Pads17getAftertouchTypeEv
 .text._ZN4Pads13getSplitStateEv
                0x0000cfce        0xa interface/pads/Getters.o
                0x0000cfce                _ZN4Pads13getSplitStateEv
 .text._ZN4Pads16getActiveProgramEv
                0x0000cfd8        0xa interface/pads/Getters.o
                0x0000cfd8                _ZN4Pads16getActiveProgramEv
 .text._ZN4Pads14getActiveScaleEv
                0x0000cfe2        0xa interface/pads/Getters.o
                0x0000cfe2                _ZN4Pads14getActiveScaleEv
 .text._ZN4Pads10getCCcurveE16coordinateType_th
                0x0000cfec       0x2a interface/pads/Getters.o
                0x0000cfec                _ZN4Pads10getCCcurveE16coordinateType_th
 .text._ZN4Pads15getCClimitValueE16coordinateType_t13ccLimitType_th
                0x0000d016       0x4e interface/pads/Getters.o
                0x0000d016                _ZN4Pads15getCClimitValueE16coordinateType_t13ccLimitType_th
 .text._ZN4Pads10getCCvalueE16coordinateType_th
                0x0000d064       0x2a interface/pads/Getters.o
                0x0000d064                _ZN4Pads10getCCvalueE16coordinateType_th
 .text._ZN4Pads14getMIDIchannelEh
                0x0000d08e        0xe interface/pads/Getters.o
                0x0000d08e                _ZN4Pads14getMIDIchannelEh
 .text._ZN4Pads15getActiveOctaveEv
                0x0000d09c        0xa interface/pads/Getters.o
                0x0000d09c                _ZN4Pads15getActiveOctaveEv
 .text._ZN4Pads14getActiveTonicEv
                0x0000d0a6      0x126 interface/pads/Getters.o
                0x0000d0a6                _ZN4Pads14getActiveTonicEv
 .text._ZN4Pads12getScaleTypeEa
                0x0000d1cc       0x18 interface/pads/Getters.o
                0x0000d1cc                _ZN4Pads12getScaleTypeEa
 .text._ZN4Pads11isUserScaleEh
                0x0000d1e4        0xa interface/pads/Getters.o
                0x0000d1e4                _ZN4Pads11isUserScaleEh
 .text._ZN4Pads17isPredefinedScaleEh
                0x0000d1ee        0xa interface/pads/Getters.o
                0x0000d1ee                _ZN4Pads17isPredefinedScaleEh
 .text._ZN4Pads10getPadNoteEhh
                0x0000d1f8       0x28 interface/pads/Getters.o
                0x0000d1f8                _ZN4Pads10getPadNoteEhh
 .text._ZN4Pads10noteActiveE6note_t
                0x0000d220       0x50 interface/pads/Getters.o
                0x0000d220                _ZN4Pads10noteActiveE6note_t
 .text._ZN4Pads17getLastTouchedPadEv
                0x0000d270       0x16 interface/pads/Getters.o
                0x0000d270                _ZN4Pads17getLastTouchedPadEv
 .text._ZN4Pads16getTonicFromNoteEh
                0x0000d286       0x26 interface/pads/Getters.o
                0x0000d286                _ZN4Pads16getTonicFromNoteEh
 .text._ZN4Pads17getOctaveFromNoteEh
                0x0000d2ac       0x18 interface/pads/Getters.o
                0x0000d2ac                _ZN4Pads17getOctaveFromNoteEh
 .text._ZN4Pads12isPadPressedEh
                0x0000d2c4       0x18 interface/pads/Getters.o
                0x0000d2c4                _ZN4Pads12isPadPressedEh
 .text._ZN4Pads15allPadsReleasedEv
                0x0000d2dc       0x38 interface/pads/Getters.o
                0x0000d2dc                _ZN4Pads15allPadsReleasedEv
 .text._ZN4Pads11initPadPinsEv
                0x0000d314       0x22 interface/pads/HardwareControl.o
                0x0000d314                _ZN4Pads11initPadPinsEv
 .text._ZN4Pads11setMuxInputEh
                0x0000d336       0x30 interface/pads/HardwareControl.o
                0x0000d336                _ZN4Pads11setMuxInputEh
 .text._ZN4Pads12initHardwareEv
                0x0000d366       0x24 interface/pads/HardwareControl.o
                0x0000d366                _ZN4Pads12initHardwareEv
 .text._ZN4Pads13setupPressureEv
                0x0000d38a       0x18 interface/pads/HardwareControl.o
                0x0000d38a                _ZN4Pads13setupPressureEv
 .text._ZN4Pads6setupXEv
                0x0000d3a2       0x20 interface/pads/HardwareControl.o
                0x0000d3a2                _ZN4Pads6setupXEv
 .text._ZN4Pads6setupYEv
                0x0000d3c2       0x20 interface/pads/HardwareControl.o
                0x0000d3c2                _ZN4Pads6setupYEv
 .text._ZN4Pads11getPressureEv
                0x0000d3e2       0xec interface/pads/HardwareControl.o
                0x0000d3e2                _ZN4Pads11getPressureEv
 .text._ZN4Pads4getXEv
                0x0000d4ce       0x3e interface/pads/HardwareControl.o
                0x0000d4ce                _ZN4Pads4getXEv
 .text._ZN4Pads4getYEv
                0x0000d50c       0x3e interface/pads/HardwareControl.o
                0x0000d50c                _ZN4Pads4getYEv
 .text._ZN4Pads10setNextPadEv
                0x0000d54a       0x20 interface/pads/HardwareControl.o
                0x0000d54a                _ZN4Pads10setNextPadEv
 .text._GLOBAL__sub_I_adcPinReadOrder
                0x0000d56a       0x12 interface/pads/HardwareControl.o
 .text._ZN4PadsC2Ev
                0x0000d57c       0xf2 interface/pads/Pads.o
                0x0000d57c                _ZN4PadsC2Ev
                0x0000d57c                _ZN4PadsC1Ev
 .text._ZN4Pads4initEv
                0x0000d66e       0x12 interface/pads/Pads.o
                0x0000d66e                _ZN4Pads4initEv
 .text._GLOBAL__sub_I__ZN4PadsC2Ev
                0x0000d680        0x8 interface/pads/Pads.o
 .text._ZN4Pads3mapEmmmmm
                0x0000d688       0x8a interface/pads/Scaling.o
                0x0000d688                _ZN4Pads3mapEmmmmm
 .text._ZN4Pads13scalePressureEhi14pressureType_t
                0x0000d712      0x10a interface/pads/Scaling.o
                0x0000d712                _ZN4Pads13scalePressureEhi14pressureType_t
 .text._ZN4Pads7scaleXYEhi16coordinateType_t
                0x0000d81c      0x10c interface/pads/Scaling.o
                0x0000d81c                _ZN4Pads7scaleXYEhi16coordinateType_t
 .text._ZN4Pads16setMIDISendStateE7onOff_thb
                0x0000d928      0x11c interface/pads/Setters.o
                0x0000d928                _ZN4Pads16setMIDISendStateE7onOff_thb
 .text._ZN4Pads10splitOnOffEv
                0x0000da44       0x4c interface/pads/Setters.o
                0x0000da44                _ZN4Pads10splitOnOffEv
 .text._ZN4Pads9calibrateE16coordinateType_t20calibrationDirectionhj
                0x0000da90       0xa2 interface/pads/Setters.o
                0x0000da90                _ZN4Pads9calibrateE16coordinateType_t20calibrationDirectionhj
 .text._ZN4Pads18setCalibrationModeEb16coordinateType_t
                0x0000db32       0x22 interface/pads/Setters.o
                0x0000db32                _ZN4Pads18setCalibrationModeEb16coordinateType_t
 .text._ZN4Pads16resetCalibrationEv
                0x0000db54       0x1a interface/pads/Setters.o
                0x0000db54                _ZN4Pads16resetCalibrationEv
 .text._ZN4Pads16setActiveProgramEa
                0x0000db6e       0x52 interface/pads/Setters.o
                0x0000db6e                _ZN4Pads16setActiveProgramEa
 .text._ZN4Pads14setActiveScaleEa
                0x0000dbc0       0x5a interface/pads/Setters.o
                0x0000dbc0                _ZN4Pads14setActiveScaleEa
 .text._ZN4Pads17setAftertouchTypeE16aftertouchType_t
                0x0000dc1a       0x40 interface/pads/Setters.o
                0x0000dc1a                _ZN4Pads17setAftertouchTypeE16aftertouchType_t
 .text._ZN4Pads18changeActiveOctaveEb
                0x0000dc5a       0x40 interface/pads/Setters.o
                0x0000dc5a                _ZN4Pads18changeActiveOctaveEb
 .text._ZN4Pads8changeCCEb16coordinateType_ta
                0x0000dc9a      0x196 interface/pads/Setters.o
                0x0000dc9a                _ZN4Pads8changeCCEb16coordinateType_ta
 .text._ZN4Pads14changeCClimitsEb16coordinateType_t13ccLimitType_ta
                0x0000de30      0x1cc interface/pads/Setters.o
                0x0000de30                _ZN4Pads14changeCClimitsEb16coordinateType_t13ccLimitType_ta
 .text._ZN4Pads10setCCcurveEb16coordinateType_ta
                0x0000dffc      0x18c interface/pads/Setters.o
                0x0000dffc                _ZN4Pads10setCCcurveEb16coordinateType_ta
 .text._ZN4Pads14setMIDIchannelEhh
                0x0000e188       0xb2 interface/pads/Setters.o
                0x0000e188                _ZN4Pads14setMIDIchannelEhh
 .text._ZN4Pads13assignPadNoteEh6note_t
                0x0000e23a      0x24c interface/pads/Setters.o
                0x0000e23a                _ZN4Pads13assignPadNoteEh6note_t
 .text._ZN4Pads9shiftNoteEbb
                0x0000e486      0x1ae interface/pads/Setters.o
                0x0000e486                _ZN4Pads9shiftNoteEbb
 .text._ZN4Pads11shiftOctaveEb
                0x0000e634      0x4c4 interface/pads/Setters.o
                0x0000e634                _ZN4Pads11shiftOctaveEb
 .text._ZN4Pads25checkRemainingOctaveShiftEv
                0x0000eaf8       0xf0 interface/pads/Setters.o
                0x0000eaf8                _ZN4Pads25checkRemainingOctaveShiftEv
 .text._ZN4Pads8setTonicE6note_tb
                0x0000ebe8      0x2e0 interface/pads/Setters.o
                0x0000ebe8                _ZN4Pads8setTonicE6note_tb
 .text._ZN4Pads23checkRemainingNoteShiftEv
                0x0000eec8      0x1aa interface/pads/Setters.o
                0x0000eec8                _ZN4Pads23checkRemainingNoteShiftEv
 .text._ZN4Pads13midiSendOnOffE7onOff_t
                0x0000f072       0xee interface/pads/Setters.o
                0x0000f072                _ZN4Pads13midiSendOnOffE7onOff_t
 .text._ZN4Pads15setFunctionLEDsEh
                0x0000f160       0xc8 interface/pads/Setters.o
                0x0000f160                _ZN4Pads15setFunctionLEDsEh
 .text._ZN5SysExC2Ev
                0x0000f228       0x5c sysex/SysEx.o
                0x0000f228                _ZN5SysExC1Ev
                0x0000f228                _ZN5SysExC2Ev
 .text._ZN5SysEx11disableConfEv
                0x0000f284        0x6 sysex/SysEx.o
                0x0000f284                _ZN5SysEx11disableConfEv
 .text._ZN5SysEx7checkIDE19sysExManufacturerID
                0x0000f28a       0x1a sysex/SysEx.o
                0x0000f28a                _ZN5SysEx7checkIDE19sysExManufacturerID
 .text._ZN5SysEx10checkBlockEh
                0x0000f2a4       0x16 sysex/SysEx.o
                0x0000f2a4                _ZN5SysEx10checkBlockEh
 .text._ZN5SysEx17checkNewParameterEhhhh
                0x0000f2ba       0x70 sysex/SysEx.o
                0x0000f2ba                _ZN5SysEx17checkNewParameterEhhhh
 .text._ZN5SysEx24generateMinMessageLenghtEhhhh
                0x0000f32a       0x44 sysex/SysEx.o
                0x0000f32a                _ZN5SysEx24generateMinMessageLenghtEhhhh
 .text._ZN5SysEx9sendErrorE10sysExError
                0x0000f36e       0x4a sysex/SysEx.o
                0x0000f36e                _ZN5SysEx9sendErrorE10sysExError
 .text._ZN5SysEx20checkMessageValidityEPhh
                0x0000f3b8      0x142 sysex/SysEx.o
                0x0000f3b8                _ZN5SysEx20checkMessageValidityEPhh
 .text._ZN5SysEx17sendHelloResponseEv
                0x0000f4fa       0x4e sysex/SysEx.o
                0x0000f4fa                _ZN5SysEx17sendHelloResponseEv
 .text._ZN5SysEx12checkSpecialEPhh
                0x0000f548       0x50 sysex/SysEx.o
                0x0000f548                _ZN5SysEx12checkSpecialEPhh
 .text._ZN5SysEx12sendResponseEPhh
                0x0000f598      0x1f8 sysex/SysEx.o
                0x0000f598                _ZN5SysEx12sendResponseEPhh
 .text._ZN5SysEx11handleSysExEPhh
                0x0000f790       0x66 sysex/SysEx.o
                0x0000f790                _ZN5SysEx11handleSysExEPhh
 .text._ZN5SysEx15setHandleRebootEPFvvE
                0x0000f7f6        0x8 sysex/SysEx.o
                0x0000f7f6                _ZN5SysEx15setHandleRebootEPFvvE
 .text._ZN5SysEx21setHandleFactoryResetEPFvvE
                0x0000f7fe        0x8 sysex/SysEx.o
                0x0000f7fe                _ZN5SysEx21setHandleFactoryResetEPFvvE
 .text._ZN5SysEx12setHandleGetEPFhhhhE
                0x0000f806        0x8 sysex/SysEx.o
                0x0000f806                _ZN5SysEx12setHandleGetEPFhhhhE
 .text._ZN5SysEx12setHandleSetEPFbhhhhE
                0x0000f80e        0x8 sysex/SysEx.o
                0x0000f80e                _ZN5SysEx12setHandleSetEPFbhhhhE
 .text._ZN5SysEx14setHandleResetEPFbhhhE
                0x0000f816        0x8 sysex/SysEx.o
                0x0000f816                _ZN5SysEx14setHandleResetEPFbhhhE
 .text._GLOBAL__sub_I__ZN5SysExC2Ev
                0x0000f81e        0x8 sysex/SysEx.o
 .text._Z16checkNewRevisionv
                0x0000f826       0x2a version/Firmware.o
                0x0000f826                _Z16checkNewRevisionv
 .text._Z12getSWversion11swVersion_t
                0x0000f850       0x2a version/Firmware.o
                0x0000f850                _Z12getSWversion11swVersion_t
 .text._Z8onRebootv
                0x0000f87a        0x2 Zvuk9.o
                0x0000f87a                _Z8onRebootv
 .text._Z14onFactoryResetv
                0x0000f87c        0x2 Zvuk9.o
                0x0000f87c                _Z14onFactoryResetv
 .text._Z5onGethhh
                0x0000f87e        0x4 Zvuk9.o
                0x0000f87e                _Z5onGethhh
 .text._Z5onSethhhh
                0x0000f882        0x4 Zvuk9.o
                0x0000f882                _Z5onSethhhh
 .text._Z7onResethhh
                0x0000f886        0x4 Zvuk9.o
                0x0000f886                _Z7onResethhh
 .text.main     0x0000f88a       0x74 Zvuk9.o
                0x0000f88a                main
 .text._ZN4MIDI4initEv
                0x0000f8fe      0x130 midi/MIDI.o
                0x0000f8fe                _ZN4MIDI4initEv
 .text._ZN4MIDI10checkInputEv
                0x0000fa2e       0x9a midi/MIDI.o
                0x0000fa2e                _ZN4MIDI10checkInputEv
 .text._ZN4MIDI10sendNoteOnEhhh
                0x0000fac8       0x38 midi/MIDI.o
                0x0000fac8                _ZN4MIDI10sendNoteOnEhhh
 .text._ZN4MIDI11sendNoteOffEhhh
                0x0000fb00       0x46 midi/MIDI.o
                0x0000fb00                _ZN4MIDI11sendNoteOffEhhh
 .text._ZN4MIDI17sendControlChangeEhhh
                0x0000fb46       0x38 midi/MIDI.o
                0x0000fb46                _ZN4MIDI17sendControlChangeEhhh
 .text._ZN4MIDI21sendChannelAftertouchEhh
                0x0000fb7e       0x2a midi/MIDI.o
                0x0000fb7e                _ZN4MIDI21sendChannelAftertouchEhh
 .text._ZN4MIDI17sendKeyAftertouchEhhh
                0x0000fba8       0x38 midi/MIDI.o
                0x0000fba8                _ZN4MIDI17sendKeyAftertouchEhhh
 .text._ZN4MIDI9sendSysExEPhh
                0x0000fbe0       0x3c midi/MIDI.o
                0x0000fbe0                _ZN4MIDI9sendSysExEPhh
 .text._ZN4MIDI16getNoteOffStatusEv
                0x0000fc1c        0x6 midi/MIDI.o
                0x0000fc1c                _ZN4MIDI16getNoteOffStatusEv
 .text._ZN4MIDI16setNoteOffStatusE13noteOffType_t
                0x0000fc22       0x28 midi/MIDI.o
                0x0000fc22                _ZN4MIDI16setNoteOffStatusE13noteOffType_t
 .text._ZN4MIDI20runningStatusEnabledEv
                0x0000fc4a        0xa midi/MIDI.o
                0x0000fc4a                _ZN4MIDI20runningStatusEnabledEv
 .text._ZN4MIDI16setRunningStatusEb
                0x0000fc54       0x3a midi/MIDI.o
                0x0000fc54                _ZN4MIDI16setRunningStatusEb
 .text._Z16getNotesPerScale7scale_t
                0x0000fc8e       0x14 Scales.o
                0x0000fc8e                _Z16getNotesPerScale7scale_t
 .text._Z12getScaleNote7scale_th
                0x0000fca2       0x68 Scales.o
                0x0000fca2                _Z12getScaleNote7scale_th
 .text.avr-libc.fplib
                0x0000fd0a        0xa c:/program files (x86)/atmel/studio/7.0/toolchain/avr8/avr8-gnu-toolchain/bin/../lib/gcc/avr/4.9.2/../../../../avr/lib/avr51\libm.a(addsf3.o)
                0x0000fd0a                __subsf3
                0x0000fd0c                __addsf3
 .text.avr-libc.fplib
                0x0000fd14       0xc0 c:/program files (x86)/atmel/studio/7.0/toolchain/avr8/avr8-gnu-toolchain/bin/../lib/gcc/avr/4.9.2/../../../../avr/lib/avr51\libm.a(addsf3x.o)
                0x0000fd2e                __addsf3x
 .text.avr-libc.fplib
                0x0000fdd4        0x8 c:/program files (x86)/atmel/studio/7.0/toolchain/avr8/avr8-gnu-toolchain/bin/../lib/gcc/avr/4.9.2/../../../../avr/lib/avr51\libm.a(cmpsf2.o)
                0x0000fdd4                __nesf2
                0x0000fdd4                __eqsf2
                0x0000fdd4                __cmpsf2
                0x0000fdd4                __ltsf2
                0x0000fdd4                __lesf2
 .text.avr-libc.fplib
                0x0000fddc        0x4 c:/program files (x86)/atmel/studio/7.0/toolchain/avr8/avr8-gnu-toolchain/bin/../lib/gcc/avr/4.9.2/../../../../avr/lib/avr51\libm.a(divsf3.o)
                0x0000fddc                __divsf3
 .text.avr-libc.fplib
                0x0000fde0       0xcc c:/program files (x86)/atmel/studio/7.0/toolchain/avr8/avr8-gnu-toolchain/bin/../lib/gcc/avr/4.9.2/../../../../avr/lib/avr51\libm.a(divsf3x.o)
                0x0000fdf6                __divsf3x
                0x0000fdfa                __divsf3_pse
 .text.avr-libc.fplib
                0x0000feac       0x58 c:/program files (x86)/atmel/studio/7.0/toolchain/avr8/avr8-gnu-toolchain/bin/../lib/gcc/avr/4.9.2/../../../../avr/lib/avr51\libm.a(fixunssfsi.o)
                0x0000feac                __fixunssfsi
 .text.avr-libc.fplib
                0x0000ff04       0x7a c:/program files (x86)/atmel/studio/7.0/toolchain/avr8/avr8-gnu-toolchain/bin/../lib/gcc/avr/4.9.2/../../../../avr/lib/avr51\libm.a(floatsisf.o)
                0x0000ff04                __floatunsisf
                0x0000ff08                __floatsisf
 .text.avr-libc.fplib
                0x0000ff7e       0x48 c:/program files (x86)/atmel/studio/7.0/toolchain/avr8/avr8-gnu-toolchain/bin/../lib/gcc/avr/4.9.2/../../../../avr/lib/avr51\libm.a(fp_cmp.o)