Archive member included to satisfy reference by file (symbol)

c:/program files (x86)/atmel/studio/7.0/toolchain/avr8/avr8-gnu-toolchain/bin/../lib/gcc/avr/4.9.2/avr51\libgcc.a(_exit.o)
                              C:/Program Files (x86)/Atmel/Studio/7.0/Packs/atmel/ATmega_DFP/1.0.98/gcc/dev/at90usb1286/avr51/crtat90usb1286.o (exit)
c:/program files (x86)/atmel/studio/7.0/toolchain/avr8/avr8-gnu-toolchain/bin/../lib/gcc/avr/4.9.2/avr51\libgcc.a(_copy_data.o)
                              BootloaderMassStorage.o (__do_copy_data)
c:/program files (x86)/atmel/studio/7.0/toolchain/avr8/avr8-gnu-toolchain/bin/../lib/gcc/avr/4.9.2/avr51\libgcc.a(_clear_bss.o)
                              BootloaderMassStorage.o (__do_clear_bss)
c:/program files (x86)/atmel/studio/7.0/toolchain/avr8/avr8-gnu-toolchain/bin/../lib/gcc/avr/4.9.2/../../../../avr/lib/avr51\libc.a(memcpy_P.o)
                              src/LUFA/LUFA/Drivers/USB/Class/Device/RNDISClassDevice.o (memcpy_P)
c:/program files (x86)/atmel/studio/7.0/toolchain/avr8/avr8-gnu-toolchain/bin/../lib/gcc/avr/4.9.2/../../../../avr/lib/avr51\libc.a(strlen_P.o)
                              src/LUFA/LUFA/Drivers/USB/Class/Device/CDCClassDevice.o (__strlen_P)
c:/program files (x86)/atmel/studio/7.0/toolchain/avr8/avr8-gnu-toolchain/bin/../lib/gcc/avr/4.9.2/../../../../avr/lib/avr51\libc.a(memcmp.o)
                              src/LUFA/LUFA/Drivers/USB/Class/Device/HIDClassDevice.o (memcmp)
c:/program files (x86)/atmel/studio/7.0/toolchain/avr8/avr8-gnu-toolchain/bin/../lib/gcc/avr/4.9.2/../../../../avr/lib/avr51\libc.a(memcpy.o)
                              src/LUFA/LUFA/Drivers/USB/Class/Device/HIDClassDevice.o (memcpy)
c:/program files (x86)/atmel/studio/7.0/toolchain/avr8/avr8-gnu-toolchain/bin/../lib/gcc/avr/4.9.2/../../../../avr/lib/avr51\libc.a(memset.o)
                              src/LUFA/LUFA/Drivers/USB/Class/Device/HIDClassDevice.o (memset)
C:/Program Files (x86)/Atmel/Studio/7.0/Packs/atmel/ATmega_DFP/1.0.98/gcc/dev/at90usb1286/avr51\libat90usb1286.a(eerd_byte.o)
                              Lib/VirtualFAT.o (eeprom_read_byte)
C:/Program Files (x86)/Atmel/Studio/7.0/Packs/atmel/ATmega_DFP/1.0.98/gcc/dev/at90usb1286/avr51\libat90usb1286.a(eeupd_byte.o)
                              Lib/VirtualFAT.o (eeprom_update_byte)

Allocating common symbols
Common symbol       size              file

USB_IsInitialized   0x1               src/LUFA/LUFA/Drivers/USB/Core/USBTask.o
USB_Device_ConfigurationNumber
                    0x1               src/LUFA/LUFA/Drivers/USB/Core/DeviceStandardReq.o
USB_ControlRequest  0x8               src/LUFA/LUFA/Drivers/USB/Core/USBTask.o

Discarded input sections

 .data          0x00000000        0x0 C:/Program Files (x86)/Atmel/Studio/7.0/Packs/atmel/ATmega_DFP/1.0.98/gcc/dev/at90usb1286/avr51/crtat90usb1286.o
 .bss           0x00000000        0x0 C:/Program Files (x86)/Atmel/Studio/7.0/Packs/atmel/ATmega_DFP/1.0.98/gcc/dev/at90usb1286/avr51/crtat90usb1286.o
 .group         0x00000000        0x8 BootloaderAPI.o
 .group         0x00000000        0x8 BootloaderAPI.o
 .group         0x00000000        0x8 BootloaderAPI.o
 .group         0x00000000        0x8 BootloaderAPI.o
 .group         0x00000000        0x8 BootloaderAPI.o
 .group         0x00000000        0x8 BootloaderAPI.o
 .group         0x00000000        0x8 BootloaderAPI.o
 .group         0x00000000        0x8 BootloaderAPI.o
 .group         0x00000000        0x8 BootloaderAPI.o
 .group         0x00000000        0x8 BootloaderAPI.o
 .group         0x00000000        0x8 BootloaderAPI.o
 .group         0x00000000        0x8 BootloaderAPI.o
 .group         0x00000000        0x8 BootloaderAPI.o
 .group         0x00000000        0x8 BootloaderAPI.o
 .group         0x00000000        0x8 BootloaderAPI.o
 .group         0x00000000        0x8 BootloaderAPI.o
 .group         0x00000000        0x8 BootloaderAPI.o
 .group         0x00000000        0x8 BootloaderAPI.o
 .group         0x00000000        0x8 BootloaderAPI.o
 .group         0x00000000        0x8 BootloaderAPI.o
 .group         0x00000000        0x8 BootloaderAPI.o
 .group         0x00000000        0x8 BootloaderAPI.o
 .group         0x00000000        0x8 BootloaderAPI.o
 .group         0x00000000        0x8 BootloaderAPI.o
 .group         0x00000000        0x8 BootloaderAPI.o
 .group         0x00000000        0x8 BootloaderAPI.o
 .group         0x00000000        0x8 BootloaderAPI.o
 .group         0x00000000        0x8 BootloaderAPI.o
 .group         0x00000000        0x8 BootloaderAPI.o
 .group         0x00000000        0x8 BootloaderAPI.o
 .group         0x00000000        0x8 BootloaderAPI.o
 .group         0x00000000        0x8 BootloaderAPI.o
 .group         0x00000000        0x8 BootloaderAPI.o
 .group         0x00000000        0x8 BootloaderAPI.o
 .group         0x00000000        0x8 BootloaderAPI.o
 .text          0x00000000        0x0 BootloaderAPI.o
 .data          0x00000000        0x0 BootloaderAPI.o
[...]
Memory Configuration

Name             Origin             Length             Attributes
text             0x00000000         0x00020000         xr
data             0x00800100         0x0000ff00         rw !x
eeprom           0x00810000         0x00010000         rw !x
fuse             0x00820000         0x00000400         rw !x
lock             0x00830000         0x00000400         rw !x
signature        0x00840000         0x00000400         rw !x
user_signatures  0x00850000         0x00000400         rw !x
*default*        0x00000000         0xffffffff

Linker script and memory map

Address of section .data set to 0x800100
LOAD C:/Program Files (x86)/Atmel/Studio/7.0/Packs/atmel/ATmega_DFP/1.0.98/gcc/dev/at90usb1286/avr51/crtat90usb1286.o
LOAD BootloaderAPI.o
LOAD BootloaderAPITable.o
LOAD BootloaderMassStorage.o
LOAD Descriptors.o
LOAD Lib/SCSI.o
LOAD Lib/VirtualFAT.o
LOAD src/LUFA/LUFA/Drivers/USB/Class/Common/HIDParser.o
LOAD src/LUFA/LUFA/Drivers/USB/Class/Device/AudioClassDevice.o
LOAD src/LUFA/LUFA/Drivers/USB/Class/Device/CDCClassDevice.o
LOAD src/LUFA/LUFA/Drivers/USB/Class/Device/HIDClassDevice.o
LOAD src/LUFA/LUFA/Drivers/USB/Class/Device/MassStorageClassDevice.o
LOAD src/LUFA/LUFA/Drivers/USB/Class/Device/MIDIClassDevice.o
LOAD src/LUFA/LUFA/Drivers/USB/Class/Device/PrinterClassDevice.o
LOAD src/LUFA/LUFA/Drivers/USB/Class/Device/RNDISClassDevice.o
LOAD src/LUFA/LUFA/Drivers/USB/Class/Host/AndroidAccessoryClassHost.o
LOAD src/LUFA/LUFA/Drivers/USB/Class/Host/AudioClassHost.o
LOAD src/LUFA/LUFA/Drivers/USB/Class/Host/CDCClassHost.o
LOAD src/LUFA/LUFA/Drivers/USB/Class/Host/HIDClassHost.o
LOAD src/LUFA/LUFA/Drivers/USB/Class/Host/MassStorageClassHost.o
LOAD src/LUFA/LUFA/Drivers/USB/Class/Host/MIDIClassHost.o
LOAD src/LUFA/LUFA/Drivers/USB/Class/Host/PrinterClassHost.o
LOAD src/LUFA/LUFA/Drivers/USB/Class/Host/RNDISClassHost.o
LOAD src/LUFA/LUFA/Drivers/USB/Class/Host/StillImageClassHost.o
LOAD src/LUFA/LUFA/Drivers/USB/Core/AVR8/Device_AVR8.o
LOAD src/LUFA/LUFA/Drivers/USB/Core/AVR8/EndpointStream_AVR8.o
LOAD src/LUFA/LUFA/Drivers/USB/Core/AVR8/Endpoint_AVR8.o
LOAD src/LUFA/LUFA/Drivers/USB/Core/AVR8/Host_AVR8.o
LOAD src/LUFA/LUFA/Drivers/USB/Core/AVR8/PipeStream_AVR8.o
LOAD src/LUFA/LUFA/Drivers/USB/Core/AVR8/Pipe_AVR8.o
LOAD src/LUFA/LUFA/Drivers/USB/Core/AVR8/Template/Template_Endpoint_Control_R.o
LOAD src/LUFA/LUFA/Drivers/USB/Core/AVR8/Template/Template_Endpoint_Control_W.o
LOAD src/LUFA/LUFA/Drivers/USB/Core/AVR8/Template/Template_Endpoint_RW.o
LOAD src/LUFA/LUFA/Drivers/USB/Core/AVR8/Template/Template_Pipe_RW.o
LOAD src/LUFA/LUFA/Drivers/USB/Core/AVR8/USBController_AVR8.o
LOAD src/LUFA/LUFA/Drivers/USB/Core/AVR8/USBInterrupt_AVR8.o
LOAD src/LUFA/LUFA/Drivers/USB/Core/ConfigDescriptors.o
LOAD src/LUFA/LUFA/Drivers/USB/Core/DeviceStandardReq.o
LOAD src/LUFA/LUFA/Drivers/USB/Core/Events.o
LOAD src/LUFA/LUFA/Drivers/USB/Core/HostStandardReq.o
LOAD src/LUFA/LUFA/Drivers/USB/Core/USBTask.o
START GROUP
LOAD c:/program files (x86)/atmel/studio/7.0/toolchain/avr8/avr8-gnu-toolchain/bin/../lib/gcc/avr/4.9.2/../../../../avr/lib/avr51\libm.a
END GROUP
Address of section .apitable_jumptable set to 0x1ffe0
Address of section .apitable_signatures set to 0x1fff8
Address of section .apitable_trampolines set to 0x1ffa0
Address of section .text set to 0x1e000
START GROUP
LOAD c:/program files (x86)/atmel/studio/7.0/toolchain/avr8/avr8-gnu-toolchain/bin/../lib/gcc/avr/4.9.2/avr51\libgcc.a
LOAD c:/program files (x86)/atmel/studio/7.0/toolchain/avr8/avr8-gnu-toolchain/bin/../lib/gcc/avr/4.9.2/../../../../avr/lib/avr51\libm.a
LOAD c:/program files (x86)/atmel/studio/7.0/toolchain/avr8/avr8-gnu-toolchain/bin/../lib/gcc/avr/4.9.2/../../../../avr/lib/avr51\libc.a
LOAD C:/Program Files (x86)/Atmel/Studio/7.0/Packs/atmel/ATmega_DFP/1.0.98/gcc/dev/at90usb1286/avr51\libat90usb1286.a
END GROUP

.hash
 *(.hash)

.dynsym
 *(.dynsym)

.dynstr
 *(.dynstr)

.gnu.version
 *(.gnu.version)

.gnu.version_d
 *(.gnu.version_d)

.gnu.version_r
 *(.gnu.version_r)

.rel.init
 *(.rel.init)

.rela.init
 *(.rela.init)

.rel.text
 *(.rel.text)
 *(.rel.text.*)
 *(.rel.gnu.linkonce.t*)

.rela.text
 *(.rela.text)
 *(.rela.text.*)
 *(.rela.gnu.linkonce.t*)

.rel.fini
 *(.rel.fini)

.rela.fini
 *(.rela.fini)

.rel.rodata
 *(.rel.rodata)
 *(.rel.rodata.*)
 *(.rel.gnu.linkonce.r*)

.rela.rodata
 *(.rela.rodata)
 *(.rela.rodata.*)
 *(.rela.gnu.linkonce.r*)

.rel.data
 *(.rel.data)
 *(.rel.data.*)
 *(.rel.gnu.linkonce.d*)

.rela.data
 *(.rela.data)
 *(.rela.data.*)
 *(.rela.gnu.linkonce.d*)

.rel.ctors
 *(.rel.ctors)

.rela.ctors
 *(.rela.ctors)

.rel.dtors
 *(.rel.dtors)

.rela.dtors
 *(.rela.dtors)

.rel.got
 *(.rel.got)

.rela.got
 *(.rela.got)

.rel.bss
 *(.rel.bss)

.rela.bss
 *(.rela.bss)

.rel.plt
 *(.rel.plt)

.rela.plt
 *(.rela.plt)

.text           0x0001e000     0x169e
 *(.vectors)
 .vectors       0x0001e000       0x98 C:/Program Files (x86)/Atmel/Studio/7.0/Packs/atmel/ATmega_DFP/1.0.98/gcc/dev/at90usb1286/avr51/crtat90usb1286.o
                0x0001e000                __vector_default
                0x0001e000                __vectors
 *(.vectors)
 *(.progmem.gcc*)
                0x0001e098                . = ALIGN (0x2)
                0x0001e098                __trampolines_start = .
 *(.trampolines)
 .trampolines   0x0001e098        0x0 linker stubs
 *(.trampolines*)
                0x0001e098                __trampolines_end = .
 *(.progmem*)
                0x0001e098                . = ALIGN (0x2)
 *(.jumptables)
 *(.jumptables*)
 *(.lowtext)
 *(.lowtext*)
                0x0001e098                __ctors_start = .
 *(.ctors)
                0x0001e098                __ctors_end = .
                0x0001e098                __dtors_start = .
 *(.dtors)
                0x0001e098                __dtors_end = .
 SORT(*)(.ctors)
 SORT(*)(.dtors)
 *(.init0)
 .init0         0x0001e098        0x0 C:/Program Files (x86)/Atmel/Studio/7.0/Packs/atmel/ATmega_DFP/1.0.98/gcc/dev/at90usb1286/avr51/crtat90usb1286.o
                0x0001e098                __init
 *(.init0)
 *(.init1)
 *(.init1)
 *(.init2)
 .init2         0x0001e098        0xc C:/Program Files (x86)/Atmel/Studio/7.0/Packs/atmel/ATmega_DFP/1.0.98/gcc/dev/at90usb1286/avr51/crtat90usb1286.o
 *(.init2)
 *(.init3)
 .init3         0x0001e0a4       0x52 BootloaderMassStorage.o
                0x0001e0a4                Application_Jump_Check
 *(.init3)
 *(.init4)
 .init4         0x0001e0f6       0x1a c:/program files (x86)/atmel/studio/7.0/toolchain/avr8/avr8-gnu-toolchain/bin/../lib/gcc/avr/4.9.2/avr51\libgcc.a(_copy_data.o)
                0x0001e0f6                __do_copy_data
 .init4         0x0001e110       0x10 c:/program files (x86)/atmel/studio/7.0/toolchain/avr8/avr8-gnu-toolchain/bin/../lib/gcc/avr/4.9.2/avr51\libgcc.a(_clear_bss.o)
                0x0001e110                __do_clear_bss
 *(.init4)
 *(.init5)
 *(.init5)
 *(.init6)
 *(.init6)
 *(.init7)
 *(.init7)
 *(.init8)
 *(.init8)
 *(.init9)
 .init9         0x0001e120        0x6 C:/Program Files (x86)/Atmel/Studio/7.0/Packs/atmel/ATmega_DFP/1.0.98/gcc/dev/at90usb1286/avr51/crtat90usb1286.o
 *(.init9)
 *(.text)
 .text          0x0001e126        0x2 C:/Program Files (x86)/Atmel/Studio/7.0/Packs/atmel/ATmega_DFP/1.0.98/gcc/dev/at90usb1286/avr51/crtat90usb1286.o
                0x0001e126                __vector_22
                0x0001e126                __vector_28
                0x0001e126                __vector_1
                0x0001e126                __vector_32
                0x0001e126                __vector_34
                0x0001e126                __vector_24
                0x0001e126                __vector_12
                0x0001e126                __bad_interrupt
                0x0001e126                __vector_6
                0x0001e126                __vector_31
                0x0001e126                __vector_35
                0x0001e126                __vector_3
                0x0001e126                __vector_23
                0x0001e126                __vector_30
                0x0001e126                __vector_25
                0x0001e126                __vector_13
                0x0001e126                __vector_17
                0x0001e126                __vector_19
                0x0001e126                __vector_7
                0x0001e126                __vector_27
                0x0001e126                __vector_5
                0x0001e126                __vector_33
                0x0001e126                __vector_37
                0x0001e126                __vector_4
                0x0001e126                __vector_9
                0x0001e126                __vector_2
                0x0001e126                __vector_21
                0x0001e126                __vector_15
                0x0001e126                __vector_36
                0x0001e126                __vector_29
                0x0001e126                __vector_8
                0x0001e126                __vector_26
                0x0001e126                __vector_14
                0x0001e126                __vector_16
                0x0001e126                __vector_18
                0x0001e128                . = ALIGN (0x2)
 *(.text.*)
 .text.BootloaderAPI_ErasePage
                0x0001e128       0x28 BootloaderAPI.o
                0x0001e128                BootloaderAPI_ErasePage
 .text.BootloaderAPI_WritePage
                0x0001e150       0x28 BootloaderAPI.o
                0x0001e150                BootloaderAPI_WritePage
 .text.BootloaderAPI_FillWord
                0x0001e178       0x1e BootloaderAPI.o
                0x0001e178                BootloaderAPI_FillWord
 .text.BootloaderAPI_ReadSignature
                0x0001e196        0xc BootloaderAPI.o
                0x0001e196                BootloaderAPI_ReadSignature
 .text.BootloaderAPI_ReadFuse
                0x0001e1a2        0xc BootloaderAPI.o
                0x0001e1a2                BootloaderAPI_ReadFuse
 .text.BootloaderAPI_ReadLock
                0x0001e1ae        0xe BootloaderAPI.o
                0x0001e1ae                BootloaderAPI_ReadLock
 .text.BootloaderAPI_WriteLock
                0x0001e1bc       0x1c BootloaderAPI.o
                0x0001e1bc                BootloaderAPI_WriteLock
 .text.main     0x0001e1d8       0x94 BootloaderMassStorage.o
                0x0001e1d8                main
 .text.__vector_20
                0x0001e26c       0x14 BootloaderMassStorage.o
                0x0001e26c                __vector_20
 .text.EVENT_USB_Device_Connect
                0x0001e280        0x2 BootloaderMassStorage.o
                0x0001e280                EVENT_USB_Device_Connect
 .text.EVENT_USB_Device_Disconnect
                0x0001e282        0x2 BootloaderMassStorage.o
                0x0001e282                EVENT_USB_Device_Disconnect
 .text.EVENT_USB_Device_ConfigurationChanged
                0x0001e284        0x8 BootloaderMassStorage.o
                0x0001e284                EVENT_USB_Device_ConfigurationChanged
 .text.EVENT_USB_Device_ControlRequest
                0x0001e28c        0x8 BootloaderMassStorage.o
                0x0001e28c                EVENT_USB_Device_ControlRequest
 .text.CALLBACK_MS_Device_SCSICommandReceived
                0x0001e294        0x8 BootloaderMassStorage.o
                0x0001e294                CALLBACK_MS_Device_SCSICommandReceived
 .text.CALLBACK_USB_GetDescriptor
                0x0001e29c       0x2c Descriptors.o
                0x0001e29c                CALLBACK_USB_GetDescriptor
 .text.SCSI_Command_ReadWrite_10
                0x0001e2c8       0xb4 Lib/SCSI.o
 .text.SCSI_DecodeSCSICommand
                0x0001e37c      0x1f6 Lib/SCSI.o
                0x0001e37c                SCSI_DecodeSCSICommand
 .text.UpdateFAT12ClusterEntry
                0x0001e572       0x42 Lib/VirtualFAT.o
 .text.ReadEEPROMByte
                0x0001e5b4        0x6 Lib/VirtualFAT.o
 .text.WriteEEPROMByte
                0x0001e5ba        0x6 Lib/VirtualFAT.o
 .text.VirtualFAT_WriteBlock
                0x0001e5c0      0x1ac Lib/VirtualFAT.o
                0x0001e5c0                VirtualFAT_WriteBlock
 .text.VirtualFAT_ReadBlock
                0x0001e76c      0x1fc Lib/VirtualFAT.o
                0x0001e76c                VirtualFAT_ReadBlock
 .text.MS_Device_ProcessControlRequest
                0x0001e968       0x7a src/LUFA/LUFA/Drivers/USB/Class/Device/MassStorageClassDevice.o
                0x0001e968                MS_Device_ProcessControlRequest
 .text.MS_Device_ConfigureEndpoints
                0x0001e9e2       0x34 src/LUFA/LUFA/Drivers/USB/Class/Device/MassStorageClassDevice.o
                0x0001e9e2                MS_Device_ConfigureEndpoints
 .text.MS_Device_USBTask
                0x0001ea16      0x266 src/LUFA/LUFA/Drivers/USB/Class/Device/MassStorageClassDevice.o
                0x0001ea16                MS_Device_USBTask
 .text.Endpoint_Null_Stream
                0x0001ec7c       0x9e src/LUFA/LUFA/Drivers/USB/Core/AVR8/EndpointStream_AVR8.o
                0x0001ec7c                Endpoint_Null_Stream
 .text.Endpoint_Write_Stream_LE
                0x0001ed1a       0xb8 src/LUFA/LUFA/Drivers/USB/Core/AVR8/EndpointStream_AVR8.o
                0x0001ed1a                Endpoint_Write_Stream_LE
 .text.Endpoint_Read_Stream_LE
                0x0001edd2       0xb8 src/LUFA/LUFA/Drivers/USB/Core/AVR8/EndpointStream_AVR8.o
                0x0001edd2                Endpoint_Read_Stream_LE
 .text.Endpoint_Write_Control_Stream_LE
                0x0001ee8a       0xfa src/LUFA/LUFA/Drivers/USB/Core/AVR8/EndpointStream_AVR8.o
                0x0001ee8a                Endpoint_Write_Control_Stream_LE
 .text.Endpoint_ConfigureEndpoint_Prv
                0x0001ef84       0x28 src/LUFA/LUFA/Drivers/USB/Core/AVR8/Endpoint_AVR8.o
                0x0001ef84                Endpoint_ConfigureEndpoint_Prv
 .text.Endpoint_ConfigureEndpointTable
                0x0001efac       0xcc src/LUFA/LUFA/Drivers/USB/Core/AVR8/Endpoint_AVR8.o
                0x0001efac                Endpoint_ConfigureEndpointTable
 .text.Endpoint_ClearStatusStage
                0x0001f078       0x44 src/LUFA/LUFA/Drivers/USB/Core/AVR8/Endpoint_AVR8.o
                0x0001f078                Endpoint_ClearStatusStage
 .text.Endpoint_WaitUntilReady
                0x0001f0bc       0x80 src/LUFA/LUFA/Drivers/USB/Core/AVR8/Endpoint_AVR8.o
                0x0001f0bc                Endpoint_WaitUntilReady
 .text.USB_ResetInterface
                0x0001f13c       0x80 src/LUFA/LUFA/Drivers/USB/Core/AVR8/USBController_AVR8.o
                0x0001f13c                USB_ResetInterface
 .text.USB_Init
                0x0001f1bc       0x1e src/LUFA/LUFA/Drivers/USB/Core/AVR8/USBController_AVR8.o
                0x0001f1bc                USB_Init
 .text.USB_INT_DisableAllInterrupts
                0x0001f1da       0x10 src/LUFA/LUFA/Drivers/USB/Core/AVR8/USBInterrupt_AVR8.o
                0x0001f1da                USB_INT_DisableAllInterrupts
 .text.USB_INT_ClearAllInterrupts
                0x0001f1ea        0xa src/LUFA/LUFA/Drivers/USB/Core/AVR8/USBInterrupt_AVR8.o
                0x0001f1ea                USB_INT_ClearAllInterrupts
 .text.__vector_10
                0x0001f1f4      0x16a src/LUFA/LUFA/Drivers/USB/Core/AVR8/USBInterrupt_AVR8.o
                0x0001f1f4                __vector_10
 .text.__vector_11
                0x0001f35e       0xa8 src/LUFA/LUFA/Drivers/USB/Core/AVR8/USBInterrupt_AVR8.o
                0x0001f35e                __vector_11
 .text.USB_Device_ProcessControlRequest
                0x0001f406      0x22c src/LUFA/LUFA/Drivers/USB/Core/DeviceStandardReq.o
                0x0001f406                USB_Device_ProcessControlRequest
 .text.USB_Event_Stub
                0x0001f632        0x2 src/LUFA/LUFA/Drivers/USB/Core/Events.o
                0x0001f632                USB_Event_Stub
                0x0001f632                EVENT_USB_Device_Suspend
                0x0001f632                EVENT_USB_Device_StartOfFrame
                0x0001f632                EVENT_USB_Device_Reset
                0x0001f632                EVENT_USB_Device_WakeUp
 .text.USB_USBTask
                0x0001f634       0x32 src/LUFA/LUFA/Drivers/USB/Core/USBTask.o
                0x0001f634                USB_USBTask
 .text.avr-libc
                0x0001f666       0x10 C:/Program Files (x86)/Atmel/Studio/7.0/Packs/atmel/ATmega_DFP/1.0.98/gcc/dev/at90usb1286/avr51\libat90usb1286.a(eerd_byte.o)
                0x0001f666                eeprom_read_byte
 .text.avr-libc
                0x0001f676       0x24 C:/Program Files (x86)/Atmel/Studio/7.0/Packs/atmel/ATmega_DFP/1.0.98/gcc/dev/at90usb1286/avr51\libat90usb1286.a(eeupd_byte.o)
                0x0001f676                eeprom_update_byte
                0x0001f678                eeprom_update_r18
                0x0001f69a                . = ALIGN (0x2)
 *(.fini9)
 .fini9         0x0001f69a        0x0 c:/program files (x86)/atmel/studio/7.0/toolchain/avr8/avr8-gnu-toolchain/bin/../lib/gcc/avr/4.9.2/avr51\libgcc.a(_exit.o)
                0x0001f69a                _exit
                0x0001f69a                exit
 *(.fini9)
 *(.fini8)
 *(.fini8)
 *(.fini7)
 *(.fini7)
 *(.fini6)
 *(.fini6)
 *(.fini5)
 *(.fini5)
 *(.fini4)
 *(.fini4)
 *(.fini3)
 *(.fini3)
 *(.fini2)
 *(.fini2)
 *(.fini1)
 *(.fini1)
 *(.fini0)
 .fini0         0x0001f69a        0x4 c:/program files (x86)/atmel/studio/7.0/toolchain/avr8/avr8-gnu-toolchain/bin/../lib/gcc/avr/4.9.2/avr51\libgcc.a(_exit.o)
 *(.fini0)
                0x0001f69e                _etext = .

.data           0x00800100      0x180 load address 0x0001f69e
                0x00800100                PROVIDE (__data_start, .)
 *(.data)
 *(.data*)
 .data.RunBootloader
                0x00800100        0x1 BootloaderMassStorage.o
                0x00800100                RunBootloader
 .data.Disk_MS_Interface
                0x00800101       0x39 BootloaderMassStorage.o
                0x00800101                Disk_MS_Interface
 .data.SenseData
                0x0080013a       0x12 Lib/SCSI.o
 .data.FirmwareFileEntries
                0x0080014c       0xa0 Lib/VirtualFAT.o
 *(.rodata)
 *(.rodata*)
 .rodata.ConfigurationDescriptor
                0x008001ec       0x20 Descriptors.o
                0x008001ec                ConfigurationDescriptor
 .rodata.DeviceDescriptor
                0x0080020c       0x12 Descriptors.o
                0x0080020c                DeviceDescriptor
 .rodata.InquiryData
                0x0080021e       0x24 Lib/SCSI.o
 .rodata.BootBlock
                0x00800242       0x3e Lib/VirtualFAT.o
 *(.gnu.linkonce.d*)
                0x00800280                . = ALIGN (0x2)
                0x00800280                _edata = .
                0x00800280                PROVIDE (__data_end, .)

.bss            0x00800280        0xb
                0x00800280                PROVIDE (__bss_start, .)
 *(.bss)
 *(.bss*)
 .bss.TicksSinceLastCommand
                0x00800280        0x1 BootloaderMassStorage.o
 *(COMMON)
 COMMON         0x00800281        0x1 src/LUFA/LUFA/Drivers/USB/Core/DeviceStandardReq.o
                0x00800281                USB_Device_ConfigurationNumber
 COMMON         0x00800282        0x9 src/LUFA/LUFA/Drivers/USB/Core/USBTask.o
                0x00800282                USB_IsInitialized
                0x00800283                USB_ControlRequest
                0x0080028b                PROVIDE (__bss_end, .)
                0x0001f69e                __data_load_start = LOADADDR (.data)
                0x0001f81e                __data_load_end = (__data_load_start + SIZEOF (.data))

.noinit         0x0080028b        0x2
                0x0080028b                PROVIDE (__noinit_start, .)
 *(.noinit*)
 .noinit        0x0080028b        0x2 BootloaderMassStorage.o
                0x0080028b                MagicBootKey
                0x0080028d                PROVIDE (__noinit_end, .)
                0x0080028d                _end = .
                0x0080028d                PROVIDE (__heap_start, .)

.eeprom         0x00810000        0x0
 *(.eeprom*)
                0x00810000                __eeprom_end = .

.fuse
 *(.fuse)
 *(.lfuse)
 *(.hfuse)
 *(.efuse)

.lock
 *(.lock*)

.signature
 *(.signature*)

.user_signatures
 *(.user_signatures*)

.stab
 *(.stab)

.stabstr
 *(.stabstr)

.stab.excl
 *(.stab.excl)

.stab.exclstr
 *(.stab.exclstr)

.stab.index
 *(.stab.index)

.stab.indexstr
 *(.stab.indexstr)

.comment        0x00000000       0x30
 *(.comment)
 .comment       0x00000000       0x30 BootloaderAPI.o
                                 0x31 (size before relaxing)
 .comment       0x00000030       0x31 BootloaderMassStorage.o
 .comment       0x00000030       0x31 Descriptors.o
 .comment       0x00000030       0x31 Lib/SCSI.o
 .comment       0x00000030       0x31 Lib/VirtualFAT.o
 .comment       0x00000030       0x31 src/LUFA/LUFA/Drivers/USB/Class/Device/MassStorageClassDevice.o
 .comment       0x00000030       0x31 src/LUFA/LUFA/Drivers/USB/Core/AVR8/EndpointStream_AVR8.o
 .comment       0x00000030       0x31 src/LUFA/LUFA/Drivers/USB/Core/AVR8/Endpoint_AVR8.o
 .comment       0x00000030       0x31 src/LUFA/LUFA/Drivers/USB/Core/AVR8/USBController_AVR8.o
 .comment       0x00000030       0x31 src/LUFA/LUFA/Drivers/USB/Core/AVR8/USBInterrupt_AVR8.o
 .comment       0x00000030       0x31 src/LUFA/LUFA/Drivers/USB/Core/DeviceStandardReq.o
 .comment       0x00000030       0x31 src/LUFA/LUFA/Drivers/USB/Core/Events.o
 .comment       0x00000030       0x31 src/LUFA/LUFA/Drivers/USB/Core/USBTask.o

.note.gnu.avr.deviceinfo
                0x00000000       0x40
 .note.gnu.avr.deviceinfo
                0x00000000       0x40 C:/Program Files (x86)/Atmel/Studio/7.0/Packs/atmel/ATmega_DFP/1.0.98/gcc/dev/at90usb1286/avr51/crtat90usb1286.o

.note.gnu.build-id
 *(.note.gnu.build-id)

.debug
 *(.debug)

.line
 *(.line)

.debug_srcinfo
 *(.debug_srcinfo)

.debug_sfnames
 *(.debug_sfnames)

.debug_aranges  0x00000000      0x358
 *(.debug_aranges)
 .debug_aranges
                0x00000000       0x50 BootloaderAPI.o
 .debug_aranges
                0x00000050       0x28 BootloaderAPITable.o
 .debug_aranges
                0x00000078       0x58 BootloaderMassStorage.o
 .debug_aranges
                0x000000d0       0x20 Descriptors.o
 .debug_aranges
                0x000000f0       0x28 Lib/SCSI.o
 .debug_aranges
                0x00000118       0x40 Lib/VirtualFAT.o
 .debug_aranges
                0x00000158       0x30 src/LUFA/LUFA/Drivers/USB/Class/Device/MassStorageClassDevice.o
 .debug_aranges
                0x00000188       0xc8 src/LUFA/LUFA/Drivers/USB/Core/AVR8/EndpointStream_AVR8.o
 .debug_aranges
                0x00000250       0x40 src/LUFA/LUFA/Drivers/USB/Core/AVR8/Endpoint_AVR8.o
 .debug_aranges
                0x00000290       0x30 src/LUFA/LUFA/Drivers/USB/Core/AVR8/USBController_AVR8.o
 .debug_aranges
                0x000002c0       0x38 src/LUFA/LUFA/Drivers/USB/Core/AVR8/USBInterrupt_AVR8.o
 .debug_aranges
                0x000002f8       0x20 src/LUFA/LUFA/Drivers/USB/Core/DeviceStandardReq.o
 .debug_aranges
                0x00000318       0x20 src/LUFA/LUFA/Drivers/USB/Core/Events.o
 .debug_aranges
                0x00000338       0x20 src/LUFA/LUFA/Drivers/USB/Core/USBTask.o

.debug_pubnames
 *(.debug_pubnames)

.debug_info     0x00000000     0x6444
 *(.debug_info .gnu.linkonce.wi.*)
 .debug_info    0x00000000      0x244 BootloaderAPI.o
 .debug_info    0x00000244       0x7e BootloaderAPITable.o
 .debug_info    0x000002c2      0x681 BootloaderMassStorage.o
 .debug_info    0x00000943      0x57a Descriptors.o
 .debug_info    0x00000ebd      0xb26 Lib/SCSI.o
 .debug_info    0x000019e3      0xd49 Lib/VirtualFAT.o
 .debug_info    0x0000272c      0x958 src/LUFA/LUFA/Drivers/USB/Class/Device/MassStorageClassDevice.o
 .debug_info    0x00003084     0x17b4 src/LUFA/LUFA/Drivers/USB/Core/AVR8/EndpointStream_AVR8.o
 .debug_info    0x00004838      0x58a src/LUFA/LUFA/Drivers/USB/Core/AVR8/Endpoint_AVR8.o
 .debug_info    0x00004dc2      0x4a2 src/LUFA/LUFA/Drivers/USB/Core/AVR8/USBController_AVR8.o
 .debug_info    0x00005264      0x752 src/LUFA/LUFA/Drivers/USB/Core/AVR8/USBInterrupt_AVR8.o
 .debug_info    0x000059b6      0x7ba src/LUFA/LUFA/Drivers/USB/Core/DeviceStandardReq.o
 .debug_info    0x00006170       0x7c src/LUFA/LUFA/Drivers/USB/Core/Events.o
 .debug_info    0x000061ec      0x258 src/LUFA/LUFA/Drivers/USB/Core/USBTask.o

.debug_abbrev   0x00000000     0x18ea
 *(.debug_abbrev)
 .debug_abbrev  0x00000000       0xbe BootloaderAPI.o
 .debug_abbrev  0x000000be       0x12 BootloaderAPITable.o
 .debug_abbrev  0x000000d0      0x2c5 BootloaderMassStorage.o
 .debug_abbrev  0x00000395      0x127 Descriptors.o
 .debug_abbrev  0x000004bc      0x2ce Lib/SCSI.o
 .debug_abbrev  0x0000078a      0x2a7 Lib/VirtualFAT.o
 .debug_abbrev  0x00000a31      0x297 src/LUFA/LUFA/Drivers/USB/Class/Device/MassStorageClassDevice.o
 .debug_abbrev  0x00000cc8      0x200 src/LUFA/LUFA/Drivers/USB/Core/AVR8/EndpointStream_AVR8.o
 .debug_abbrev  0x00000ec8      0x231 src/LUFA/LUFA/Drivers/USB/Core/AVR8/Endpoint_AVR8.o
 .debug_abbrev  0x000010f9      0x18b src/LUFA/LUFA/Drivers/USB/Core/AVR8/USBController_AVR8.o
 .debug_abbrev  0x00001284      0x23a src/LUFA/LUFA/Drivers/USB/Core/AVR8/USBInterrupt_AVR8.o
 .debug_abbrev  0x000014be      0x27a src/LUFA/LUFA/Drivers/USB/Core/DeviceStandardReq.o
 .debug_abbrev  0x00001738       0x47 src/LUFA/LUFA/Drivers/USB/Core/Events.o
 .debug_abbrev  0x0000177f      0x16b src/LUFA/LUFA/Drivers/USB/Core/USBTask.o

.debug_line     0x00000000     0xa5c3
 *(.debug_line .debug_line.* .debug_line_end)
 .debug_line    0x00000000      0x579 BootloaderAPI.o
 .debug_line    0x00000579       0xdc BootloaderAPITable.o
 .debug_line    0x00000655      0xf47 BootloaderMassStorage.o
 .debug_line    0x0000159c      0xcc6 Descriptors.o
 .debug_line    0x00002262      0xf18 Lib/SCSI.o
 .debug_line    0x0000317a      0xe8e Lib/VirtualFAT.o
 .debug_line    0x00004008     0x10d7 src/LUFA/LUFA/Drivers/USB/Class/Device/MassStorageClassDevice.o
 .debug_line    0x000050df     0x1e83 src/LUFA/LUFA/Drivers/USB/Core/AVR8/EndpointStream_AVR8.o
 .debug_line    0x00006f62      0xbc2 src/LUFA/LUFA/Drivers/USB/Core/AVR8/Endpoint_AVR8.o
 .debug_line    0x00007b24      0x8dd src/LUFA/LUFA/Drivers/USB/Core/AVR8/USBController_AVR8.o
 .debug_line    0x00008401      0xb55 src/LUFA/LUFA/Drivers/USB/Core/AVR8/USBInterrupt_AVR8.o
 .debug_line    0x00008f56      0x9d7 src/LUFA/LUFA/Drivers/USB/Core/DeviceStandardReq.o
 .debug_line    0x0000992d      0x48b src/LUFA/LUFA/Drivers/USB/Core/Events.o
 .debug_line    0x00009db8      0x80b src/LUFA/LUFA/Drivers/USB/Core/USBTask.o

.debug_frame    0x00000000      0xbac
 *(.debug_frame)
 .debug_frame   0x00000000       0x84 BootloaderAPI.o
 .debug_frame   0x00000084       0xa0 BootloaderMassStorage.o
 .debug_frame   0x00000124       0x24 Descriptors.o
 .debug_frame   0x00000148       0x84 Lib/SCSI.o
 .debug_frame   0x000001cc       0xf8 Lib/VirtualFAT.o
 .debug_frame   0x000002c4       0x80 src/LUFA/LUFA/Drivers/USB/Class/Device/MassStorageClassDevice.o
 .debug_frame   0x00000344      0x5c4 src/LUFA/LUFA/Drivers/USB/Core/AVR8/EndpointStream_AVR8.o
 .debug_frame   0x00000908       0xbc src/LUFA/LUFA/Drivers/USB/Core/AVR8/Endpoint_AVR8.o
 .debug_frame   0x000009c4       0x58 src/LUFA/LUFA/Drivers/USB/Core/AVR8/USBController_AVR8.o
 .debug_frame   0x00000a1c      0x100 src/LUFA/LUFA/Drivers/USB/Core/AVR8/USBInterrupt_AVR8.o
 .debug_frame   0x00000b1c       0x40 src/LUFA/LUFA/Drivers/USB/Core/DeviceStandardReq.o
 .debug_frame   0x00000b5c       0x24 src/LUFA/LUFA/Drivers/USB/Core/Events.o
 .debug_frame   0x00000b80       0x2c src/LUFA/LUFA/Drivers/USB/Core/USBTask.o

.debug_str      0x00000000    0x17321
 *(.debug_str)
 .debug_str     0x00000000     0xd027 BootloaderAPI.o
                               0xd270 (size before relaxing)
 .debug_str     0x0000d027     0x7e06 BootloaderMassStorage.o
                              0x14fe5 (size before relaxing)
 .debug_str     0x00014e2d      0x5bc Descriptors.o
                              0x1449a (size before relaxing)
 .debug_str     0x000153e9      0x34d Lib/SCSI.o
                              0x14e59 (size before relaxing)
 .debug_str     0x00015736      0x520 Lib/VirtualFAT.o
                              0x1480a (size before relaxing)
 .debug_str     0x00015c56      0x44a src/LUFA/LUFA/Drivers/USB/Class/Device/MassStorageClassDevice.o
                              0x1444e (size before relaxing)
 .debug_str     0x000160a0      0x8cb src/LUFA/LUFA/Drivers/USB/Core/AVR8/EndpointStream_AVR8.o
                               0xea02 (size before relaxing)
 .debug_str     0x0001696b      0x24c src/LUFA/LUFA/Drivers/USB/Core/AVR8/Endpoint_AVR8.o
                               0xe08e (size before relaxing)
 .debug_str     0x00016bb7      0x25a src/LUFA/LUFA/Drivers/USB/Core/AVR8/USBController_AVR8.o
                               0xdfd2 (size before relaxing)
 .debug_str     0x00016e11      0x178 src/LUFA/LUFA/Drivers/USB/Core/AVR8/USBInterrupt_AVR8.o
                               0xe051 (size before relaxing)
 .debug_str     0x00016f89      0x2e3 src/LUFA/LUFA/Drivers/USB/Core/DeviceStandardReq.o
                               0xe21b (size before relaxing)
 .debug_str     0x0001726c       0x53 src/LUFA/LUFA/Drivers/USB/Core/Events.o
                               0xd210 (size before relaxing)
 .debug_str     0x000172bf       0x62 src/LUFA/LUFA/Drivers/USB/Core/USBTask.o
                               0xde30 (size before relaxing)

.debug_loc      0x00000000     0x45d6
 *(.debug_loc)
 .debug_loc     0x00000000       0x92 BootloaderAPI.o
 .debug_loc     0x00000092       0xa2 BootloaderMassStorage.o
 .debug_loc     0x00000134       0xaa Descriptors.o
 .debug_loc     0x000001de      0x5cc Lib/SCSI.o
 .debug_loc     0x000007aa      0x9db Lib/VirtualFAT.o
 .debug_loc     0x00001185      0x2cd src/LUFA/LUFA/Drivers/USB/Class/Device/MassStorageClassDevice.o
 .debug_loc     0x00001452     0x2708 src/LUFA/LUFA/Drivers/USB/Core/AVR8/EndpointStream_AVR8.o
 .debug_loc     0x00003b5a      0x433 src/LUFA/LUFA/Drivers/USB/Core/AVR8/Endpoint_AVR8.o
 .debug_loc     0x00003f8d       0x49 src/LUFA/LUFA/Drivers/USB/Core/AVR8/USBController_AVR8.o
 .debug_loc     0x00003fd6      0x36f src/LUFA/LUFA/Drivers/USB/Core/AVR8/USBInterrupt_AVR8.o
 .debug_loc     0x00004345      0x248 src/LUFA/LUFA/Drivers/USB/Core/DeviceStandardReq.o
 .debug_loc     0x0000458d       0x49 src/LUFA/LUFA/Drivers/USB/Core/USBTask.o

.debug_macinfo
 *(.debug_macinfo)

.debug_weaknames
 *(.debug_weaknames)

.debug_funcnames
 *(.debug_funcnames)

.debug_typenames
 *(.debug_typenames)

.debug_varnames
 *(.debug_varnames)

.debug_pubtypes
 *(.debug_pubtypes)

.debug_ranges   0x00000000      0xc98
 *(.debug_ranges)
 .debug_ranges  0x00000000       0x40 BootloaderAPI.o
 .debug_ranges  0x00000040       0x20 BootloaderAPITable.o
 .debug_ranges  0x00000060       0x48 BootloaderMassStorage.o
 .debug_ranges  0x000000a8       0x10 Descriptors.o
 .debug_ranges  0x000000b8       0x30 Lib/SCSI.o
 .debug_ranges  0x000000e8       0x60 Lib/VirtualFAT.o
 .debug_ranges  0x00000148       0x50 src/LUFA/LUFA/Drivers/USB/Class/Device/MassStorageClassDevice.o
 .debug_ranges  0x00000198      0x918 src/LUFA/LUFA/Drivers/USB/Core/AVR8/EndpointStream_AVR8.o
 .debug_ranges  0x00000ab0      0x128 src/LUFA/LUFA/Drivers/USB/Core/AVR8/Endpoint_AVR8.o
 .debug_ranges  0x00000bd8       0x20 src/LUFA/LUFA/Drivers/USB/Core/AVR8/USBController_AVR8.o
 .debug_ranges  0x00000bf8       0x40 src/LUFA/LUFA/Drivers/USB/Core/AVR8/USBInterrupt_AVR8.o
 .debug_ranges  0x00000c38       0x40 src/LUFA/LUFA/Drivers/USB/Core/DeviceStandardReq.o
 .debug_ranges  0x00000c78       0x10 src/LUFA/LUFA/Drivers/USB/Core/Events.o
 .debug_ranges  0x00000c88       0x10 src/LUFA/LUFA/Drivers/USB/Core/USBTask.o

.debug_macro    0x00000000     0x7cbb
 *(.debug_macro)
 .debug_macro   0x00000000      0x188 BootloaderAPI.o
 .debug_macro   0x00000188      0xa96 BootloaderAPI.o
 .debug_macro   0x00000c1e       0x10 BootloaderAPI.o
 .debug_macro   0x00000c2e      0x1ad BootloaderAPI.o
 .debug_macro   0x00000ddb      0x293 BootloaderAPI.o
 .debug_macro   0x0000106e       0x9e BootloaderAPI.o
 .debug_macro   0x0000110c     0x15d3 BootloaderAPI.o
 .debug_macro   0x000026df      0x106 BootloaderAPI.o
 .debug_macro   0x000027e5      0x1e0 BootloaderAPI.o
 .debug_macro   0x000029c5       0xcb BootloaderAPI.o
 .debug_macro   0x00002a90       0x34 BootloaderAPI.o
 .debug_macro   0x00002ac4       0x18 BootloaderAPI.o
 .debug_macro   0x00002adc       0x6c BootloaderAPI.o
 .debug_macro   0x00002b48      0x166 BootloaderAPI.o
 .debug_macro   0x00002cae       0x39 BootloaderAPI.o
 .debug_macro   0x00002ce7      0x10c BootloaderAPI.o
 .debug_macro   0x00002df3      0x160 BootloaderAPI.o
 .debug_macro   0x00002f53       0x22 BootloaderAPI.o
 .debug_macro   0x00002f75       0x10 BootloaderAPI.o
 .debug_macro   0x00002f85       0x16 BootloaderAPI.o
 .debug_macro   0x00002f9b       0x35 BootloaderAPI.o
 .debug_macro   0x00002fd0       0x10 BootloaderAPI.o
 .debug_macro   0x00002fe0       0x22 BootloaderAPI.o
 .debug_macro   0x00003002      0x1a0 BootloaderAPI.o
 .debug_macro   0x000031a2       0x36 BootloaderAPI.o
 .debug_macro   0x000031d8       0x1c BootloaderAPI.o
 .debug_macro   0x000031f4       0x68 BootloaderAPI.o
 .debug_macro   0x0000325c       0x52 BootloaderAPI.o
 .debug_macro   0x000032ae       0x69 BootloaderAPI.o
 .debug_macro   0x00003317       0x10 BootloaderAPI.o
 .debug_macro   0x00003327      0x175 BootloaderAPI.o
 .debug_macro   0x0000349c      0x160 BootloaderAPI.o
 .debug_macro   0x000035fc       0x10 BootloaderAPI.o
 .debug_macro   0x0000360c       0x1c BootloaderAPI.o
 .debug_macro   0x00003628       0x86 BootloaderAPI.o
 .debug_macro   0x000036ae       0x3c BootloaderAPI.o
 .debug_macro   0x000036ea      0x4da BootloaderMassStorage.o
 .debug_macro   0x00003bc4       0x68 BootloaderMassStorage.o
 .debug_macro   0x00003c2c       0x9d BootloaderMassStorage.o
 .debug_macro   0x00003cc9       0x97 BootloaderMassStorage.o
 .debug_macro   0x00003d60       0x16 BootloaderMassStorage.o
 .debug_macro   0x00003d76       0x12 BootloaderMassStorage.o
 .debug_macro   0x00003d88       0x12 BootloaderMassStorage.o
 .debug_macro   0x00003d9a       0xef BootloaderMassStorage.o
 .debug_macro   0x00003e89       0x2f BootloaderMassStorage.o
 .debug_macro   0x00003eb8       0x33 BootloaderMassStorage.o
 .debug_macro   0x00003eeb       0x19 BootloaderMassStorage.o
 .debug_macro   0x00003f04       0x4d BootloaderMassStorage.o
 .debug_macro   0x00003f51       0x73 BootloaderMassStorage.o
 .debug_macro   0x00003fc4       0x16 BootloaderMassStorage.o
 .debug_macro   0x00003fda       0x12 BootloaderMassStorage.o
 .debug_macro   0x00003fec       0x25 BootloaderMassStorage.o
 .debug_macro   0x00004011       0x64 BootloaderMassStorage.o
 .debug_macro   0x00004075       0x41 BootloaderMassStorage.o
 .debug_macro   0x000040b6       0x12 BootloaderMassStorage.o
 .debug_macro   0x000040c8       0x10 BootloaderMassStorage.o
 .debug_macro   0x000040d8       0x1c BootloaderMassStorage.o
 .debug_macro   0x000040f4       0x16 BootloaderMassStorage.o
 .debug_macro   0x0000410a       0x16 BootloaderMassStorage.o
 .debug_macro   0x00004120      0x12c BootloaderMassStorage.o
 .debug_macro   0x0000424c       0x16 BootloaderMassStorage.o
 .debug_macro   0x00004262       0x46 BootloaderMassStorage.o
 .debug_macro   0x000042a8       0x58 BootloaderMassStorage.o
 .debug_macro   0x00004300       0x10 BootloaderMassStorage.o
 .debug_macro   0x00004310       0xeb BootloaderMassStorage.o
 .debug_macro   0x000043fb       0x16 BootloaderMassStorage.o
 .debug_macro   0x00004411      0x154 BootloaderMassStorage.o
 .debug_macro   0x00004565       0x2a BootloaderMassStorage.o
 .debug_macro   0x0000458f      0x6ce BootloaderMassStorage.o
 .debug_macro   0x00004c5d       0x16 BootloaderMassStorage.o
 .debug_macro   0x00004c73      0x132 BootloaderMassStorage.o
 .debug_macro   0x00004da5       0x16 BootloaderMassStorage.o
 .debug_macro   0x00004dbb       0x10 BootloaderMassStorage.o
 .debug_macro   0x00004dcb       0x6c BootloaderMassStorage.o
 .debug_macro   0x00004e37       0x16 BootloaderMassStorage.o
 .debug_macro   0x00004e4d       0x1c BootloaderMassStorage.o
 .debug_macro   0x00004e69       0x16 BootloaderMassStorage.o
 .debug_macro   0x00004e7f       0x10 BootloaderMassStorage.o
 .debug_macro   0x00004e8f      0x1be BootloaderMassStorage.o
 .debug_macro   0x0000504d       0x16 BootloaderMassStorage.o
 .debug_macro   0x00005063       0x16 BootloaderMassStorage.o
 .debug_macro   0x00005079       0x84 BootloaderMassStorage.o
 .debug_macro   0x000050fd       0x1c BootloaderMassStorage.o
 .debug_macro   0x00005119       0x22 BootloaderMassStorage.o
 .debug_macro   0x0000513b       0x2e BootloaderMassStorage.o
 .debug_macro   0x00005169      0x45a Descriptors.o
 .debug_macro   0x000055c3       0x89 Descriptors.o
 .debug_macro   0x0000564c       0xaa Descriptors.o
 .debug_macro   0x000056f6      0x181 Descriptors.o
 .debug_macro   0x00005877       0x20 Descriptors.o
 .debug_macro   0x00005897      0x4c9 Lib/SCSI.o
 .debug_macro   0x00005d60      0x465 Lib/VirtualFAT.o
 .debug_macro   0x000061c5      0x459 src/LUFA/LUFA/Drivers/USB/Class/Device/MassStorageClassDevice.o
 .debug_macro   0x0000661e      0x12c src/LUFA/LUFA/Drivers/USB/Class/Device/MassStorageClassDevice.o
 .debug_macro   0x0000674a      0x61b src/LUFA/LUFA/Drivers/USB/Core/AVR8/EndpointStream_AVR8.o
 .debug_macro   0x00006d65       0x28 src/LUFA/LUFA/Drivers/USB/Core/AVR8/EndpointStream_AVR8.o
 .debug_macro   0x00006d8d       0x1c src/LUFA/LUFA/Drivers/USB/Core/AVR8/EndpointStream_AVR8.o
 .debug_macro   0x00006da9       0x1c src/LUFA/LUFA/Drivers/USB/Core/AVR8/EndpointStream_AVR8.o
 .debug_macro   0x00006dc5      0x2b2 src/LUFA/LUFA/Drivers/USB/Core/AVR8/Endpoint_AVR8.o
 .debug_macro   0x00007077       0x10 src/LUFA/LUFA/Drivers/USB/Core/AVR8/Endpoint_AVR8.o
 .debug_macro   0x00007087      0x284 src/LUFA/LUFA/Drivers/USB/Core/AVR8/USBController_AVR8.o
 .debug_macro   0x0000730b       0x79 src/LUFA/LUFA/Drivers/USB/Core/AVR8/USBController_AVR8.o
 .debug_macro   0x00007384      0x28c src/LUFA/LUFA/Drivers/USB/Core/AVR8/USBInterrupt_AVR8.o
 .debug_macro   0x00007610      0x28a src/LUFA/LUFA/Drivers/USB/Core/DeviceStandardReq.o
 .debug_macro   0x0000789a      0x191 src/LUFA/LUFA/Drivers/USB/Core/Events.o
 .debug_macro   0x00007a2b      0x290 src/LUFA/LUFA/Drivers/USB/Core/USBTask.o
OUTPUT(Bootloader.elf elf32-avr)
LOAD linker stubs

.apitable_jumptable
                0x0001ffe0       0x18
 .apitable_jumptable
                0x0001ffe0       0x18 BootloaderAPITable.o
                0x0001ffe0                BootloaderAPI_JumpTable

.apitable_signatures
                0x0001fff8        0x8
 .apitable_signatures
                0x0001fff8        0x8 BootloaderAPITable.o
                0x0001fff8                BootloaderAPI_Signatures

.apitable_trampolines
                0x0001ffa0       0x26
 .apitable_trampolines
                0x0001ffa0       0x26 BootloaderAPITable.o
                0x0001ffa0                BootloaderAPI_Trampolines
